    Updating crates.io index
    Updating git repository `https://github.com/GaloisInc/ff`
 Downloading crates ...
  Downloaded mintex v0.1.4
  Downloaded rpmalloc v0.2.2
  Downloaded mimalloc v0.1.52
  Downloaded zstd v0.14.0
  Downloaded wasm-bindgen-shared v0.2.129
  Downloaded scopeguard v1.2.0
  Downloaded lz4 v1.28.1
  Downloaded rpmalloc-sys v0.2.3+b097fd0
  Downloaded rustc-demangle v0.1.28
  Downloaded lock_api v0.4.14
  Downloaded crossbeam v0.8.5
  Downloaded getrandom v0.3.4
  Downloaded redox_syscall v0.5.18
  Downloaded smallvec v1.16.2
  Downloaded arc-swap v1.9.2
  Downloaded moka v0.12.16
  Downloaded wasip2 v1.0.4+wasi-0.2.12
  Downloaded backtrace v0.3.76
  Downloaded miniz_oxide v0.8.9
  Downloaded ppv-lite86 v0.2.21
  Downloaded lz4-sys v1.11.1+lz4-1.10.0
  Downloaded twox-hash v2.1.4
  Downloaded windows_aarch64_gnullvm v0.52.6
  Downloaded uuid v1.26.1
  Downloaded addr2line v0.25.1
  Downloaded num-complex v0.2.4
  Downloaded bytes v1.12.1
  Downloaded dhat v0.3.3
  Downloaded rustc-hash v1.1.0
  Downloaded object v0.37.3
  Downloaded sprs v0.11.5
  Downloaded alga v0.9.3
  Downloaded wasi v0.11.1+wasi-snapshot-preview1
  Downloaded gimli v0.32.3
  Downloaded thousands v0.2.0
  Downloaded adler2 v2.0.1
  Downloaded bit-vec v0.8.0
  Downloaded rand_core v0.6.4
  Downloaded env_logger v0.11.11
  Downloaded spin v0.9.9
  Downloaded serde_spanned v1.1.1
  Downloaded slab v0.4.12
  Downloaded thiserror-impl v2.0.21
  Downloaded getrandom v0.4.3
  Downloaded wait-timeout v0.2.1
  Downloaded chacha20 v0.10.2
  Downloaded same-file v1.0.6
  Downloaded jiff-core v0.1.1
  Downloaded getrandom v0.2.17
  Downloaded crossbeam-queue v0.3.14
  Downloaded proptest v1.11.0
  Downloaded zeroize_derive v1.5.0
  Downloaded bufstream v0.1.4
  Downloaded wit-bindgen v0.57.1
  Downloaded is-terminal v0.4.17
  Downloaded lazy_static v1.5.1
  Downloaded unarray v0.1.4
  Downloaded windows-link v0.2.1
  Downloaded errno v0.3.14
  Downloaded snmalloc-rs v0.7.5
  Downloaded zmij v1.0.23
  Downloaded toml_parser v1.1.3+spec-1.1.0
  Downloaded cpufeatures v0.3.1
  Downloaded fnv v1.0.7
  Downloaded itoa v1.0.18
  Downloaded syn v2.0.119
  Downloaded bytemuck_derive v1.12.1
  Downloaded thiserror v2.0.21
  Downloaded find-msvc-tools v0.1.14
  Downloaded keccak v0.1.6
  Downloaded untrusted v0.9.0
  Downloaded humantime v2.4.0
  Downloaded jiff-static v0.2.37
  Downloaded defmt-parser v1.0.0
  Downloaded merlin v3.0.0
  Downloaded env_logger v0.10.2
  Downloaded cpubits v0.1.1
  Downloaded jemallocator v0.5.4
  Downloaded aes-gcm v0.11.1
  Downloaded autocfg v1.5.1
  Downloaded env_filter v2.0.0
  Downloaded arrayvec v0.7.8
  Downloaded approx v0.3.2
  Downloaded cfg-if v1.0.5
  Downloaded fastrand v2.5.0
  Downloaded futures-sink v0.3.34
  Downloaded winnow v1.0.4
  Downloaded keccak v0.2.2
  Downloaded pretty_env_logger v0.5.0
  Downloaded rustls-pemfile v2.2.0
  Downloaded rustls-pki-types v1.15.1
  Downloaded rand_xorshift v0.4.0
  Downloaded rustc_version v0.4.1
  Downloaded cpufeatures v0.2.17
  Downloaded equivalent v1.0.2
  Downloaded constant_time_eq v0.4.2
  Downloaded aead v0.6.1
  Downloaded clap_lex v1.1.1
  Downloaded defmt-macros v1.1.1
  Downloaded zeroize v1.9.0
  Downloaded toml_writer v1.1.2+spec-1.1.0
  Downloaded quick-error v1.2.3
  Downloaded universal-hash v0.6.1
  Downloaded bit-set v0.8.0
  Downloaded anstyle-parse v1.0.0
  Downloaded rustc-hash v2.1.3
  Downloaded ghash v0.6.0
  Downloaded ctr v0.10.1
  Downloaded merkle-cbt v0.3.2
  Downloaded sha1 v0.11.0
  Downloaded futures-core v0.3.34
  Downloaded subtle v2.6.1
  Downloaded anstyle v1.0.14
  Downloaded alloca v0.4.0
  Downloaded bitflags v1.3.2
  Downloaded polyval v0.7.3
  Downloaded rand_core v0.10.1
  Downloaded rand_core v0.9.5
  Downloaded strsim v0.11.1
  Downloaded sha3 v0.12.0
  Downloaded wasm-bindgen-macro v0.2.129
  Downloaded rustversion v1.0.23
  Downloaded winapi-util v0.1.11
  Downloaded futures-task v0.3.34
  Downloaded serde_core v1.0.229
  Downloaded aes v0.9.3
  Downloaded inout v0.2.2
  Downloaded crypto-common v0.2.2
  Downloaded block-buffer v0.12.1
  Downloaded heck v0.5.0
  Downloaded once_cell_polyfill v1.70.2
  Downloaded anstyle-query v1.1.5
  Downloaded num-complex v0.4.6
  Downloaded funty v2.0.0
  Downloaded semver v1.0.28
  Downloaded curve25519-dalek-derive v0.1.1
  Downloaded windows-targets v0.52.6
  Downloaded tagptr v0.2.0
  Downloaded httparse v1.10.1
  Downloaded http v1.5.0
  Downloaded data-encoding v2.11.1
  Downloaded zstd-safe v8.0.0
  Downloaded pkg-config v0.3.34
  Downloaded jobserver v0.1.35
  Downloaded quote v1.0.47
  Downloaded pin-project-lite v0.2.17
  Downloaded rusty-fork v0.3.1
  Downloaded r-efi v5.3.0
  Downloaded rand v0.9.5
  Downloaded prettyplease v0.3.0
  Downloaded bytemuck v1.25.2
  Downloaded cipher v0.5.2
  Downloaded walkdir v2.5.0
  Downloaded tinytemplate v1.2.1
  Downloaded crossbeam-utils v0.8.23
  Downloaded either v1.18.0
  Downloaded cast v0.3.0
  Downloaded anstream v1.0.0
  Downloaded utf8parse v0.2.2
  Downloaded anes v0.1.6
  Downloaded cmov v0.5.4
  Downloaded hermit-abi v0.5.3
  Downloaded wyz v0.5.1
  Downloaded sponge-cursor v0.1.0
  Downloaded shlex v2.0.1
  Downloaded unicode-ident v1.0.26
  Downloaded proc-macro2 v1.0.107
  Downloaded tempfile v3.27.0
  Downloaded rand_chacha v0.10.0
  Downloaded console_log v1.1.0
  Downloaded cc v1.5.1
  Downloaded serde_derive v1.0.229
  Downloaded oorandom v11.1.5
  Downloaded digest v0.11.3
  Downloaded toml_datetime v1.1.1+spec-1.1.0
  Downloaded bitflags v2.13.2
  Downloaded rand_chacha v0.9.0
  Downloaded num-traits v0.2.19
  Downloaded crossbeam-epoch v0.9.21
  Downloaded clap_derive v4.6.7
  Downloaded sha2 v0.11.0
  Downloaded rawpointer v0.2.1
  Downloaded radium v0.7.0
  Downloaded tungstenite v0.30.0
  Downloaded syn v3.0.6
  Downloaded once_cell v1.21.4
  Downloaded r-efi v6.0.0
  Downloaded js-sys v0.3.106
  Downloaded const-oid v0.10.2
  Downloaded num_cpus v1.17.0
  Downloaded flume v0.12.0
  Downloaded flatbuffers v25.12.19
  Downloaded wasm-bindgen-macro-support v0.2.129
  Downloaded serde v1.0.229
  Downloaded libm v0.2.16
  Downloaded portable-atomic-util v0.2.8
  Downloaded parking_lot v0.12.5
  Downloaded wasm-bindgen v0.2.129
  Downloaded memchr v2.8.3
  Downloaded quick-xml v0.42.0
  Downloaded num-bigint v0.3.3
  Downloaded log v0.4.34
  Downloaded termcolor v1.4.1
  Downloaded crossbeam-channel v0.5.17
  Downloaded bumpalo v3.20.3
  Downloaded rand v0.10.3
  Downloaded typenum v1.20.1
  Downloaded criterion v0.8.2
  Downloaded itertools v0.13.0
  Downloaded defmt v1.1.1
  Downloaded futures-util v0.3.34
  Downloaded serde_json v1.0.151
  Downloaded addchain v0.2.1
  Downloaded clap_builder v4.6.7
  Downloaded colorchoice v1.0.5
  Downloaded ciborium-io v0.2.2
  Downloaded hybrid-array v0.4.15
  Downloaded criterion-plot v0.8.2
  Downloaded ciborium v0.2.2
  Downloaded ciborium-ll v0.2.2
  Downloaded crunchy v0.2.4
  Downloaded byteorder v1.5.0
  Downloaded toml v1.1.6+spec-1.1.0
  Downloaded indexmap v2.14.2
  Downloaded crossbeam-deque v0.8.8
  Downloaded plotters-svg v0.3.7
  Downloaded anstyle-wincon v3.0.11
  Downloaded ctutils v0.4.2
  Downloaded bincode v1.3.3
  Downloaded hashbrown v0.17.1
  Downloaded plotters-backend v0.3.7
  Downloaded page_size v0.6.0
  Downloaded is_terminal_polyfill v1.70.2
  Downloaded portable-atomic v1.15.0
  Downloaded tap v1.0.1
  Downloaded ndarray v0.17.2
  Downloaded syn v1.0.109
  Downloaded parking_lot_core v0.9.12
  Downloaded itertools v0.15.0
  Downloaded zerocopy-derive v0.8.59
  Downloaded rayon-core v1.13.0
  Downloaded matrixmultiply v0.3.11
  Downloaded rustls-webpki v0.103.15
  Downloaded clap v4.6.7
  Downloaded num-integer v0.1.47
  Downloaded half v2.7.1
  Downloaded num-bigint v0.5.1
  Downloaded regex-syntax v0.8.11
  Downloaded aho-corasick v1.1.5
  Downloaded plotters v0.3.7
  Downloaded snmalloc-sys v0.7.5
  Downloaded rustix v1.1.5
  Downloaded regex v1.13.1
  Downloaded rayon v1.12.0
  Downloaded blake3 v1.8.7
  Downloaded zerocopy v0.8.59
  Downloaded crypto-bigint v0.7.5
  Downloaded console_error_panic_hook v0.1.7
  Downloaded bitvec v1.1.1
  Downloaded shake v0.1.0
  Downloaded libmimalloc-sys v0.1.49
  Downloaded curve25519-dalek v5.0.0
  Downloaded rustls v0.23.45
  Downloaded windows_i686_gnullvm v0.52.6
  Downloaded windows_x86_64_gnullvm v0.52.6
  Downloaded regex-automata v0.4.18
  Downloaded zstd-sys v2.1.0+zstd.1.5.7
  Downloaded fiat-crypto v0.3.0
  Downloaded libc v0.2.189
  Downloaded jiff v0.2.37
  Downloaded web-sys v0.3.106
  Downloaded windows_i686_msvc v0.52.6
  Downloaded windows_x86_64_msvc v0.52.6
  Downloaded windows_aarch64_msvc v0.52.6
  Downloaded windows_i686_gnu v0.52.6
  Downloaded jemalloc-sys v0.5.4+5.3.0-patched
  Downloaded windows_x86_64_gnu v0.52.6
  Downloaded winapi v0.3.9
  Downloaded ring v0.17.14
  Downloaded windows-sys v0.52.0
  Downloaded winapi-i686-pc-windows-gnu v0.4.0
  Downloaded windows-sys v0.61.2
  Downloaded winapi-x86_64-pc-windows-gnu v0.4.0
  Downloaded linux-raw-sys v0.12.1
