    Updating git repository `https://github.com/GaloisInc/daedalus`
    Updating crates.io index
 Downloading crates ...
  Downloaded crypto-common v0.1.7
  Downloaded generic-array v0.14.7
  Downloaded sha2 v0.10.9
  Downloaded digest v0.10.7
  Downloaded typenum v1.20.1
  Downloaded shlex v2.0.1
  Downloaded find-msvc-tools v0.1.9
  Downloaded serde_derive v1.0.228
  Downloaded hax-lib-macros v0.3.7
  Downloaded uuid v1.27.0
  Downloaded libcrux-macros v0.0.3
  Downloaded wasm-bindgen-shared v0.2.126
  Downloaded futures-task v0.3.32
  Downloaded futures-core v0.3.32
  Downloaded rustc-hash v2.1.3
  Downloaded cfg-if v1.0.4
  Downloaded proc-macro-error-attr2 v2.0.0
  Downloaded windows-link v0.2.1
  Downloaded version_check v0.9.5
  Downloaded block-buffer v0.10.4
  Downloaded wasm-bindgen-macro v0.2.126
  Downloaded itoa v1.0.18
  Downloaded libcrux-sha2 v0.0.8
  Downloaded wasm-bindgen v0.2.126
  Downloaded hax-lib-macros-types v0.3.7
  Downloaded num-integer v0.1.46
  Downloaded pin-project-lite v0.2.17
  Downloaded shlex v1.3.0
  Downloaded zmij v1.0.21
  Downloaded quote v1.0.46
  Downloaded autocfg v1.5.1
  Downloaded libcrux-secrets v0.0.6
  Downloaded pkg-config v0.3.33
  Downloaded either v1.17.0
  Downloaded libcrux-traits v0.0.8
  Downloaded cpufeatures v0.2.17
  Downloaded rand_core v0.10.1
  Downloaded rustversion v1.0.23
  Downloaded proc-macro-error2 v2.0.1
  Downloaded slab v0.4.12
  Downloaded libloading v0.8.9
  Downloaded cexpr v0.6.0
  Downloaded libcrux-hacl-rs v0.0.5
  Downloaded clang-sys v1.9.1
  Downloaded glob v0.3.4
  Downloaded libcrux-ed25519 v0.0.9
  Downloaded once_cell v1.21.4
  Downloaded r-efi v6.0.0
  Downloaded crabgrind v0.2.6
  Downloaded num-traits v0.2.19
  Downloaded log v0.4.33
  Downloaded unicode-ident v1.0.24
  Downloaded serde_core v1.0.228
  Downloaded proc-macro2 v1.0.106
  Downloaded bitflags v2.13.0
  Downloaded serde v1.0.228
  Downloaded prettyplease v0.2.37
  Downloaded wasm-bindgen-macro-support v0.2.126
  Downloaded minimal-lexical v0.2.1
  Downloaded getrandom v0.4.3
  Downloaded cc v1.4.0
  Downloaded bumpalo v3.20.3
  Downloaded memchr v2.8.2
  Downloaded rand v0.10.2
  Downloaded nom v7.1.3
  Downloaded num-bigint v0.4.8
  Downloaded js-sys v0.3.103
  Downloaded itertools v0.13.0
  Downloaded regex v1.13.1
  Downloaded serde_json v1.0.150
  Downloaded futures-util v0.3.32
  Downloaded aho-corasick v1.1.5
  Downloaded bindgen v0.72.1
  Downloaded hax-lib v0.3.7
  Downloaded syn v2.0.118
  Downloaded regex-syntax v0.8.11
  Downloaded regex-automata v0.4.18
  Downloaded libc v0.2.186
