2026-10-09T12:43:26.9981734Z ##[group]Run cargo install cargo-audit --locked --version 0.22.2
2026-10-09T12:43:26.9982263Z [36;1mcargo install cargo-audit --locked --version 0.22.2[0m
2026-10-09T12:43:26.9982653Z [36;1mcargo audit --file Cargo.lock && rc=0 || rc=$?[0m
2026-10-09T12:43:26.9983060Z [36;1mecho "cargo audit exited $rc (gate 2 records, it does not block)"[0m
2026-10-09T12:43:27.0045417Z shell: /usr/bin/bash -e {0}
2026-10-09T12:43:27.0045662Z env:
2026-10-09T12:43:27.0045866Z   CARGO_HOME: /home/runner/.cargo
2026-10-09T12:43:27.0046329Z   CARGO_INCREMENTAL: 0
2026-10-09T12:43:27.0046556Z   CARGO_TERM_COLOR: always
2026-10-09T12:43:27.0046783Z ##[endgroup]
2026-10-09T12:43:27.0541643Z [1m[92m    Updating[0m crates.io index
2026-10-09T12:43:27.0985333Z [1m[92m Downloading[0m crates ...
2026-10-09T12:43:27.3862527Z [1m[92m  Downloaded[0m cargo-audit v0.22.2
2026-10-09T12:43:27.4177208Z [1m[92m  Installing[0m cargo-audit v0.22.2
2026-10-09T12:43:27.4178537Z [1m[33mwarning[0m: default toolchain implicitly overridden with `1.98.1-x86_64-unknown-linux-gnu` by rustup toolchain file
2026-10-09T12:43:27.4179510Z   [1m[94m|[0m
2026-10-09T12:43:27.4180254Z   [1m[94m= [0m[1mhelp[0m: use `cargo +stable install` if you meant to use the stable toolchain
2026-10-09T12:43:27.4181471Z   [1m[94m= [0m[1mnote[0m: rustup selects the toolchain based on the parent environment and not the environment of the package being installed
2026-10-09T12:43:27.4240968Z [1m[92m    Updating[0m crates.io index
2026-10-09T12:43:27.8474961Z [1m[92m    Updating[0m crates.io index
2026-10-09T12:43:28.0304405Z [1m[92m Downloading[0m crates ...
2026-10-09T12:43:28.0502204Z [1m[92m  Downloaded[0m adler2 v2.0.1
2026-10-09T12:43:28.0515696Z [1m[92m  Downloaded[0m abscissa_derive v0.9.0
2026-10-09T12:43:28.0566722Z [1m[92m  Downloaded[0m abscissa_core v0.9.0
2026-10-09T12:43:28.0611362Z [1m[92m  Downloaded[0m addr2line v0.25.1
2026-10-09T12:43:28.0638533Z [1m[92m  Downloaded[0m aho-corasick v1.1.4
2026-10-09T12:43:28.0695817Z [1m[92m  Downloaded[0m cfg_aliases v0.2.1
2026-10-09T12:43:28.0747545Z [1m[92m  Downloaded[0m autocfg v1.5.0
2026-10-09T12:43:28.0776435Z [1m[92m  Downloaded[0m clap_builder v4.6.0
2026-10-09T12:43:28.0857259Z [1m[92m  Downloaded[0m futures-channel v0.3.32
2026-10-09T12:43:28.0881332Z [1m[92m  Downloaded[0m crossbeam-utils v0.8.21
2026-10-09T12:43:28.0913639Z [1m[92m  Downloaded[0m gix-quote v0.7.2
2026-10-09T12:43:28.0926039Z [1m[92m  Downloaded[0m gix-utils v0.3.3
2026-10-09T12:43:28.0939686Z [1m[92m  Downloaded[0m bytes v1.11.1
2026-10-09T12:43:28.0992900Z [1m[92m  Downloaded[0m clap_lex v1.1.0
2026-10-09T12:43:28.1007347Z [1m[92m  Downloaded[0m fnv v1.0.7
2026-10-09T12:43:28.1019434Z [1m[92m  Downloaded[0m futures-task v0.3.32
2026-10-09T12:43:28.1035965Z [1m[92m  Downloaded[0m gix-chunk v0.7.2
2026-10-09T12:43:28.1050371Z [1m[92m  Downloaded[0m binfarce v0.2.1
2026-10-09T12:43:28.1070881Z [1m[92m  Downloaded[0m bitflags v2.11.1
2026-10-09T12:43:28.1129790Z [1m[92m  Downloaded[0m byteorder v1.5.0
2026-10-09T12:43:28.1150953Z [1m[92m  Downloaded[0m fastrand v2.4.1
2026-10-09T12:43:28.1171256Z [1m[92m  Downloaded[0m futures-io v0.3.32
2026-10-09T12:43:28.1186761Z [1m[92m  Downloaded[0m futures-sink v0.3.32
2026-10-09T12:43:28.1197842Z [1m[92m  Downloaded[0m heck v0.5.0
2026-10-09T12:43:28.1218048Z [1m[92m  Downloaded[0m home v0.5.12
2026-10-09T12:43:28.1229886Z [1m[92m  Downloaded[0m gix-refspec v0.42.0
2026-10-09T12:43:28.1251529Z [1m[92m  Downloaded[0m colorchoice v1.0.5
2026-10-09T12:43:28.1264380Z [1m[92m  Downloaded[0m compression-codecs v0.4.38
2026-10-09T12:43:28.1319459Z [1m[92m  Downloaded[0m crossbeam-epoch v0.9.18
2026-10-09T12:43:28.1351023Z [1m[92m  Downloaded[0m form_urlencoded v1.2.2
2026-10-09T12:43:28.1363822Z [1m[92m  Downloaded[0m canonical-path v2.0.2
2026-10-09T12:43:28.1373617Z [1m[92m  Downloaded[0m compression-core v0.4.32
2026-10-09T12:43:28.1388566Z [1m[92m  Downloaded[0m faster-hex v0.10.0
2026-10-09T12:43:28.1408799Z [1m[92m  Downloaded[0m gix-ignore v0.21.1
2026-10-09T12:43:28.1424550Z [1m[92m  Downloaded[0m gix-revision v0.46.0
2026-10-09T12:43:28.1449024Z [1m[92m  Downloaded[0m gix-trace v0.1.20
2026-10-09T12:43:28.1462860Z [1m[92m  Downloaded[0m hash32 v0.3.1
2026-10-09T12:43:28.1481934Z [1m[92m  Downloaded[0m crossbeam-deque v0.8.6
2026-10-09T12:43:28.1504340Z [1m[92m  Downloaded[0m equivalent v1.0.2
2026-10-09T12:43:28.1523914Z [1m[92m  Downloaded[0m gix-bitmap v0.3.2
2026-10-09T12:43:28.1534284Z [1m[92m  Downloaded[0m is_terminal_polyfill v1.70.2
2026-10-09T12:43:28.1546681Z [1m[92m  Downloaded[0m atomic-waker v1.1.2
2026-10-09T12:43:28.1560905Z [1m[92m  Downloaded[0m auditable-extract v0.3.5
2026-10-09T12:43:28.1569337Z [1m[92m  Downloaded[0m anstyle-query v1.1.5
2026-10-09T12:43:28.1584284Z [1m[92m  Downloaded[0m errno v0.3.14
2026-10-09T12:43:28.1604617Z [1m[92m  Downloaded[0m getrandom v0.4.2
2026-10-09T12:43:28.1648899Z [1m[92m  Downloaded[0m gix-config-value v0.18.1
2026-10-09T12:43:28.1661834Z [1m[92m  Downloaded[0m gix-glob v0.26.1
2026-10-09T12:43:28.1675681Z [1m[92m  Downloaded[0m clru v0.6.3
2026-10-09T12:43:28.1688663Z [1m[92m  Downloaded[0m fixedbitset v0.5.7
2026-10-09T12:43:28.1707536Z [1m[92m  Downloaded[0m foldhash v0.1.5
2026-10-09T12:43:28.1720010Z [1m[92m  Downloaded[0m gix-hash v0.25.1
2026-10-09T12:43:28.1734600Z [1m[92m  Downloaded[0m gix-hashtable v0.15.1
2026-10-09T12:43:28.1744364Z [1m[92m  Downloaded[0m gix-validate v0.11.2
2026-10-09T12:43:28.1755700Z [1m[92m  Downloaded[0m gix-worktree v0.53.0
2026-10-09T12:43:28.1771386Z [1m[92m  Downloaded[0m http-body v1.0.1
2026-10-09T12:43:28.1781447Z [1m[92m  Downloaded[0m http-body-util v0.1.3
2026-10-09T12:43:28.1799538Z [1m[92m  Downloaded[0m backtrace v0.3.76
2026-10-09T12:43:28.1851320Z [1m[92m  Downloaded[0m auditable-info v0.10.0
2026-10-09T12:43:28.1860025Z [1m[92m  Downloaded[0m anstyle v1.0.14
2026-10-09T12:43:28.1874508Z [1m[92m  Downloaded[0m auditable-serde v0.9.0
2026-10-09T12:43:28.1882934Z [1m[92m  Downloaded[0m camino v1.2.2
2026-10-09T12:43:28.1902957Z [1m[92m  Downloaded[0m cmake v0.1.58
2026-10-09T12:43:28.1916591Z [1m[92m  Downloaded[0m deranged v0.5.8
2026-10-09T12:43:28.1930621Z [1m[92m  Downloaded[0m displaydoc v0.2.5
2026-10-09T12:43:28.1961677Z [1m[92m  Downloaded[0m dunce v1.0.5
2026-10-09T12:43:28.1974835Z [1m[92m  Downloaded[0m futures-core v0.3.32
2026-10-09T12:43:28.1995300Z [1m[92m  Downloaded[0m gix-command v0.9.1
2026-10-09T12:43:28.2008992Z [1m[92m  Downloaded[0m display-error-chain v0.2.2
2026-10-09T12:43:28.2026706Z [1m[92m  Downloaded[0m either v1.15.0
2026-10-09T12:43:28.2044991Z [1m[92m  Downloaded[0m filetime v0.2.28
2026-10-09T12:43:28.2062569Z [1m[92m  Downloaded[0m find-msvc-tools v0.1.9
2026-10-09T12:43:28.2078832Z [1m[92m  Downloaded[0m fs-err v3.3.0
2026-10-09T12:43:28.2099238Z [1m[92m  Downloaded[0m gix-attributes v0.33.1
2026-10-09T12:43:28.2115859Z [1m[92m  Downloaded[0m gix-credentials v0.38.1
2026-10-09T12:43:28.2133238Z [1m[92m  Downloaded[0m gix-index v0.52.0
2026-10-09T12:43:28.2171425Z [1m[92m  Downloaded[0m gix-lock v23.0.0
2026-10-09T12:43:28.2183411Z [1m[92m  Downloaded[0m arrayvec v0.7.6
2026-10-09T12:43:28.2204126Z [1m[92m  Downloaded[0m crc32fast v1.5.0
2026-10-09T12:43:28.2223264Z [1m[92m  Downloaded[0m clap_derive v4.6.1
2026-10-09T12:43:28.2245149Z [1m[92m  Downloaded[0m fs_extra v1.3.0
2026-10-09T12:43:28.2261409Z [1m[92m  Downloaded[0m gix-actor v0.41.1
2026-10-09T12:43:28.2273761Z [1m[92m  Downloaded[0m gix-worktree-state v0.31.0
2026-10-09T12:43:28.2287624Z [1m[92m  Downloaded[0m httparse v1.10.1
2026-10-09T12:43:28.2313123Z [1m[92m  Downloaded[0m anstream v1.0.0
2026-10-09T12:43:28.2333415Z [1m[92m  Downloaded[0m cc v1.2.62
2026-10-09T12:43:28.2363272Z [1m[92m  Downloaded[0m cvss v2.2.0
2026-10-09T12:43:28.2418023Z [1m[92m  Downloaded[0m foldhash v0.2.0
2026-10-09T12:43:28.2430812Z [1m[92m  Downloaded[0m getrandom v0.3.4
2026-10-09T12:43:28.2466115Z [1m[92m  Downloaded[0m gix-date v0.15.4
2026-10-09T12:43:28.2482405Z [1m[92m  Downloaded[0m gix-discover v0.52.0
2026-10-09T12:43:28.2497755Z [1m[92m  Downloaded[0m gix-error v0.2.4
2026-10-09T12:43:28.2515358Z [1m[92m  Downloaded[0m gix-fs v0.21.2
2026-10-09T12:43:28.2531557Z [1m[92m  Downloaded[0m gix-path v0.12.1
2026-10-09T12:43:28.2550039Z [1m[92m  Downloaded[0m gix-traverse v0.58.0
2026-10-09T12:43:28.2568610Z [1m[92m  Downloaded[0m gix-url v0.36.1
2026-10-09T12:43:28.2582419Z [1m[92m  Downloaded[0m log v0.4.29
2026-10-09T12:43:28.2607423Z [1m[92m  Downloaded[0m topological-sort v0.2.2
2026-10-09T12:43:28.2618709Z [1m[92m  Downloaded[0m allocator-api2 v0.2.21
2026-10-09T12:43:28.2644813Z [1m[92m  Downloaded[0m anstyle-parse v1.0.0
2026-10-09T12:43:28.2660891Z [1m[92m  Downloaded[0m cargo-lock v11.0.1
2026-10-09T12:43:28.2694672Z [1m[92m  Downloaded[0m clap v4.6.1
2026-10-09T12:43:28.2793486Z [1m[92m  Downloaded[0m eyre v0.6.12
2026-10-09T12:43:28.2830518Z [1m[92m  Downloaded[0m gix-commitgraph v0.37.1
2026-10-09T12:43:28.2845185Z [1m[92m  Downloaded[0m gix-diff v0.64.0
2026-10-09T12:43:28.2873598Z [1m[92m  Downloaded[0m gix-features v0.48.1
2026-10-09T12:43:28.2898402Z [1m[92m  Downloaded[0m gix-filter v0.31.0
2026-10-09T12:43:28.2924170Z [1m[92m  Downloaded[0m gix-object v0.61.0
2026-10-09T12:43:28.2957043Z [1m[92m  Downloaded[0m gix-packetline v0.21.4
2026-10-09T12:43:28.2975669Z [1m[92m  Downloaded[0m gix-ref v0.64.0
2026-10-09T12:43:28.3022765Z [1m[92m  Downloaded[0m borsh v1.6.1
2026-10-09T12:43:28.3096768Z [1m[92m  Downloaded[0m base64 v0.22.1
2026-10-09T12:43:28.3135594Z [1m[92m  Downloaded[0m gix-config v0.57.0
2026-10-09T12:43:28.3181513Z [1m[92m  Downloaded[0m icu_normalizer_data v2.1.1
2026-10-09T12:43:28.3203145Z [1m[92m  Downloaded[0m arc-swap v1.9.1
2026-10-09T12:43:28.3243590Z [1m[92m  Downloaded[0m crossbeam-channel v0.5.15
2026-10-09T12:43:28.3283999Z [1m[92m  Downloaded[0m flate2 v1.1.9
2026-10-09T12:43:28.3335328Z [1m[92m  Downloaded[0m async-compression v0.4.42
2026-10-09T12:43:28.3408013Z [1m[92m  Downloaded[0m futures-util v0.3.32
2026-10-09T12:43:28.3543680Z [1m[92m  Downloaded[0m gix-worktree-stream v0.33.0
2026-10-09T12:43:28.3556924Z [1m[92m  Downloaded[0m hyper-rustls v0.27.9
2026-10-09T12:43:28.3570949Z [1m[92m  Downloaded[0m scopeguard v1.2.0
2026-10-09T12:43:28.3583357Z [1m[92m  Downloaded[0m gix-negotiate v0.32.0
2026-10-09T12:43:28.3594686Z [1m[92m  Downloaded[0m secrecy v0.10.3
2026-10-09T12:43:28.3603630Z [1m[92m  Downloaded[0m toml_writer v1.1.1+spec-1.1.0
2026-10-09T12:43:28.3617624Z [1m[92m  Downloaded[0m tower-service v0.3.3
2026-10-09T12:43:28.3625608Z [1m[92m  Downloaded[0m aws-lc-rs v1.16.3
2026-10-09T12:43:28.3733358Z [1m[92m  Downloaded[0m bstr v1.12.1
2026-10-09T12:43:28.3811146Z [1m[92m  Downloaded[0m gimli v0.32.3
2026-10-09T12:43:28.3880742Z [1m[92m  Downloaded[0m gix-pathspec v0.18.1
2026-10-09T12:43:28.3896028Z [1m[92m  Downloaded[0m gix-prompt v0.15.1
2026-10-09T12:43:28.3907247Z [1m[92m  Downloaded[0m heapless v0.8.0
2026-10-09T12:43:28.3946178Z [1m[92m  Downloaded[0m idna_adapter v1.2.1
2026-10-09T12:43:28.3955287Z [1m[92m  Downloaded[0m matchers v0.2.0
2026-10-09T12:43:28.3966095Z [1m[92m  Downloaded[0m num-conv v0.2.1
2026-10-09T12:43:28.3974486Z [1m[92m  Downloaded[0m potential_utf v0.1.5
2026-10-09T12:43:28.3985190Z [1m[92m  Downloaded[0m ppv-lite86 v0.2.21
2026-10-09T12:43:28.3998200Z [1m[92m  Downloaded[0m quinn-udp v0.5.14
2026-10-09T12:43:28.4016561Z [1m[92m  Downloaded[0m quitters v0.1.0
2026-10-09T12:43:28.4024610Z [1m[92m  Downloaded[0m rustls-pki-types v1.14.1
2026-10-09T12:43:28.4050284Z [1m[92m  Downloaded[0m shell-words v1.1.1
2026-10-09T12:43:28.4059643Z [1m[92m  Downloaded[0m shlex v1.3.0
2026-10-09T12:43:28.4072503Z [1m[92m  Downloaded[0m time-core v0.1.8
2026-10-09T12:43:28.4083667Z [1m[92m  Downloaded[0m time-macros v0.2.27
2026-10-09T12:43:28.4105441Z [1m[92m  Downloaded[0m tinystr v0.8.3
2026-10-09T12:43:28.4126264Z [1m[92m  Downloaded[0m lazy_static v1.5.0
2026-10-09T12:43:28.4145099Z [1m[92m  Downloaded[0m mime v0.3.17
2026-10-09T12:43:28.4158048Z [1m[92m  Downloaded[0m powerfmt v0.2.0
2026-10-09T12:43:28.4169035Z [1m[92m  Downloaded[0m same-file v1.0.6
2026-10-09T12:43:28.4182781Z [1m[92m  Downloaded[0m sharded-slab v0.1.7
2026-10-09T12:43:28.4216587Z [1m[92m  Downloaded[0m tokio-rustls v0.26.4
2026-10-09T12:43:28.4237596Z [1m[92m  Downloaded[0m tower v0.5.3
2026-10-09T12:43:28.4341921Z [1m[92m  Downloaded[0m gix v0.84.0
2026-10-09T12:43:28.4511941Z [1m[92m  Downloaded[0m gix-pack v0.71.0
2026-10-09T12:43:28.4579293Z [1m[92m  Downloaded[0m sha1 v0.10.6
2026-10-09T12:43:28.4595718Z [1m[92m  Downloaded[0m time v0.3.47
2026-10-09T12:43:28.4729021Z [1m[92m  Downloaded[0m io-close v0.3.7
2026-10-09T12:43:28.4739616Z [1m[92m  Downloaded[0m rustls-platform-verifier v0.7.0
2026-10-09T12:43:28.4779319Z [1m[92m  Downloaded[0m tinyvec v1.11.0
2026-10-09T12:43:28.4805547Z [1m[92m  Downloaded[0m gix-protocol v0.62.0
2026-10-09T12:43:28.4837146Z [1m[92m  Downloaded[0m gix-shallow v0.12.1
2026-10-09T12:43:28.4847059Z [1m[92m  Downloaded[0m nonempty v0.12.0
2026-10-09T12:43:28.4858846Z [1m[92m  Downloaded[0m openssl-probe v0.2.1
2026-10-09T12:43:28.4870970Z [1m[92m  Downloaded[0m rustix v1.1.4
2026-10-09T12:43:28.5153998Z [1m[92m  Downloaded[0m tower-http v0.6.10
2026-10-09T12:43:28.5246088Z [1m[92m  Downloaded[0m gix-revwalk v0.32.0
2026-10-09T12:43:28.5258842Z [1m[92m  Downloaded[0m gix-sec v0.14.1
2026-10-09T12:43:28.5271066Z [1m[92m  Downloaded[0m gix-transport v0.57.1
2026-10-09T12:43:28.5309042Z [1m[92m  Downloaded[0m kstring v2.0.2
2026-10-09T12:43:28.5325730Z [1m[92m  Downloaded[0m lock_api v0.4.14
2026-10-09T12:43:28.5338483Z [1m[92m  Downloaded[0m maybe-async v0.2.10
2026-10-09T12:43:28.5373945Z [1m[92m  Downloaded[0m nu-ansi-term v0.50.3
2026-10-09T12:43:28.5398704Z [1m[92m  Downloaded[0m percent-encoding v2.3.2
2026-10-09T12:43:28.5407499Z [1m[92m  Downloaded[0m rand_chacha v0.9.0
2026-10-09T12:43:28.5419586Z [1m[92m  Downloaded[0m rustc-hash v2.1.2
2026-10-09T12:43:28.5432844Z [1m[92m  Downloaded[0m tinyvec_macros v0.1.1
2026-10-09T12:43:28.5440876Z [1m[92m  Downloaded[0m try-lock v0.2.5
2026-10-09T12:43:28.5450277Z [1m[92m  Downloaded[0m twox-hash v2.1.2
2026-10-09T12:43:28.5473574Z [1m[92m  Downloaded[0m color-eyre v0.6.5
2026-10-09T12:43:28.5547778Z [1m[92m  Downloaded[0m gix-odb v0.81.0
2026-10-09T12:43:28.5581684Z [1m[92m  Downloaded[0m ident_case v1.0.1
2026-10-09T12:43:28.5590138Z [1m[92m  Downloaded[0m indenter v0.3.4
2026-10-09T12:43:28.5603182Z [1m[92m  Downloaded[0m jobserver v0.1.34
2026-10-09T12:43:28.5624479Z [1m[92m  Downloaded[0m lru-slab v0.1.2
2026-10-09T12:43:28.5634574Z [1m[92m  Downloaded[0m owo-colors v4.3.0
2026-10-09T12:43:28.5654004Z [1m[92m  Downloaded[0m parking_lot v0.12.5
2026-10-09T12:43:28.5679121Z [1m[92m  Downloaded[0m rand_core v0.9.5
2026-10-09T12:43:28.5693390Z [1m[92m  Downloaded[0m rustc-stable-hash v0.1.2
2026-10-09T12:43:28.5709414Z [1m[92m  Downloaded[0m tower-layer v0.3.3
2026-10-09T12:43:28.5719373Z [1m[92m  Downloaded[0m typenum v1.20.0
2026-10-09T12:43:28.5754668Z [1m[92m  Downloaded[0m uluru v3.1.0
2026-10-09T12:43:28.5763096Z [1m[92m  Downloaded[0m want v0.3.1
2026-10-09T12:43:28.5772332Z [1m[92m  Downloaded[0m gix-tempfile v23.0.0
2026-10-09T12:43:28.5785598Z [1m[92m  Downloaded[0m litemap v0.8.2
2026-10-09T12:43:28.5808868Z [1m[92m  Downloaded[0m platforms v3.10.0
2026-10-09T12:43:28.5828839Z [1m[92m  Downloaded[0m encoding_rs v0.8.35
2026-10-09T12:43:28.6026647Z [1m[92m  Downloaded[0m gix-submodule v0.31.0
2026-10-09T12:43:28.6039057Z [1m[92m  Downloaded[0m ipnet v2.12.0
2026-10-09T12:43:28.6056088Z [1m[92m  Downloaded[0m pin-project-lite v0.2.17
2026-10-09T12:43:28.6117463Z [1m[92m  Downloaded[0m rustc-demangle v0.1.27
2026-10-09T12:43:28.6134229Z [1m[92m  Downloaded[0m rustls v0.23.40
2026-10-09T12:43:28.6255480Z [1m[92m  Downloaded[0m rustls-webpki v0.103.13
2026-10-09T12:43:28.6286388Z [1m[92m  Downloaded[0m sha1-checked v0.10.0
2026-10-09T12:43:28.6346865Z [1m[92m  Downloaded[0m simd-adler32 v0.3.9
2026-10-09T12:43:28.6365789Z [1m[92m  Downloaded[0m synstructure v0.13.2
2026-10-09T12:43:28.6375896Z [1m[92m  Downloaded[0m utf8_iter v1.0.4
2026-10-09T12:43:28.6386434Z [1m[92m  Downloaded[0m icu_provider v2.1.1
2026-10-09T12:43:28.6412615Z [1m[92m  Downloaded[0m memmap2 v0.9.10
2026-10-09T12:43:28.6429821Z [1m[92m  Downloaded[0m parking_lot_core v0.9.12
2026-10-09T12:43:28.6451152Z [1m[92m  Downloaded[0m rustls-native-certs v0.8.3
2026-10-09T12:43:28.6476495Z [1m[92m  Downloaded[0m slab v0.4.12
2026-10-09T12:43:28.6489251Z [1m[92m  Downloaded[0m smol_str v0.3.2
2026-10-09T12:43:28.6505010Z [1m[92m  Downloaded[0m stable_deref_trait v1.2.1
2026-10-09T12:43:28.6513803Z [1m[92m  Downloaded[0m toml v0.9.12+spec-1.1.0
2026-10-09T12:43:28.6555524Z [1m[92m  Downloaded[0m toml_datetime v0.7.5+spec-1.1.0
2026-10-09T12:43:28.6568206Z [1m[92m  Downloaded[0m toml_datetime v1.1.1+spec-1.1.0
2026-10-09T12:43:28.6580594Z [1m[92m  Downloaded[0m toml_parser v1.1.2+spec-1.1.0
2026-10-09T12:43:28.6604089Z [1m[92m  Downloaded[0m tracing-attributes v0.1.31
2026-10-09T12:43:28.6630825Z [1m[92m  Downloaded[0m tracing-log v0.2.0
2026-10-09T12:43:28.6644726Z [1m[92m  Downloaded[0m utf8parse v0.2.2
2026-10-09T12:43:28.6654680Z [1m[92m  Downloaded[0m zerovec-derive v0.11.3
2026-10-09T12:43:28.6670215Z [1m[92m  Downloaded[0m hashbrown v0.15.5
2026-10-09T12:43:28.6719410Z [1m[92m  Downloaded[0m icu_normalizer v2.1.1
2026-10-09T12:43:28.6754854Z [1m[92m  Downloaded[0m rustsec v0.33.0
2026-10-09T12:43:28.6806419Z [1m[92m  Downloaded[0m static_assertions v1.1.0
2026-10-09T12:43:28.6820607Z [1m[92m  Downloaded[0m sync_wrapper v1.0.2
2026-10-09T12:43:28.6829240Z [1m[92m  Downloaded[0m termcolor v1.4.1
2026-10-09T12:43:28.6841732Z [1m[92m  Downloaded[0m thread_local v1.1.9
2026-10-09T12:43:28.6857095Z [1m[92m  Downloaded[0m untrusted v0.9.0
2026-10-09T12:43:28.6874050Z [1m[92m  Downloaded[0m zerofrom-derive v0.1.7
2026-10-09T12:43:28.6884387Z [1m[92m  Downloaded[0m rayon-core v1.13.0
2026-10-09T12:43:28.6922451Z [1m[92m  Downloaded[0m socket2 v0.6.3
2026-10-09T12:43:28.6940132Z [1m[92m  Downloaded[0m tempfile v3.27.0
2026-10-09T12:43:28.6966062Z [1m[92m  Downloaded[0m toml-span v0.7.1
2026-10-09T12:43:28.6982004Z [1m[92m  Downloaded[0m unicode-bom v2.0.3
2026-10-09T12:43:28.6994951Z [1m[92m  Downloaded[0m wait-timeout v0.2.1
2026-10-09T12:43:28.7010277Z [1m[92m  Downloaded[0m winnow v0.7.15
2026-10-09T12:43:28.7107737Z [1m[92m  Downloaded[0m winnow v1.0.2
2026-10-09T12:43:28.7206482Z [1m[92m  Downloaded[0m icu_locale_core v2.1.1
2026-10-09T12:43:28.7276671Z [1m[92m  Downloaded[0m serde_spanned v1.1.1
2026-10-09T12:43:28.7288205Z [1m[92m  Downloaded[0m smallvec v1.15.1
2026-10-09T12:43:28.7309438Z [1m[92m  Downloaded[0m strsim v0.11.1
2026-10-09T12:43:28.7322577Z [1m[92m  Downloaded[0m yoke-derive v0.8.2
2026-10-09T12:43:28.7333952Z [1m[92m  Downloaded[0m zerofrom v0.1.7
2026-10-09T12:43:28.7343493Z [1m[92m  Downloaded[0m zeroize v1.8.2
2026-10-09T12:43:28.7356488Z [1m[92m  Downloaded[0m h2 v0.4.14
2026-10-09T12:43:28.7422031Z [1m[92m  Downloaded[0m http v1.4.0
2026-10-09T12:43:28.7457920Z [1m[92m  Downloaded[0m icu_collections v2.1.1
2026-10-09T12:43:28.7521515Z [1m[92m  Downloaded[0m icu_properties v2.1.2
2026-10-09T12:43:28.7543266Z [1m[92m  Downloaded[0m miniz_oxide v0.8.9
2026-10-09T12:43:28.7567880Z [1m[92m  Downloaded[0m quinn v0.11.9
2026-10-09T12:43:28.7599903Z [1m[92m  Downloaded[0m rustversion v1.0.22
2026-10-09T12:43:28.7628524Z [1m[92m  Downloaded[0m toml v1.1.2+spec-1.1.0
2026-10-09T12:43:28.7669740Z [1m[92m  Downloaded[0m tracing-core v0.1.36
2026-10-09T12:43:28.7697298Z [1m[92m  Downloaded[0m walkdir v2.5.0
2026-10-09T12:43:28.7715486Z [1m[92m  Downloaded[0m writeable v0.6.3
2026-10-09T12:43:28.7735514Z [1m[92m  Downloaded[0m yoke v0.8.2
2026-10-09T12:43:28.7753453Z [1m[92m  Downloaded[0m jiff-static v0.2.28
2026-10-09T12:43:28.7779507Z [1m[92m  Downloaded[0m memchr v2.8.0
2026-10-09T12:43:28.7836903Z [1m[92m  Downloaded[0m prodash v31.0.0
2026-10-09T12:43:28.7879080Z [1m[92m  Downloaded[0m serde_json v1.0.149
2026-10-09T12:43:28.7953262Z [1m[92m  Downloaded[0m hyper-util v0.1.20
2026-10-09T12:43:28.8016326Z [1m[92m  Downloaded[0m mio v1.2.0
2026-10-09T12:43:28.8077209Z [1m[92m  Downloaded[0m rand v0.9.4
2026-10-09T12:43:28.8115547Z [1m[92m  Downloaded[0m tame-index v0.26.3
2026-10-09T12:43:28.8159289Z [1m[92m  Downloaded[0m tokio-util v0.7.18
2026-10-09T12:43:28.8238508Z [1m[92m  Downloaded[0m url v2.5.8
2026-10-09T12:43:28.8264156Z [1m[92m  Downloaded[0m zerotrie v0.2.4
2026-10-09T12:43:28.8303930Z [1m[92m  Downloaded[0m regex v1.12.3
2026-10-09T12:43:28.8358063Z [1m[92m  Downloaded[0m reqwest v0.13.3
2026-10-09T12:43:28.8412034Z [1m[92m  Downloaded[0m unicode-normalization v0.1.25
2026-10-09T12:43:28.8446447Z [1m[92m  Downloaded[0m hashbrown v0.16.1
2026-10-09T12:43:28.8497684Z [1m[92m  Downloaded[0m idna v1.1.0
2026-10-09T12:43:28.8532084Z [1m[92m  Downloaded[0m indexmap v2.14.0
2026-10-09T12:43:28.8574839Z [1m[92m  Downloaded[0m zerovec v0.11.6
2026-10-09T12:43:28.8635814Z [1m[92m  Downloaded[0m hashbrown v0.17.1
2026-10-09T12:43:28.8688449Z [1m[92m  Downloaded[0m hyper v1.9.0
2026-10-09T12:43:28.8756273Z [1m[92m  Downloaded[0m icu_properties_data v2.1.2
2026-10-09T12:43:28.8862975Z [1m[92m  Downloaded[0m rayon v1.12.0
2026-10-09T12:43:28.8960221Z [1m[92m  Downloaded[0m wasmparser v0.207.0
2026-10-09T12:43:28.9024018Z [1m[92m  Downloaded[0m tracing-subscriber v0.3.23
2026-10-09T12:43:28.9109086Z [1m[92m  Downloaded[0m quinn-proto v0.11.14
2026-10-09T12:43:28.9176238Z [1m[92m  Downloaded[0m zlib-rs v0.6.3
2026-10-09T12:43:28.9229222Z [1m[92m  Downloaded[0m wasmparser v0.247.0
2026-10-09T12:43:28.9310751Z [1m[92m  Downloaded[0m zerocopy v0.8.48
2026-10-09T12:43:28.9535120Z [1m[92m  Downloaded[0m object v0.37.3
2026-10-09T12:43:28.9646384Z [1m[92m  Downloaded[0m regex-syntax v0.8.10
2026-10-09T12:43:28.9713366Z [1m[92m  Downloaded[0m object v0.39.1
2026-10-09T12:43:28.9827764Z [1m[92m  Downloaded[0m tracing v0.1.44
2026-10-09T12:43:28.9984750Z [1m[92m  Downloaded[0m regex-automata v0.4.14
2026-10-09T12:43:29.0124086Z [1m[92m  Downloaded[0m petgraph v0.8.3
2026-10-09T12:43:29.0336082Z [1m[92m  Downloaded[0m jiff v0.2.28
2026-10-09T12:43:29.0503673Z [1m[92m  Downloaded[0m tokio v1.52.3
2026-10-09T12:43:29.0961770Z [1m[92m  Downloaded[0m ring v0.17.14
2026-10-09T12:43:29.1389470Z [1m[92m  Downloaded[0m linux-raw-sys v0.12.1
2026-10-09T12:43:29.2032553Z [1m[92m  Downloaded[0m aws-lc-sys v0.40.0
2026-10-09T12:43:29.5471715Z [1m[92m   Compiling[0m proc-macro2 v1.0.106
2026-10-09T12:43:29.5472611Z [1m[92m   Compiling[0m quote v1.0.45
2026-10-09T12:43:29.5474169Z [1m[92m   Compiling[0m unicode-ident v1.0.24
2026-10-09T12:43:29.5474706Z [1m[92m   Compiling[0m libc v0.2.186
2026-10-09T12:43:29.6039702Z [1m[92m   Compiling[0m memchr v2.8.0
2026-10-09T12:43:29.6912807Z [1m[92m   Compiling[0m cfg-if v1.0.4
2026-10-09T12:43:29.7210429Z [1m[92m   Compiling[0m regex-syntax v0.8.10
2026-10-09T12:43:30.5653199Z [1m[92m   Compiling[0m syn v2.0.117
2026-10-09T12:43:30.8052591Z [1m[92m   Compiling[0m aho-corasick v1.1.4
2026-10-09T12:43:30.9062825Z [1m[92m   Compiling[0m smallvec v1.15.1
2026-10-09T12:43:31.1192780Z [1m[92m   Compiling[0m once_cell v1.21.4
2026-10-09T12:43:31.2918016Z [1m[92m   Compiling[0m bytes v1.11.1
2026-10-09T12:43:32.2073250Z [1m[92m   Compiling[0m regex-automata v0.4.14
2026-10-09T12:43:35.9022712Z [1m[92m   Compiling[0m bstr v1.12.1
2026-10-09T12:43:37.5855975Z [1m[92m   Compiling[0m stable_deref_trait v1.2.1
2026-10-09T12:43:37.6203127Z [1m[92m   Compiling[0m thiserror v2.0.18
2026-10-09T12:43:37.6763298Z [1m[92m   Compiling[0m thiserror-impl v2.0.18
2026-10-09T12:43:37.8393713Z [1m[92m   Compiling[0m crossbeam-utils v0.8.21
2026-10-09T12:43:37.9762583Z [1m[92m   Compiling[0m crc32fast v1.5.0
2026-10-09T12:43:38.1332782Z [1m[92m   Compiling[0m tinyvec_macros v0.1.1
2026-10-09T12:43:38.1683113Z [1m[92m   Compiling[0m gix-trace v0.1.20
2026-10-09T12:43:38.2273082Z [1m[92m   Compiling[0m tinyvec v1.11.0
2026-10-09T12:43:38.8293208Z [1m[92m   Compiling[0m gix-validate v0.11.2
2026-10-09T12:43:38.8952851Z [1m[92m   Compiling[0m bitflags v2.11.1
2026-10-09T12:43:39.2532788Z [1m[92m   Compiling[0m fastrand v2.4.1
2026-10-09T12:43:39.2612682Z [1m[92m   Compiling[0m parking_lot_core v0.9.12
2026-10-09T12:43:39.3772210Z [1m[92m   Compiling[0m gix-path v0.12.1
2026-10-09T12:43:39.3952793Z [1m[92m   Compiling[0m unicode-normalization v0.1.25
2026-10-09T12:43:39.5042671Z [1m[92m   Compiling[0m scopeguard v1.2.0
2026-10-09T12:43:39.5442282Z [1m[92m   Compiling[0m itoa v1.0.18
2026-10-09T12:43:39.7402698Z [1m[92m   Compiling[0m lock_api v0.4.14
2026-10-09T12:43:39.9133243Z [1m[92m   Compiling[0m gix-utils v0.3.3
2026-10-09T12:43:40.1386670Z [1m[92m   Compiling[0m parking_lot v0.12.5
2026-10-09T12:43:40.1783087Z [1m[92m   Compiling[0m crossbeam-channel v0.5.15
2026-10-09T12:43:40.7193019Z [1m[92m   Compiling[0m allocator-api2 v0.2.21
2026-10-09T12:43:40.8672980Z [1m[92m   Compiling[0m same-file v1.0.6
2026-10-09T12:43:40.9632888Z [1m[92m   Compiling[0m equivalent v1.0.2
2026-10-09T12:43:40.9952165Z [1m[92m   Compiling[0m foldhash v0.2.0
2026-10-09T12:43:41.0723396Z [1m[92m   Compiling[0m walkdir v2.5.0
2026-10-09T12:43:41.0922740Z [1m[92m   Compiling[0m prodash v31.0.0
2026-10-09T12:43:41.1662691Z [1m[92m   Compiling[0m zlib-rs v0.6.3
2026-10-09T12:43:41.7953200Z [1m[92m   Compiling[0m gix-error v0.2.4
2026-10-09T12:43:42.1913151Z [1m[92m   Compiling[0m version_check v0.9.5
2026-10-09T12:43:42.3827442Z [1m[92m   Compiling[0m generic-array v0.14.7
2026-10-09T12:43:42.4648687Z [1m[92m   Compiling[0m hashbrown v0.17.1
2026-10-09T12:43:43.0392814Z [1m[92m   Compiling[0m typenum v1.20.0
2026-10-09T12:43:43.2025575Z [1m[92m   Compiling[0m serde_core v1.0.228
2026-10-09T12:43:43.3553202Z [1m[92m   Compiling[0m byteorder v1.5.0
2026-10-09T12:43:43.5062730Z [1m[92m   Compiling[0m heapless v0.8.0
2026-10-09T12:43:43.6672524Z [1m[92m   Compiling[0m hash32 v0.3.1
2026-10-09T12:43:44.3462716Z [1m[92m   Compiling[0m gix-features v0.48.1
2026-10-09T12:43:45.6773264Z [1m[92m   Compiling[0m block-buffer v0.10.4
2026-10-09T12:43:45.7623049Z [1m[92m   Compiling[0m crypto-common v0.1.7
2026-10-09T12:43:46.3022739Z [1m[92m   Compiling[0m faster-hex v0.10.0
2026-10-09T12:43:46.3743041Z [1m[92m   Compiling[0m digest v0.10.7
2026-10-09T12:43:46.4493061Z [1m[92m   Compiling[0m synstructure v0.13.2
2026-10-09T12:43:46.5133261Z [1m[92m   Compiling[0m cpufeatures v0.2.17
2026-10-09T12:43:46.5507799Z [1m[92m   Compiling[0m sha1 v0.10.6
2026-10-09T12:43:46.6833216Z [1m[92m   Compiling[0m sha1-checked v0.10.0
2026-10-09T12:43:46.9367763Z [1m[92m   Compiling[0m jiff v0.2.28
2026-10-09T12:43:47.0052751Z [1m[92m   Compiling[0m gix-hash v0.25.1
2026-10-09T12:43:47.5062809Z [1m[92m   Compiling[0m zerofrom-derive v0.1.7
2026-10-09T12:43:47.5752715Z [1m[92m   Compiling[0m yoke-derive v0.8.2
2026-10-09T12:43:48.5032814Z [1m[92m   Compiling[0m rustix v1.1.4
2026-10-09T12:43:48.5962678Z [1m[92m   Compiling[0m zerofrom v0.1.7
2026-10-09T12:43:48.6842784Z [1m[92m   Compiling[0m pin-project-lite v0.2.17
2026-10-09T12:43:48.7312535Z [1m[92m   Compiling[0m yoke v0.8.2
2026-10-09T12:43:48.8849655Z [1m[92m   Compiling[0m gix-hashtable v0.15.1
2026-10-09T12:43:48.9622750Z [1m[92m   Compiling[0m linux-raw-sys v0.12.1
2026-10-09T12:43:49.7019974Z [1m[92m   Compiling[0m jobserver v0.1.34
2026-10-09T12:43:49.9713054Z [1m[92m   Compiling[0m zerovec-derive v0.11.3
2026-10-09T12:43:50.9492679Z [1m[92m   Compiling[0m gix-date v0.15.4
2026-10-09T12:43:51.3472518Z [1m[92m   Compiling[0m gix-actor v0.41.1
2026-10-09T12:43:51.7332771Z [1m[92m   Compiling[0m gix-object v0.61.0
2026-10-09T12:43:53.0382683Z [1m[92m   Compiling[0m find-msvc-tools v0.1.9
2026-10-09T12:43:53.2002956Z [1m[92m   Compiling[0m shlex v1.3.0
2026-10-09T12:43:53.3241694Z [1m[92m   Compiling[0m cc v1.2.62
2026-10-09T12:43:53.5542836Z [1m[92m   Compiling[0m zerovec v0.11.6
2026-10-09T12:43:54.2163024Z [1m[92m   Compiling[0m displaydoc v0.2.5
2026-10-09T12:43:54.6903140Z [1m[92m   Compiling[0m memmap2 v0.9.10
2026-10-09T12:43:54.7442680Z [1m[92m   Compiling[0m serde v1.0.228
2026-10-09T12:43:54.8683025Z [1m[92m   Compiling[0m getrandom v0.4.2
2026-10-09T12:43:54.9102522Z [1m[92m   Compiling[0m cmake v0.1.58
2026-10-09T12:43:54.9382717Z [1m[92m   Compiling[0m serde_derive v1.0.228
2026-10-09T12:43:54.9812695Z [1m[92m   Compiling[0m dunce v1.0.5
2026-10-09T12:43:55.0163144Z [1m[92m   Compiling[0m futures-core v0.3.32
2026-10-09T12:43:55.1020607Z [1m[92m   Compiling[0m fs_extra v1.3.0
2026-10-09T12:43:55.3322722Z [1m[92m   Compiling[0m aws-lc-sys v0.40.0
2026-10-09T12:43:55.3482942Z [1m[92m   Compiling[0m socket2 v0.6.3
2026-10-09T12:43:56.0922804Z [1m[92m   Compiling[0m mio v1.2.0
2026-10-09T12:43:56.3356337Z [1m[92m   Compiling[0m zeroize v1.8.2
2026-10-09T12:43:56.4575081Z [1m[92m   Compiling[0m tokio v1.52.3
2026-10-09T12:43:58.4293693Z [1m[92m   Compiling[0m tempfile v3.27.0
2026-10-09T12:43:59.2282577Z [1m[92m   Compiling[0m tinystr v0.8.3
2026-10-09T12:43:59.3317513Z [1m[92m   Compiling[0m gix-fs v0.21.2
2026-10-09T12:43:59.8363928Z [1m[92m   Compiling[0m gix-chunk v0.7.2
2026-10-09T12:44:00.0352772Z [1m[92m   Compiling[0m litemap v0.8.2
2026-10-09T12:44:00.1943016Z [1m[92m   Compiling[0m futures-sink v0.3.32
2026-10-09T12:44:00.2370913Z [1m[92m   Compiling[0m writeable v0.6.3
2026-10-09T12:44:00.2532719Z [1m[92m   Compiling[0m adler2 v2.0.1
2026-10-09T12:44:00.3324980Z [1m[92m   Compiling[0m simd-adler32 v0.3.9
2026-10-09T12:44:00.4292651Z [1m[92m   Compiling[0m percent-encoding v2.3.2
2026-10-09T12:44:00.6022595Z [1m[92m   Compiling[0m miniz_oxide v0.8.9
2026-10-09T12:44:01.0899152Z [1m[92m   Compiling[0m icu_locale_core v2.1.1
2026-10-09T12:44:02.0003234Z [1m[92m   Compiling[0m gix-tempfile v23.0.0
2026-10-09T12:44:02.7364874Z [1m[92m   Compiling[0m zerotrie v0.2.4
2026-10-09T12:44:03.0993419Z [1m[92m   Compiling[0m potential_utf v0.1.5
2026-10-09T12:44:03.1731624Z [1m[92m   Compiling[0m gix-quote v0.7.2
2026-10-09T12:44:03.4162160Z [1m[92m   Compiling[0m tracing-core v0.1.36
2026-10-09T12:44:03.4458829Z [1m[92m   Compiling[0m icu_normalizer_data v2.1.1
2026-10-09T12:44:03.5154600Z [1m[92m   Compiling[0m icu_properties_data v2.1.2
2026-10-09T12:44:03.5902858Z [1m[92m   Compiling[0m aws-lc-rs v1.16.3
2026-10-09T12:44:03.7182680Z [1m[92m   Compiling[0m nonempty v0.12.0
2026-10-09T12:44:03.8263170Z [1m[92m   Compiling[0m icu_collections v2.1.1
2026-10-09T12:44:04.3242691Z [1m[92m   Compiling[0m icu_provider v2.1.1
2026-10-09T12:44:04.4392618Z [1m[92m   Compiling[0m http v1.4.0
2026-10-09T12:44:04.6640035Z [1m[92m   Compiling[0m tracing-attributes v0.1.31
2026-10-09T12:44:05.7222785Z [1m[92m   Compiling[0m fnv v1.0.7
2026-10-09T12:44:05.7538210Z [1m[92m   Compiling[0m slab v0.4.12
2026-10-09T12:44:05.8892856Z [1m[92m   Compiling[0m tracing v0.1.44
2026-10-09T12:44:06.2665680Z [1m[92m   Compiling[0m gix-commitgraph v0.37.1
2026-10-09T12:44:06.3093220Z [1m[92m   Compiling[0m rustls-pki-types v1.14.1
2026-10-09T12:44:06.3398736Z [1m[92m   Compiling[0m gix-glob v0.26.1
2026-10-09T12:44:07.0593871Z [1m[92m   Compiling[0m indexmap v2.14.0
2026-10-09T12:44:07.1113836Z [1m[92m   Compiling[0m gix-revwalk v0.32.0
2026-10-09T12:44:07.1223095Z [1m[92m   Compiling[0m icu_properties v2.1.2
2026-10-09T12:44:07.3669229Z [1m[92m   Compiling[0m icu_normalizer v2.1.1
2026-10-09T12:44:07.9072832Z [1m[92m   Compiling[0m http-body v1.0.1
2026-10-09T12:44:07.9926902Z [1m[92m   Compiling[0m gix-lock v23.0.0
2026-10-09T12:44:08.4732591Z [1m[92m   Compiling[0m tokio-util v0.7.18
2026-10-09T12:44:08.5460049Z [1m[92m   Compiling[0m futures-task v0.3.32
2026-10-09T12:44:08.6369002Z [1m[92m   Compiling[0m httparse v1.10.1
2026-10-09T12:44:08.7882776Z [1m[92m   Compiling[0m futures-io v0.3.32
2026-10-09T12:44:08.8134662Z [1m[92m   Compiling[0m rustls v0.23.40
2026-10-09T12:44:08.8802927Z [1m[92m   Compiling[0m untrusted v0.9.0
2026-10-09T12:44:08.8903084Z [1m[92m   Compiling[0m futures-util v0.3.32
2026-10-09T12:44:08.9473649Z [1m[92m   Compiling[0m idna_adapter v1.2.1
2026-10-09T12:44:09.0082537Z [1m[92m   Compiling[0m log v0.4.29
2026-10-09T12:44:09.1841831Z [1m[92m   Compiling[0m subtle v2.6.1
2026-10-09T12:44:09.2752746Z [1m[92m   Compiling[0m tower-service v0.3.3
2026-10-09T12:44:09.3142712Z [1m[92m   Compiling[0m try-lock v0.2.5
2026-10-09T12:44:09.3616645Z [1m[92m   Compiling[0m atomic-waker v1.1.2
2026-10-09T12:44:09.4003048Z [1m[92m   Compiling[0m utf8_iter v1.0.4
2026-10-09T12:44:09.4691599Z [1m[92m   Compiling[0m unicode-bom v2.0.3
2026-10-09T12:44:09.5393012Z [1m[92m   Compiling[0m idna v1.1.0
2026-10-09T12:44:09.5986706Z [1m[92m   Compiling[0m h2 v0.4.14
2026-10-09T12:44:11.6342377Z [1m[92m   Compiling[0m want v0.3.1
2026-10-09T12:44:11.9259533Z [1m[92m   Compiling[0m flate2 v1.1.9
2026-10-09T12:44:12.1253229Z [1m[92m   Compiling[0m form_urlencoded v1.2.2
2026-10-09T12:44:12.3202727Z [1m[92m   Compiling[0m futures-channel v0.3.32
2026-10-09T12:44:12.4596053Z [1m[92m   Compiling[0m gix-config-value v0.18.1
2026-10-09T12:44:12.5412696Z [1m[92m   Compiling[0m compression-core v0.4.32
2026-10-09T12:44:12.6395060Z [1m[92m   Compiling[0m shell-words v1.1.1
2026-10-09T12:44:12.7896637Z [1m[92m   Compiling[0m static_assertions v1.1.0
2026-10-09T12:44:12.8173340Z [1m[92m   Compiling[0m kstring v2.0.2
2026-10-09T12:44:12.9941728Z [1m[92m   Compiling[0m gix-command v0.9.1
2026-10-09T12:44:13.2242800Z [1m[92m   Compiling[0m compression-codecs v0.4.38
2026-10-09T12:44:13.4750207Z [1m[92m   Compiling[0m hyper v1.9.0
2026-10-09T12:44:13.5302686Z [1m[92m   Compiling[0m url v2.5.8
2026-10-09T12:44:16.1212618Z [1m[92m   Compiling[0m sync_wrapper v1.0.2
2026-10-09T12:44:16.1562617Z [1m[92m   Compiling[0m gix-sec v0.14.1
2026-10-09T12:44:16.1700282Z [1m[92m   Compiling[0m encoding_rs v0.8.35
2026-10-09T12:44:16.3985037Z [1m[92m   Compiling[0m tower-layer v0.3.3
2026-10-09T12:44:16.5622649Z [1m[92m   Compiling[0m base64 v0.22.1
2026-10-09T12:44:17.0360356Z [1m[92m   Compiling[0m openssl-probe v0.2.1
2026-10-09T12:44:17.2343272Z [1m[92m   Compiling[0m ipnet v2.12.0
2026-10-09T12:44:17.2573464Z [1m[92m   Compiling[0m rustls-native-certs v0.8.3
2026-10-09T12:44:17.9647547Z [1m[92m   Compiling[0m hyper-util v0.1.20
2026-10-09T12:44:18.4692704Z [1m[92m   Compiling[0m tower v0.5.3
2026-10-09T12:44:18.9676652Z [1m[92m   Compiling[0m async-compression v0.4.42
2026-10-09T12:44:19.3625778Z [1m[92m   Compiling[0m gix-attributes v0.33.1
2026-10-09T12:44:20.7662731Z [1m[92m   Compiling[0m http-body-util v0.1.3
2026-10-09T12:44:20.9872667Z [1m[92m   Compiling[0m semver v1.0.28
2026-10-09T12:44:21.3644664Z [1m[92m   Compiling[0m rustversion v1.0.22
2026-10-09T12:44:21.5046736Z [1m[92m   Compiling[0m zmij v1.0.21
2026-10-09T12:44:21.6047288Z [1m[92m   Compiling[0m tower-http v0.6.10
2026-10-09T12:44:21.6212796Z [1m[92m   Compiling[0m gix-ref v0.64.0
2026-10-09T12:44:21.8673132Z [1m[92m   Compiling[0m gix-url v0.36.1
2026-10-09T12:44:22.3665145Z [1m[92m   Compiling[0m gix-packetline v0.21.4
2026-10-09T12:44:22.6512710Z [1m[92m   Compiling[0m winnow v1.0.2
2026-10-09T12:44:23.0420992Z [1m[92m   Compiling[0m serde_json v1.0.149
2026-10-09T12:44:23.1177866Z [1m[92m   Compiling[0m mime v0.3.17
2026-10-09T12:44:23.1393085Z [1m[92m   Compiling[0m toml_parser v1.1.2+spec-1.1.0
2026-10-09T12:44:24.2769108Z [1m[92m   Compiling[0m gix-prompt v0.15.1
2026-10-09T12:44:24.4503392Z [1m[92m   Compiling[0m gix-traverse v0.58.0
2026-10-09T12:44:24.7112753Z [1m[92m   Compiling[0m gix-revision v0.46.0
2026-10-09T12:44:25.4193291Z [1m[92m   Compiling[0m serde_spanned v1.1.1
2026-10-09T12:44:25.4937164Z [1m[92m   Compiling[0m gix-bitmap v0.3.2
2026-10-09T12:44:25.7458405Z [1m[92m   Compiling[0m hashbrown v0.16.1
2026-10-09T12:44:26.3900981Z [1m[92m   Compiling[0m crossbeam-epoch v0.9.18
2026-10-09T12:44:26.7176178Z [1m[92m   Compiling[0m filetime v0.2.28
2026-10-09T12:44:26.8315672Z [1m[92m   Compiling[0m toml_writer v1.1.1+spec-1.1.0
2026-10-09T12:44:26.9852901Z [1m[92m   Compiling[0m autocfg v1.5.0
2026-10-09T12:44:27.0042839Z [1m[92m   Compiling[0m utf8parse v0.2.2
2026-10-09T12:44:27.0552593Z [1m[92m   Compiling[0m object v0.37.3
2026-10-09T12:44:27.1882890Z [1m[92m   Compiling[0m arrayvec v0.7.6
2026-10-09T12:44:27.2152700Z [1m[92m   Compiling[0m rayon-core v1.13.0
2026-10-09T12:44:27.3045244Z [1m[92m   Compiling[0m fs-err v3.3.0
2026-10-09T12:44:27.3182977Z [1m[92m   Compiling[0m anstyle-parse v1.0.0
2026-10-09T12:44:27.3785998Z [1m[92m   Compiling[0m uluru v3.1.0
2026-10-09T12:44:27.3932981Z [1m[92m   Compiling[0m gix-index v0.52.0
2026-10-09T12:44:27.4422674Z [1m[92m   Compiling[0m crossbeam-deque v0.8.6
2026-10-09T12:44:27.4742915Z [1m[92m   Compiling[0m clru v0.6.3
2026-10-09T12:44:27.5975141Z [1m[92m   Compiling[0m gix-refspec v0.42.0
2026-10-09T12:44:27.6800628Z [1m[92m   Compiling[0m gix-credentials v0.38.1
2026-10-09T12:44:28.9172564Z [1m[92m   Compiling[0m arc-swap v1.9.1
2026-10-09T12:44:29.6302553Z [1m[92m   Compiling[0m gix-ignore v0.21.1
2026-10-09T12:44:29.9734321Z [1m[92m   Compiling[0m toml_datetime v0.7.5+spec-1.1.0
2026-10-09T12:44:30.3112691Z [1m[92m   Compiling[0m colorchoice v1.0.5
2026-10-09T12:44:30.3635866Z [1m[92m   Compiling[0m foldhash v0.1.5
2026-10-09T12:44:30.6824632Z [1m[92m   Compiling[0m anstyle v1.0.14
2026-10-09T12:44:30.8755661Z [1m[92m   Compiling[0m eyre v0.6.12
2026-10-09T12:44:31.0192679Z [1m[92m   Compiling[0m gimli v0.32.3
2026-10-09T12:44:31.9252408Z [1m[92m   Compiling[0m is_terminal_polyfill v1.70.2
2026-10-09T12:44:31.9634392Z [1m[92m   Compiling[0m camino v1.2.2
2026-10-09T12:44:32.1192731Z [1m[92m   Compiling[0m owo-colors v4.3.0
2026-10-09T12:44:32.2387576Z [1m[92m   Compiling[0m winnow v0.7.15
2026-10-09T12:44:32.9564997Z [1m[92m   Compiling[0m anstyle-query v1.1.5
2026-10-09T12:44:33.0020802Z [1m[92m   Compiling[0m anstream v1.0.0
2026-10-09T12:44:33.4596890Z [1m[92m   Compiling[0m addr2line v0.25.1
2026-10-09T12:44:33.7897134Z [1m[92m   Compiling[0m toml v0.9.12+spec-1.1.0
2026-10-09T12:44:34.1300549Z [1m[92m   Compiling[0m hashbrown v0.15.5
2026-10-09T12:44:34.2071974Z [1m[92m   Compiling[0m gix-worktree v0.53.0
2026-10-09T12:44:34.6464244Z [1m[92m   Compiling[0m gix-pack v0.71.0
2026-10-09T12:44:38.7632879Z [1m[92m   Compiling[0m gix-config v0.57.0
2026-10-09T12:44:39.4467444Z [1m[92m   Compiling[0m gix-filter v0.31.0
2026-10-09T12:44:41.3210955Z [1m[92m   Compiling[0m gix-pathspec v0.18.1
2026-10-09T12:44:43.6522801Z [1m[92m   Compiling[0m gix-shallow v0.12.1
2026-10-09T12:44:43.8498757Z [1m[92m   Compiling[0m gix-negotiate v0.32.0
2026-10-09T12:44:44.2843286Z [1m[92m   Compiling[0m wasmparser v0.207.0
2026-10-09T12:44:44.8992718Z [1m[92m   Compiling[0m maybe-async v0.2.10
2026-10-09T12:44:45.4396871Z [1m[92m   Compiling[0m regex v1.12.3
2026-10-09T12:44:45.6922541Z [1m[92m   Compiling[0m io-close v0.3.7
2026-10-09T12:44:45.8093047Z [1m[92m   Compiling[0m either v1.15.0
2026-10-09T12:44:45.9808285Z [1m[92m   Compiling[0m clap_lex v1.1.0
2026-10-09T12:44:46.3392797Z [1m[92m   Compiling[0m lazy_static v1.5.0
2026-10-09T12:44:46.4397367Z [1m[92m   Compiling[0m fixedbitset v0.5.7
2026-10-09T12:44:46.9039528Z [1m[92m   Compiling[0m heck v0.5.0
2026-10-09T12:44:46.9713109Z [1m[92m   Compiling[0m powerfmt v0.2.0
2026-10-09T12:44:47.0602784Z [1m[92m   Compiling[0m topological-sort v0.2.2
2026-10-09T12:44:47.1692487Z [1m[92m   Compiling[0m indenter v0.3.4
2026-10-09T12:44:47.2258133Z [1m[92m   Compiling[0m rustc-demangle v0.1.27
2026-10-09T12:44:47.2912720Z [1m[92m   Compiling[0m strsim v0.11.1
2026-10-09T12:44:48.1243172Z [1m[92m   Compiling[0m binfarce v0.2.1
2026-10-09T12:44:48.3462717Z [1m[92m   Compiling[0m backtrace v0.3.76
2026-10-09T12:44:50.3792782Z [1m[92m   Compiling[0m auditable-extract v0.3.5
2026-10-09T12:44:50.5362631Z [1m[92m   Compiling[0m clap_builder v4.6.0
2026-10-09T12:44:51.0403194Z [1m[92m   Compiling[0m auditable-serde v0.9.0
2026-10-09T12:44:52.4883262Z [1m[92m   Compiling[0m deranged v0.5.8
2026-10-09T12:44:53.9272583Z [1m[92m   Compiling[0m clap_derive v4.6.1
2026-10-09T12:44:54.1873267Z [1m[92m   Compiling[0m petgraph v0.8.3
2026-10-09T12:44:56.9404256Z [1m[92m   Compiling[0m sharded-slab v0.1.7
2026-10-09T12:44:57.3908446Z [1m[92m   Compiling[0m rayon v1.12.0
2026-10-09T12:44:57.9852991Z [1m[92m   Compiling[0m gix-worktree-state v0.31.0
2026-10-09T12:44:58.6232553Z [1m[92m   Compiling[0m gix-submodule v0.31.0
2026-10-09T12:45:00.2018439Z [1m[92m   Compiling[0m gix-odb v0.81.0
2026-10-09T12:45:02.1168207Z [1m[92m   Compiling[0m gix-discover v0.52.0
2026-10-09T12:45:03.0735086Z [1m[92m   Compiling[0m tracing-log v0.2.0
2026-10-09T12:45:03.3422472Z [1m[92m   Compiling[0m smol_str v0.3.2
2026-10-09T12:45:03.3523372Z [1m[92m   Compiling[0m gix-diff v0.64.0
2026-10-09T12:45:03.5913259Z [1m[92m   Compiling[0m toml_datetime v1.1.1+spec-1.1.0
2026-10-09T12:45:03.5992812Z [1m[92m   Compiling[0m matchers v0.2.0
2026-10-09T12:45:03.6762565Z [1m[92m   Compiling[0m toml-span v0.7.1
2026-10-09T12:45:03.9643518Z [1m[92m   Compiling[0m thread_local v1.1.9
2026-10-09T12:45:04.1853044Z [1m[92m   Compiling[0m twox-hash v2.1.2
2026-10-09T12:45:04.2743540Z [1m[92m   Compiling[0m num-conv v0.2.1
2026-10-09T12:45:04.3853164Z [1m[92m   Compiling[0m ident_case v1.0.1
2026-10-09T12:45:04.4375369Z [1m[92m   Compiling[0m time-core v0.1.8
2026-10-09T12:45:04.5303805Z [1m[92m   Compiling[0m rustc-stable-hash v0.1.2
2026-10-09T12:45:04.6215828Z [1m[92m   Compiling[0m nu-ansi-term v0.50.3
2026-10-09T12:45:05.0752845Z [1m[92m   Compiling[0m object v0.39.1
2026-10-09T12:45:05.2155661Z [1m[92m   Compiling[0m tracing-subscriber v0.3.23
2026-10-09T12:45:06.5892808Z [1m[92m   Compiling[0m time v0.3.47
2026-10-09T12:45:07.2192740Z [1m[92m   Compiling[0m abscissa_derive v0.9.0
2026-10-09T12:45:07.5016017Z [1m[92m   Compiling[0m toml v1.1.2+spec-1.1.0
2026-10-09T12:45:10.1345995Z [1m[92m   Compiling[0m color-eyre v0.6.5
2026-10-09T12:45:11.4996310Z [1m[92m   Compiling[0m cargo-lock v11.0.1
2026-10-09T12:45:12.1512690Z [1m[92m   Compiling[0m clap v4.6.1
2026-10-09T12:45:12.1903061Z [1m[92m   Compiling[0m auditable-info v0.10.0
2026-10-09T12:45:12.5092699Z [1m[92m   Compiling[0m quitters v0.1.0
2026-10-09T12:45:13.2071574Z [1m[92m   Compiling[0m platforms v3.10.0
2026-10-09T12:45:13.2452852Z [1m[92m   Compiling[0m secrecy v0.10.3
2026-10-09T12:45:13.3172983Z [1m[92m   Compiling[0m cvss v2.2.0
2026-10-09T12:45:13.6597983Z [1m[92m   Compiling[0m wasmparser v0.247.0
2026-10-09T12:45:15.6272977Z [1m[92m   Compiling[0m wait-timeout v0.2.1
2026-10-09T12:45:16.0372834Z [1m[92m   Compiling[0m canonical-path v2.0.2
2026-10-09T12:45:16.2110809Z [1m[92m   Compiling[0m home v0.5.12
2026-10-09T12:45:16.2802934Z [1m[92m   Compiling[0m termcolor v1.4.1
2026-10-09T12:45:16.6582673Z [1m[92m   Compiling[0m abscissa_core v0.9.0
2026-10-09T12:45:20.8492800Z [1m[92m   Compiling[0m display-error-chain v0.2.2
2026-10-09T12:45:40.5648582Z [1m[92m   Compiling[0m rustls-webpki v0.103.13
2026-10-09T12:45:43.9598803Z [1m[92m   Compiling[0m tokio-rustls v0.26.4
2026-10-09T12:45:43.9599726Z [1m[92m   Compiling[0m rustls-platform-verifier v0.7.0
2026-10-09T12:45:44.1993104Z [1m[92m   Compiling[0m hyper-rustls v0.27.9
2026-10-09T12:45:44.5042636Z [1m[92m   Compiling[0m reqwest v0.13.3
2026-10-09T12:45:46.2969572Z [1m[92m   Compiling[0m gix-transport v0.57.1
2026-10-09T12:45:46.3557126Z [1m[92m   Compiling[0m tame-index v0.26.3
2026-10-09T12:45:52.5932842Z [1m[92m   Compiling[0m gix-protocol v0.62.0
2026-10-09T12:45:56.5563826Z [1m[92m   Compiling[0m gix v0.84.0
2026-10-09T12:46:01.5012687Z [1m[92m   Compiling[0m rustsec v0.33.0
2026-10-09T12:46:06.0652553Z [1m[92m   Compiling[0m cargo-audit v0.22.2
2026-10-09T12:46:25.9889501Z [1m[92m    Finished[0m `release` profile [optimized] target(s) in 2m 58s
2026-10-09T12:46:26.0136974Z [1m[92m  Installing[0m /home/runner/.cargo/bin/cargo-audit
2026-10-09T12:46:26.0139658Z [1m[92m   Installed[0m package `cargo-audit v0.22.2` (executable `cargo-audit`)
2026-10-09T12:46:26.3928938Z [0m[0m[1m[32m    Fetching[0m advisory database from `https://github.com/RustSec/advisory-db.git`
2026-10-09T12:46:29.5343574Z [0m[0m[1m[32m      Loaded[0m 1296 security advisories (from /home/runner/.cargo/advisory-db)
2026-10-09T12:46:29.5344859Z [0m[0m[1m[32m    Updating[0m crates.io index
2026-10-09T12:46:29.5511841Z [0m[0m[1m[32m    Scanning[0m Cargo.lock for vulnerabilities (529 crate dependencies)
2026-10-09T12:46:29.8873740Z [0m[0m[1m[31mCrate:    [0m rsa
2026-10-09T12:46:29.8874385Z [0m[0m[1m[31mVersion:  [0m 0.9.10
2026-10-09T12:46:29.8875274Z [0m[0m[1m[31mTitle:    [0m Marvin Attack: potential key recovery through timing sidechannels
2026-10-09T12:46:29.8876158Z [0m[0m[1m[31mDate:     [0m 2023-11-22
2026-10-09T12:46:29.8876728Z [0m[0m[1m[31mID:       [0m RUSTSEC-2023-0071
2026-10-09T12:46:29.8877497Z [0m[0m[1m[31mURL:      [0m https://rustsec.org/advisories/RUSTSEC-2023-0071
2026-10-09T12:46:29.8878225Z [0m[0m[1m[31mSeverity: [0m 5.9 (medium)
2026-10-09T12:46:29.8878912Z [0m[0m[1m[31mSolution: [0m No fixed upgrade is available!
2026-10-09T12:46:29.8879371Z 
2026-10-09T12:46:29.8879596Z [0m[0m[1m[31mCrate:    [0m rustls
2026-10-09T12:46:29.8880123Z [0m[0m[1m[31mVersion:  [0m 0.23.42
2026-10-09T12:46:29.8881078Z [0m[0m[1m[31mTitle:    [0m TLS 1.3 handshake messages incorrectly accepted across encryption level boundaries
2026-10-09T12:46:29.8882183Z [0m[0m[1m[31mDate:     [0m 2026-09-14
2026-10-09T12:46:29.8882696Z [0m[0m[1m[31mID:       [0m RUSTSEC-2026-0285
2026-10-09T12:46:29.8883394Z [0m[0m[1m[31mURL:      [0m https://rustsec.org/advisories/RUSTSEC-2026-0285
2026-10-09T12:46:29.8884065Z [0m[0m[1m[31mSeverity: [0m 5.3 (medium)
2026-10-09T12:46:29.8884587Z [0m[0m[1m[31mSolution: [0m Upgrade to >=0.23.45
2026-10-09T12:46:29.8884897Z 
2026-10-09T12:46:29.8885096Z [0m[0m[1m[33mCrate:    [0m bincode
2026-10-09T12:46:29.8885545Z [0m[0m[1m[33mVersion:  [0m 1.3.3
2026-10-09T12:46:29.8886005Z [0m[0m[1m[33mWarning:  [0m unmaintained
2026-10-09T12:46:29.8886538Z [0m[0m[1m[33mTitle:    [0m Bincode is unmaintained
2026-10-09T12:46:29.8887063Z [0m[0m[1m[33mDate:     [0m 2025-12-16
2026-10-09T12:46:29.8887594Z [0m[0m[1m[31merror:[0m 2 vulnerabilities found!
2026-10-09T12:46:29.8888154Z [0m[0m[1m[33mwarning:[0m 3 allowed warnings found
2026-10-09T12:46:29.8888691Z [0m[0m[1m[33mID:       [0m RUSTSEC-2025-0141
2026-10-09T12:46:29.8889343Z [0m[0m[1m[33mURL:      [0m https://rustsec.org/advisories/RUSTSEC-2025-0141
2026-10-09T12:46:29.8889759Z 
2026-10-09T12:46:29.8889997Z [0m[0m[1m[33mCrate:    [0m proc-macro-error2
2026-10-09T12:46:29.8890499Z [0m[0m[1m[33mVersion:  [0m 2.0.1
2026-10-09T12:46:29.8890958Z [0m[0m[1m[33mWarning:  [0m unmaintained
2026-10-09T12:46:29.8891785Z [0m[0m[1m[33mTitle:    [0m proc-macro-error2 is unmaintained
2026-10-09T12:46:29.8892351Z [0m[0m[1m[33mDate:     [0m 2026-06-07
2026-10-09T12:46:29.8892841Z [0m[0m[1m[33mID:       [0m RUSTSEC-2026-0173
2026-10-09T12:46:29.8893907Z [0m[0m[1m[33mURL:      [0m https://rustsec.org/advisories/RUSTSEC-2026-0173
2026-10-09T12:46:29.8894332Z 
2026-10-09T12:46:29.8894538Z [0m[0m[1m[33mCrate:    [0m chacha20
2026-10-09T12:46:29.8894995Z [0m[0m[1m[33mVersion:  [0m 0.10.1
2026-10-09T12:46:29.8895437Z [0m[0m[1m[33mWarning:  [0m yanked
2026-10-09T12:46:29.8895690Z 
2026-10-09T12:46:29.8978163Z cargo audit exited 1 (gate 2 records, it does not block)
