    Updating crates.io index
 Downloading crates ...
  Downloaded unicode-ident v1.0.26
  Downloaded cpufeatures v0.2.17
  Downloaded block-buffer v0.10.4
  Downloaded zmij v1.0.23
  Downloaded cfg-if v1.0.5
  Downloaded digest v0.10.7
  Downloaded itoa v1.0.18
  Downloaded crypto-common v0.1.7
  Downloaded sha2 v0.10.9
  Downloaded serde v1.0.229
  Downloaded hex v0.4.3
  Downloaded serde_derive v1.0.229
  Downloaded proc-macro2 v1.0.107
  Downloaded quote v1.0.47
  Downloaded memchr v2.8.3
  Downloaded typenum v1.20.1
  Downloaded serde_core v1.0.229
  Downloaded serde_json v1.0.151
  Downloaded version_check v0.9.5
  Downloaded generic-array v0.14.7
  Downloaded syn v3.0.6
  Downloaded libc v0.2.190
