   Compiling version_check v0.9.5
   Compiling typenum v1.20.1
   Compiling serde_core v1.0.229
   Compiling zmij v1.0.23
   Compiling serde_json v1.0.151
   Compiling generic-array v0.14.7
   Compiling memchr v2.8.3
   Compiling cfg-if v1.0.5
   Compiling cpufeatures v0.2.17
   Compiling itoa v1.0.18
   Compiling hex v0.4.3
   Compiling block-buffer v0.10.4
   Compiling crypto-common v0.1.7
   Compiling digest v0.10.7
   Compiling sha2 v0.10.9
   Compiling rb03-budget v0.1.0 (/home/runner/work/beehive-nature/beehive-nature/scripts/btungsten/rb03-budget)
warning: struct `In` is never constructed
  --> src/props.rs:20:19
   |
20 | pub(crate) struct In {
   |                   ^^
   |
   = note: `#[warn(dead_code)]` (part of `#[warn(unused)]`) on by default

warning: function `symbolic_inputs` is never used
  --> src/props.rs:28:15
   |
28 | pub(crate) fn symbolic_inputs() -> In {
   |               ^^^^^^^^^^^^^^^

warning: function `check_zero_gas_refuses` is never used
  --> src/props.rs:39:15
   |
39 | pub(crate) fn check_zero_gas_refuses(f: FeeCapFn) {
   |               ^^^^^^^^^^^^^^^^^^^^^^

warning: function `check_refuses_iff_unaffordable` is never used
  --> src/props.rs:46:15
   |
46 | pub(crate) fn check_refuses_iff_unaffordable(f: FeeCapFn, i: In) {
   |               ^^^^^^^^^^^^^^^^^^^^^^^^^^^^^^

warning: function `check_cap_at_least_fee` is never used
  --> src/props.rs:53:15
   |
53 | pub(crate) fn check_cap_at_least_fee(f: FeeCapFn) {
   |               ^^^^^^^^^^^^^^^^^^^^^^

warning: function `check_cap_fits` is never used
  --> src/props.rs:62:15
   |
62 | pub(crate) fn check_cap_fits(f: FeeCapFn, i: In) {
   |               ^^^^^^^^^^^^^^

warning: function `check_headroom_never_exceeded` is never used
  --> src/props.rs:71:15
   |
71 | pub(crate) fn check_headroom_never_exceeded(f: FeeCapFn) {
   |               ^^^^^^^^^^^^^^^^^^^^^^^^^^^^^

warning: function `check_headroom_granted_when_it_fits` is never used
  --> src/props.rs:81:15
   |
81 | pub(crate) fn check_headroom_granted_when_it_fits(f: FeeCapFn, i: In) {
   |               ^^^^^^^^^^^^^^^^^^^^^^^^^^^^^^^^^^^

warning: function `check_zero_den_reads_as_one` is never used
  --> src/props.rs:92:15
   |
92 | pub(crate) fn check_zero_den_reads_as_one(f: FeeCapFn) {
   |               ^^^^^^^^^^^^^^^^^^^^^^^^^^^

warning: function `check_refusal_reports_need` is never used
   --> src/props.rs:102:15
    |
102 | pub(crate) fn check_refusal_reports_need(f: FeeCapFn) {
    |               ^^^^^^^^^^^^^^^^^^^^^^^^^^

warning: function `p1_zero_gas_limit_refuses` is never used
   --> src/props.rs:112:4
    |
112 | fn p1_zero_gas_limit_refuses() {
    |    ^^^^^^^^^^^^^^^^^^^^^^^^^

warning: function `p2_refuses_iff_network_fee_unaffordable` is never used
   --> src/props.rs:117:4
    |
117 | fn p2_refuses_iff_network_fee_unaffordable() {
    |    ^^^^^^^^^^^^^^^^^^^^^^^^^^^^^^^^^^^^^^^

warning: function `p3_cap_at_least_network_fee` is never used
   --> src/props.rs:122:4
    |
122 | fn p3_cap_at_least_network_fee() {
    |    ^^^^^^^^^^^^^^^^^^^^^^^^^^^

warning: function `p4_cap_fits_remaining_budget` is never used
   --> src/props.rs:127:4
    |
127 | fn p4_cap_fits_remaining_budget() {
    |    ^^^^^^^^^^^^^^^^^^^^^^^^^^^^

warning: function `p5_headroom_never_exceeded` is never used
   --> src/props.rs:132:4
    |
132 | fn p5_headroom_never_exceeded() {
    |    ^^^^^^^^^^^^^^^^^^^^^^^^^^

warning: function `p6_headroom_granted_when_it_fits` is never used
   --> src/props.rs:137:4
    |
137 | fn p6_headroom_granted_when_it_fits() {
    |    ^^^^^^^^^^^^^^^^^^^^^^^^^^^^^^^^

warning: function `p7_zero_denominator_reads_as_one` is never used
   --> src/props.rs:142:4
    |
142 | fn p7_zero_denominator_reads_as_one() {
    |    ^^^^^^^^^^^^^^^^^^^^^^^^^^^^^^^^

warning: function `p8_gas_buffer_is_floor_six_fifths` is never used
   --> src/props.rs:149:4
    |
149 | fn p8_gas_buffer_is_floor_six_fifths() {
    |    ^^^^^^^^^^^^^^^^^^^^^^^^^^^^^^^^^

warning: function `p9_payment_floor_is_half_product` is never used
   --> src/props.rs:162:4
    |
162 | fn p9_payment_floor_is_half_product() {
    |    ^^^^^^^^^^^^^^^^^^^^^^^^^^^^^^^^

warning: function `p10_refusal_reports_the_need` is never used
   --> src/props.rs:173:4
    |
173 | fn p10_refusal_reports_the_need() {
    |    ^^^^^^^^^^^^^^^^^^^^^^^^^^^^

warning: constant `MAX` is never used
 --> src/vectors.rs:9:7
  |
9 | const MAX: u128 = u128::MAX;
  |       ^^^

warning: constant `CEILING` is never used
  --> src/vectors.rs:10:7
   |
10 | const CEILING: u128 = 200_000_000_000_000;
   |       ^^^^^^^

warning: constant `PLAN` is never used
  --> src/vectors.rs:13:7
   |
13 | const PLAN: &[(u128, u128, u128, u128, u128, Option<u128>)] = &[
   |       ^^^^

warning: constant `BUFFER` is never used
  --> src/vectors.rs:46:7
   |
46 | const BUFFER: &[(u64, u128)] = &[
   |       ^^^^^^

warning: function `plan_fee_cap_vectors` is never used
  --> src/vectors.rs:57:4
   |
57 | fn plan_fee_cap_vectors() {
   |    ^^^^^^^^^^^^^^^^^^^^

warning: function `gas_buffer_vectors` is never used
  --> src/vectors.rs:71:4
   |
71 | fn gas_buffer_vectors() {
   |    ^^^^^^^^^^^^^^^^^^

warning: function `payment_floor_vectors` is never used
  --> src/vectors.rs:79:4
   |
79 | fn payment_floor_vectors() {
   |    ^^^^^^^^^^^^^^^^^^^^^

Linking 34 mir files into /home/runner/work/_temp/rb-work/rb03-target/x86_64-unknown-linux-gnu/debug/deps/rb03_budget-49caa57252f8e228.linked-mir.json
warning: `rb03-budget` (lib test) generated 27 warnings
    Finished `test` profile [unoptimized + debuginfo] target(s) in 3.50s
  Executable unittests src/lib.rs (/home/runner/work/_temp/rb-work/rb03-target/x86_64-unknown-linux-gnu/debug/deps/rb03_budget-49caa57252f8e228)
