Loading file "rb02-aes256.saw"
Loading file "aes-lib.saw"
Loading file "../utils/list.saw"
Loading file "../utils/typenum.saw"
Verifying aes/599cc939::soft[0]::fixslice[0]::bitslice[0] ...
Simulating aes/599cc939::soft[0]::fixslice[0]::bitslice[0] ...
Checking proof obligations aes/599cc939::soft[0]::fixslice[0]::bitslice[0] ...
Proof succeeded! aes/599cc939::soft[0]::fixslice[0]::bitslice[0]
Verifying aes/599cc939::soft[0]::fixslice[0]::inv_bitslice[0] ...
Simulating aes/599cc939::soft[0]::fixslice[0]::inv_bitslice[0] ...
Checking proof obligations aes/599cc939::soft[0]::fixslice[0]::inv_bitslice[0] ...
Proof succeeded! aes/599cc939::soft[0]::fixslice[0]::inv_bitslice[0]
Verifying aes/599cc939::soft[0]::fixslice[0]::bitslice[0] ...
Simulating aes/599cc939::soft[0]::fixslice[0]::bitslice[0] ...
Checking proof obligations aes/599cc939::soft[0]::fixslice[0]::bitslice[0] ...
Proof succeeded! aes/599cc939::soft[0]::fixslice[0]::bitslice[0]
Verifying aes/599cc939::soft[0]::fixslice[0]::sub_bytes[0] ...
Simulating aes/599cc939::soft[0]::fixslice[0]::sub_bytes[0] ...
Checking proof obligations aes/599cc939::soft[0]::fixslice[0]::sub_bytes[0] ...
Proof succeeded! aes/599cc939::soft[0]::fixslice[0]::sub_bytes[0]
Verifying aes/599cc939::soft[0]::fixslice[0]::sub_bytes_nots[0] ...
Simulating aes/599cc939::soft[0]::fixslice[0]::sub_bytes_nots[0] ...
Checking proof obligations aes/599cc939::soft[0]::fixslice[0]::sub_bytes_nots[0] ...
Proof succeeded! aes/599cc939::soft[0]::fixslice[0]::sub_bytes_nots[0]
Verifying aes/599cc939::soft[0]::fixslice[0]::shift_rows_2[0] ...
Simulating aes/599cc939::soft[0]::fixslice[0]::shift_rows_2[0] ...
Checking proof obligations aes/599cc939::soft[0]::fixslice[0]::shift_rows_2[0] ...
Proof succeeded! aes/599cc939::soft[0]::fixslice[0]::shift_rows_2[0]
Verifying aes/599cc939::soft[0]::fixslice[0]::add_round_key[0] ...
Simulating aes/599cc939::soft[0]::fixslice[0]::add_round_key[0] ...
Checking proof obligations aes/599cc939::soft[0]::fixslice[0]::add_round_key[0] ...
Proof succeeded! aes/599cc939::soft[0]::fixslice[0]::add_round_key[0]
Verifying aes/599cc939::soft[0]::fixslice[0]::add_round_key[0] ...
Simulating aes/599cc939::soft[0]::fixslice[0]::add_round_key[0] ...
Checking proof obligations aes/599cc939::soft[0]::fixslice[0]::add_round_key[0] ...
Proof succeeded! aes/599cc939::soft[0]::fixslice[0]::add_round_key[0]
Verifying aes/599cc939::soft[0]::fixslice[0]::add_round_key[0] ...
Simulating aes/599cc939::soft[0]::fixslice[0]::add_round_key[0] ...
Checking proof obligations aes/599cc939::soft[0]::fixslice[0]::add_round_key[0] ...
Proof succeeded! aes/599cc939::soft[0]::fixslice[0]::add_round_key[0]
Verifying aes/599cc939::soft[0]::fixslice[0]::add_round_key[0] ...
Simulating aes/599cc939::soft[0]::fixslice[0]::add_round_key[0] ...
Checking proof obligations aes/599cc939::soft[0]::fixslice[0]::add_round_key[0] ...
Proof succeeded! aes/599cc939::soft[0]::fixslice[0]::add_round_key[0]
Verifying aes/599cc939::soft[0]::fixslice[0]::add_round_key[0] ...
Simulating aes/599cc939::soft[0]::fixslice[0]::add_round_key[0] ...
Checking proof obligations aes/599cc939::soft[0]::fixslice[0]::add_round_key[0] ...
Proof succeeded! aes/599cc939::soft[0]::fixslice[0]::add_round_key[0]
Verifying aes/599cc939::soft[0]::fixslice[0]::add_round_key[0] ...
Simulating aes/599cc939::soft[0]::fixslice[0]::add_round_key[0] ...
Checking proof obligations aes/599cc939::soft[0]::fixslice[0]::add_round_key[0] ...
Proof succeeded! aes/599cc939::soft[0]::fixslice[0]::add_round_key[0]
Verifying aes/599cc939::soft[0]::fixslice[0]::add_round_key[0] ...
Simulating aes/599cc939::soft[0]::fixslice[0]::add_round_key[0] ...
Checking proof obligations aes/599cc939::soft[0]::fixslice[0]::add_round_key[0] ...
Proof succeeded! aes/599cc939::soft[0]::fixslice[0]::add_round_key[0]
Verifying aes/599cc939::soft[0]::fixslice[0]::add_round_key[0] ...
Simulating aes/599cc939::soft[0]::fixslice[0]::add_round_key[0] ...
Checking proof obligations aes/599cc939::soft[0]::fixslice[0]::add_round_key[0] ...
Proof succeeded! aes/599cc939::soft[0]::fixslice[0]::add_round_key[0]
Verifying aes/599cc939::soft[0]::fixslice[0]::add_round_key[0] ...
Simulating aes/599cc939::soft[0]::fixslice[0]::add_round_key[0] ...
Checking proof obligations aes/599cc939::soft[0]::fixslice[0]::add_round_key[0] ...
Proof succeeded! aes/599cc939::soft[0]::fixslice[0]::add_round_key[0]
Verifying aes/599cc939::soft[0]::fixslice[0]::add_round_key[0] ...
Simulating aes/599cc939::soft[0]::fixslice[0]::add_round_key[0] ...
Checking proof obligations aes/599cc939::soft[0]::fixslice[0]::add_round_key[0] ...
Proof succeeded! aes/599cc939::soft[0]::fixslice[0]::add_round_key[0]
Verifying aes/599cc939::soft[0]::fixslice[0]::add_round_key[0] ...
Simulating aes/599cc939::soft[0]::fixslice[0]::add_round_key[0] ...
Checking proof obligations aes/599cc939::soft[0]::fixslice[0]::add_round_key[0] ...
Proof succeeded! aes/599cc939::soft[0]::fixslice[0]::add_round_key[0]
Verifying aes/599cc939::soft[0]::fixslice[0]::bitslice[0] ...
Simulating aes/599cc939::soft[0]::fixslice[0]::bitslice[0] ...
Checking proof obligations aes/599cc939::soft[0]::fixslice[0]::bitslice[0] ...
Proof succeeded! aes/599cc939::soft[0]::fixslice[0]::bitslice[0]
Verifying aes/599cc939::soft[0]::fixslice[0]::bitslice[0] ...
Simulating aes/599cc939::soft[0]::fixslice[0]::bitslice[0] ...
Checking proof obligations aes/599cc939::soft[0]::fixslice[0]::bitslice[0] ...
Proof succeeded! aes/599cc939::soft[0]::fixslice[0]::bitslice[0]
Verifying aes/599cc939::soft[0]::fixslice[0]::sub_bytes[0] ...
Simulating aes/599cc939::soft[0]::fixslice[0]::sub_bytes[0] ...
Checking proof obligations aes/599cc939::soft[0]::fixslice[0]::sub_bytes[0] ...
Proof succeeded! aes/599cc939::soft[0]::fixslice[0]::sub_bytes[0]
Verifying aes/599cc939::soft[0]::fixslice[0]::sub_bytes_nots[0] ...
Simulating aes/599cc939::soft[0]::fixslice[0]::sub_bytes_nots[0] ...
Checking proof obligations aes/599cc939::soft[0]::fixslice[0]::sub_bytes_nots[0] ...
Proof succeeded! aes/599cc939::soft[0]::fixslice[0]::sub_bytes_nots[0]
Verifying aes/599cc939::soft[0]::fixslice[0]::shift_rows_2[0] ...
Simulating aes/599cc939::soft[0]::fixslice[0]::shift_rows_2[0] ...
Checking proof obligations aes/599cc939::soft[0]::fixslice[0]::shift_rows_2[0] ...
Proof succeeded! aes/599cc939::soft[0]::fixslice[0]::shift_rows_2[0]
Verifying aes/599cc939::soft[0]::fixslice[0]::add_round_key[0] ...
Simulating aes/599cc939::soft[0]::fixslice[0]::add_round_key[0] ...
Checking proof obligations aes/599cc939::soft[0]::fixslice[0]::add_round_key[0] ...
Proof succeeded! aes/599cc939::soft[0]::fixslice[0]::add_round_key[0]
Verifying aes/599cc939::soft[0]::fixslice[0]::add_round_key[0] ...
Simulating aes/599cc939::soft[0]::fixslice[0]::add_round_key[0] ...
Checking proof obligations aes/599cc939::soft[0]::fixslice[0]::add_round_key[0] ...
Proof succeeded! aes/599cc939::soft[0]::fixslice[0]::add_round_key[0]
Verifying aes/599cc939::soft[0]::fixslice[0]::add_round_key[0] ...
Simulating aes/599cc939::soft[0]::fixslice[0]::add_round_key[0] ...
Checking proof obligations aes/599cc939::soft[0]::fixslice[0]::add_round_key[0] ...
Proof succeeded! aes/599cc939::soft[0]::fixslice[0]::add_round_key[0]
Verifying aes/599cc939::soft[0]::fixslice[0]::add_round_key[0] ...
Simulating aes/599cc939::soft[0]::fixslice[0]::add_round_key[0] ...
Checking proof obligations aes/599cc939::soft[0]::fixslice[0]::add_round_key[0] ...
Proof succeeded! aes/599cc939::soft[0]::fixslice[0]::add_round_key[0]
Verifying aes/599cc939::soft[0]::fixslice[0]::add_round_key[0] ...
Simulating aes/599cc939::soft[0]::fixslice[0]::add_round_key[0] ...
Checking proof obligations aes/599cc939::soft[0]::fixslice[0]::add_round_key[0] ...
Proof succeeded! aes/599cc939::soft[0]::fixslice[0]::add_round_key[0]
Verifying aes/599cc939::soft[0]::fixslice[0]::add_round_key[0] ...
Simulating aes/599cc939::soft[0]::fixslice[0]::add_round_key[0] ...
Checking proof obligations aes/599cc939::soft[0]::fixslice[0]::add_round_key[0] ...
Proof succeeded! aes/599cc939::soft[0]::fixslice[0]::add_round_key[0]
Verifying aes/599cc939::soft[0]::fixslice[0]::add_round_key[0] ...
Simulating aes/599cc939::soft[0]::fixslice[0]::add_round_key[0] ...
Checking proof obligations aes/599cc939::soft[0]::fixslice[0]::add_round_key[0] ...
Proof succeeded! aes/599cc939::soft[0]::fixslice[0]::add_round_key[0]
Verifying aes/599cc939::soft[0]::fixslice[0]::add_round_key[0] ...
Simulating aes/599cc939::soft[0]::fixslice[0]::add_round_key[0] ...
Checking proof obligations aes/599cc939::soft[0]::fixslice[0]::add_round_key[0] ...
Proof succeeded! aes/599cc939::soft[0]::fixslice[0]::add_round_key[0]
Verifying aes/599cc939::soft[0]::fixslice[0]::add_round_key[0] ...
Simulating aes/599cc939::soft[0]::fixslice[0]::add_round_key[0] ...
Checking proof obligations aes/599cc939::soft[0]::fixslice[0]::add_round_key[0] ...
Proof succeeded! aes/599cc939::soft[0]::fixslice[0]::add_round_key[0]
Verifying aes/599cc939::soft[0]::fixslice[0]::add_round_key[0] ...
Simulating aes/599cc939::soft[0]::fixslice[0]::add_round_key[0] ...
Checking proof obligations aes/599cc939::soft[0]::fixslice[0]::add_round_key[0] ...
Proof succeeded! aes/599cc939::soft[0]::fixslice[0]::add_round_key[0]
Verifying aes/599cc939::soft[0]::fixslice[0]::add_round_key[0] ...
Simulating aes/599cc939::soft[0]::fixslice[0]::add_round_key[0] ...
Checking proof obligations aes/599cc939::soft[0]::fixslice[0]::add_round_key[0] ...
Proof succeeded! aes/599cc939::soft[0]::fixslice[0]::add_round_key[0]
Verifying aes/599cc939::soft[0]::fixslice[0]::add_round_key[0] ...
Simulating aes/599cc939::soft[0]::fixslice[0]::add_round_key[0] ...
Checking proof obligations aes/599cc939::soft[0]::fixslice[0]::add_round_key[0] ...
Proof succeeded! aes/599cc939::soft[0]::fixslice[0]::add_round_key[0]
Verifying aes/599cc939::soft[0]::fixslice[0]::add_round_key[0] ...
Simulating aes/599cc939::soft[0]::fixslice[0]::add_round_key[0] ...
Checking proof obligations aes/599cc939::soft[0]::fixslice[0]::add_round_key[0] ...
Proof succeeded! aes/599cc939::soft[0]::fixslice[0]::add_round_key[0]
Verifying aes/599cc939::soft[0]::fixslice[0]::bitslice[0] ...
Simulating aes/599cc939::soft[0]::fixslice[0]::bitslice[0] ...
Checking proof obligations aes/599cc939::soft[0]::fixslice[0]::bitslice[0] ...
Proof succeeded! aes/599cc939::soft[0]::fixslice[0]::bitslice[0]
Verifying aes/599cc939::soft[0]::fixslice[0]::bitslice[0] ...
Simulating aes/599cc939::soft[0]::fixslice[0]::bitslice[0] ...
Checking proof obligations aes/599cc939::soft[0]::fixslice[0]::bitslice[0] ...
Proof succeeded! aes/599cc939::soft[0]::fixslice[0]::bitslice[0]
Verifying aes/599cc939::soft[0]::fixslice[0]::sub_bytes[0] ...
Simulating aes/599cc939::soft[0]::fixslice[0]::sub_bytes[0] ...
Checking proof obligations aes/599cc939::soft[0]::fixslice[0]::sub_bytes[0] ...
Proof succeeded! aes/599cc939::soft[0]::fixslice[0]::sub_bytes[0]
Verifying aes/599cc939::soft[0]::fixslice[0]::sub_bytes_nots[0] ...
Simulating aes/599cc939::soft[0]::fixslice[0]::sub_bytes_nots[0] ...
Checking proof obligations aes/599cc939::soft[0]::fixslice[0]::sub_bytes_nots[0] ...
Proof succeeded! aes/599cc939::soft[0]::fixslice[0]::sub_bytes_nots[0]
Verifying aes/599cc939::soft[0]::fixslice[0]::shift_rows_2[0] ...
Simulating aes/599cc939::soft[0]::fixslice[0]::shift_rows_2[0] ...
Checking proof obligations aes/599cc939::soft[0]::fixslice[0]::shift_rows_2[0] ...
Proof succeeded! aes/599cc939::soft[0]::fixslice[0]::shift_rows_2[0]
Verifying aes/599cc939::soft[0]::fixslice[0]::add_round_key[0] ...
Simulating aes/599cc939::soft[0]::fixslice[0]::add_round_key[0] ...
Checking proof obligations aes/599cc939::soft[0]::fixslice[0]::add_round_key[0] ...
Proof succeeded! aes/599cc939::soft[0]::fixslice[0]::add_round_key[0]
Verifying aes/599cc939::soft[0]::fixslice[0]::add_round_key[0] ...
Simulating aes/599cc939::soft[0]::fixslice[0]::add_round_key[0] ...
Checking proof obligations aes/599cc939::soft[0]::fixslice[0]::add_round_key[0] ...
Proof succeeded! aes/599cc939::soft[0]::fixslice[0]::add_round_key[0]
Verifying aes/599cc939::soft[0]::fixslice[0]::add_round_key[0] ...
Simulating aes/599cc939::soft[0]::fixslice[0]::add_round_key[0] ...
Checking proof obligations aes/599cc939::soft[0]::fixslice[0]::add_round_key[0] ...
Proof succeeded! aes/599cc939::soft[0]::fixslice[0]::add_round_key[0]
Verifying aes/599cc939::soft[0]::fixslice[0]::add_round_key[0] ...
Simulating aes/599cc939::soft[0]::fixslice[0]::add_round_key[0] ...
Checking proof obligations aes/599cc939::soft[0]::fixslice[0]::add_round_key[0] ...
Proof succeeded! aes/599cc939::soft[0]::fixslice[0]::add_round_key[0]
Verifying aes/599cc939::soft[0]::fixslice[0]::add_round_key[0] ...
Simulating aes/599cc939::soft[0]::fixslice[0]::add_round_key[0] ...
Checking proof obligations aes/599cc939::soft[0]::fixslice[0]::add_round_key[0] ...
Proof succeeded! aes/599cc939::soft[0]::fixslice[0]::add_round_key[0]
Verifying aes/599cc939::soft[0]::fixslice[0]::add_round_key[0] ...
Simulating aes/599cc939::soft[0]::fixslice[0]::add_round_key[0] ...
Checking proof obligations aes/599cc939::soft[0]::fixslice[0]::add_round_key[0] ...
Proof succeeded! aes/599cc939::soft[0]::fixslice[0]::add_round_key[0]
Verifying aes/599cc939::soft[0]::fixslice[0]::add_round_key[0] ...
Simulating aes/599cc939::soft[0]::fixslice[0]::add_round_key[0] ...
Checking proof obligations aes/599cc939::soft[0]::fixslice[0]::add_round_key[0] ...
Proof succeeded! aes/599cc939::soft[0]::fixslice[0]::add_round_key[0]
Verifying aes/599cc939::soft[0]::fixslice[0]::add_round_key[0] ...
Simulating aes/599cc939::soft[0]::fixslice[0]::add_round_key[0] ...
Checking proof obligations aes/599cc939::soft[0]::fixslice[0]::add_round_key[0] ...
Proof succeeded! aes/599cc939::soft[0]::fixslice[0]::add_round_key[0]
Verifying aes/599cc939::soft[0]::fixslice[0]::add_round_key[0] ...
Simulating aes/599cc939::soft[0]::fixslice[0]::add_round_key[0] ...
Checking proof obligations aes/599cc939::soft[0]::fixslice[0]::add_round_key[0] ...
Proof succeeded! aes/599cc939::soft[0]::fixslice[0]::add_round_key[0]
Verifying aes/599cc939::soft[0]::fixslice[0]::add_round_key[0] ...
Simulating aes/599cc939::soft[0]::fixslice[0]::add_round_key[0] ...
Checking proof obligations aes/599cc939::soft[0]::fixslice[0]::add_round_key[0] ...
Proof succeeded! aes/599cc939::soft[0]::fixslice[0]::add_round_key[0]
Verifying aes/599cc939::soft[0]::fixslice[0]::add_round_key[0] ...
Simulating aes/599cc939::soft[0]::fixslice[0]::add_round_key[0] ...
Checking proof obligations aes/599cc939::soft[0]::fixslice[0]::add_round_key[0] ...
Proof succeeded! aes/599cc939::soft[0]::fixslice[0]::add_round_key[0]
Verifying aes/599cc939::soft[0]::fixslice[0]::add_round_key[0] ...
Simulating aes/599cc939::soft[0]::fixslice[0]::add_round_key[0] ...
Checking proof obligations aes/599cc939::soft[0]::fixslice[0]::add_round_key[0] ...
Proof succeeded! aes/599cc939::soft[0]::fixslice[0]::add_round_key[0]
Verifying aes/599cc939::soft[0]::fixslice[0]::add_round_key[0] ...
Simulating aes/599cc939::soft[0]::fixslice[0]::add_round_key[0] ...
Checking proof obligations aes/599cc939::soft[0]::fixslice[0]::add_round_key[0] ...
Proof succeeded! aes/599cc939::soft[0]::fixslice[0]::add_round_key[0]
Verifying aes/599cc939::soft[0]::fixslice[0]::add_round_key[0] ...
Simulating aes/599cc939::soft[0]::fixslice[0]::add_round_key[0] ...
Checking proof obligations aes/599cc939::soft[0]::fixslice[0]::add_round_key[0] ...
Proof succeeded! aes/599cc939::soft[0]::fixslice[0]::add_round_key[0]
Verifying aes/599cc939::soft[0]::fixslice[0]::add_round_key[0] ...
Simulating aes/599cc939::soft[0]::fixslice[0]::add_round_key[0] ...
Checking proof obligations aes/599cc939::soft[0]::fixslice[0]::add_round_key[0] ...
Proof succeeded! aes/599cc939::soft[0]::fixslice[0]::add_round_key[0]
Verifying aes/599cc939::soft[0]::fixslice[0]::sub_bytes[0] ...
Simulating aes/599cc939::soft[0]::fixslice[0]::sub_bytes[0] ...
Checking proof obligations aes/599cc939::soft[0]::fixslice[0]::sub_bytes[0] ...
Proof succeeded! aes/599cc939::soft[0]::fixslice[0]::sub_bytes[0]
Verifying aes/599cc939::soft[0]::fixslice[0]::sub_bytes[0] ...
Simulating aes/599cc939::soft[0]::fixslice[0]::sub_bytes[0] ...
Checking proof obligations aes/599cc939::soft[0]::fixslice[0]::sub_bytes[0] ...
Proof succeeded! aes/599cc939::soft[0]::fixslice[0]::sub_bytes[0]
Verifying aes/599cc939::soft[0]::fixslice[0]::sub_bytes[0] ...
Simulating aes/599cc939::soft[0]::fixslice[0]::sub_bytes[0] ...
Checking proof obligations aes/599cc939::soft[0]::fixslice[0]::sub_bytes[0] ...
Proof succeeded! aes/599cc939::soft[0]::fixslice[0]::sub_bytes[0]
Verifying aes/599cc939::soft[0]::fixslice[0]::sub_bytes[0] ...
Simulating aes/599cc939::soft[0]::fixslice[0]::sub_bytes[0] ...
Checking proof obligations aes/599cc939::soft[0]::fixslice[0]::sub_bytes[0] ...
Proof succeeded! aes/599cc939::soft[0]::fixslice[0]::sub_bytes[0]
Verifying aes/599cc939::soft[0]::fixslice[0]::sub_bytes[0] ...
Simulating aes/599cc939::soft[0]::fixslice[0]::sub_bytes[0] ...
Checking proof obligations aes/599cc939::soft[0]::fixslice[0]::sub_bytes[0] ...
Proof succeeded! aes/599cc939::soft[0]::fixslice[0]::sub_bytes[0]
Verifying aes/599cc939::soft[0]::fixslice[0]::sub_bytes[0] ...
Simulating aes/599cc939::soft[0]::fixslice[0]::sub_bytes[0] ...
Checking proof obligations aes/599cc939::soft[0]::fixslice[0]::sub_bytes[0] ...
Proof succeeded! aes/599cc939::soft[0]::fixslice[0]::sub_bytes[0]
Verifying aes/599cc939::soft[0]::fixslice[0]::sub_bytes[0] ...
Simulating aes/599cc939::soft[0]::fixslice[0]::sub_bytes[0] ...
Checking proof obligations aes/599cc939::soft[0]::fixslice[0]::sub_bytes[0] ...
Proof succeeded! aes/599cc939::soft[0]::fixslice[0]::sub_bytes[0]
Verifying aes/599cc939::soft[0]::fixslice[0]::sub_bytes[0] ...
Simulating aes/599cc939::soft[0]::fixslice[0]::sub_bytes[0] ...
Checking proof obligations aes/599cc939::soft[0]::fixslice[0]::sub_bytes[0] ...
Proof succeeded! aes/599cc939::soft[0]::fixslice[0]::sub_bytes[0]
Verifying aes/599cc939::soft[0]::fixslice[0]::sub_bytes[0] ...
Simulating aes/599cc939::soft[0]::fixslice[0]::sub_bytes[0] ...
Checking proof obligations aes/599cc939::soft[0]::fixslice[0]::sub_bytes[0] ...
Proof succeeded! aes/599cc939::soft[0]::fixslice[0]::sub_bytes[0]
Verifying aes/599cc939::soft[0]::fixslice[0]::sub_bytes[0] ...
Simulating aes/599cc939::soft[0]::fixslice[0]::sub_bytes[0] ...
Checking proof obligations aes/599cc939::soft[0]::fixslice[0]::sub_bytes[0] ...
Proof succeeded! aes/599cc939::soft[0]::fixslice[0]::sub_bytes[0]
Verifying aes/599cc939::soft[0]::fixslice[0]::sub_bytes[0] ...
Simulating aes/599cc939::soft[0]::fixslice[0]::sub_bytes[0] ...
Checking proof obligations aes/599cc939::soft[0]::fixslice[0]::sub_bytes[0] ...
Proof succeeded! aes/599cc939::soft[0]::fixslice[0]::sub_bytes[0]
Verifying aes/599cc939::soft[0]::fixslice[0]::sub_bytes[0] ...
Simulating aes/599cc939::soft[0]::fixslice[0]::sub_bytes[0] ...
Checking proof obligations aes/599cc939::soft[0]::fixslice[0]::sub_bytes[0] ...
Proof succeeded! aes/599cc939::soft[0]::fixslice[0]::sub_bytes[0]
Verifying aes/599cc939::soft[0]::fixslice[0]::sub_bytes[0] ...
Simulating aes/599cc939::soft[0]::fixslice[0]::sub_bytes[0] ...
Checking proof obligations aes/599cc939::soft[0]::fixslice[0]::sub_bytes[0] ...
Proof succeeded! aes/599cc939::soft[0]::fixslice[0]::sub_bytes[0]
Verifying aes/599cc939::soft[0]::fixslice[0]::sub_bytes[0] ...
Simulating aes/599cc939::soft[0]::fixslice[0]::sub_bytes[0] ...
Checking proof obligations aes/599cc939::soft[0]::fixslice[0]::sub_bytes[0] ...
Proof succeeded! aes/599cc939::soft[0]::fixslice[0]::sub_bytes[0]
Verifying aes/599cc939::soft[0]::fixslice[0]::sub_bytes[0] ...
Simulating aes/599cc939::soft[0]::fixslice[0]::sub_bytes[0] ...
Checking proof obligations aes/599cc939::soft[0]::fixslice[0]::sub_bytes[0] ...
Proof succeeded! aes/599cc939::soft[0]::fixslice[0]::sub_bytes[0]
Verifying aes/599cc939::soft[0]::fixslice[0]::sub_bytes_nots[0] ...
Simulating aes/599cc939::soft[0]::fixslice[0]::sub_bytes_nots[0] ...
Checking proof obligations aes/599cc939::soft[0]::fixslice[0]::sub_bytes_nots[0] ...
Proof succeeded! aes/599cc939::soft[0]::fixslice[0]::sub_bytes_nots[0]
Verifying aes/599cc939::soft[0]::fixslice[0]::sub_bytes_nots[0] ...
Simulating aes/599cc939::soft[0]::fixslice[0]::sub_bytes_nots[0] ...
Checking proof obligations aes/599cc939::soft[0]::fixslice[0]::sub_bytes_nots[0] ...
Proof succeeded! aes/599cc939::soft[0]::fixslice[0]::sub_bytes_nots[0]
Verifying aes/599cc939::soft[0]::fixslice[0]::sub_bytes_nots[0] ...
Simulating aes/599cc939::soft[0]::fixslice[0]::sub_bytes_nots[0] ...
Checking proof obligations aes/599cc939::soft[0]::fixslice[0]::sub_bytes_nots[0] ...
Proof succeeded! aes/599cc939::soft[0]::fixslice[0]::sub_bytes_nots[0]
Verifying aes/599cc939::soft[0]::fixslice[0]::sub_bytes_nots[0] ...
Simulating aes/599cc939::soft[0]::fixslice[0]::sub_bytes_nots[0] ...
Checking proof obligations aes/599cc939::soft[0]::fixslice[0]::sub_bytes_nots[0] ...
Proof succeeded! aes/599cc939::soft[0]::fixslice[0]::sub_bytes_nots[0]
Verifying aes/599cc939::soft[0]::fixslice[0]::sub_bytes_nots[0] ...
Simulating aes/599cc939::soft[0]::fixslice[0]::sub_bytes_nots[0] ...
Checking proof obligations aes/599cc939::soft[0]::fixslice[0]::sub_bytes_nots[0] ...
Proof succeeded! aes/599cc939::soft[0]::fixslice[0]::sub_bytes_nots[0]
Verifying aes/599cc939::soft[0]::fixslice[0]::sub_bytes_nots[0] ...
Simulating aes/599cc939::soft[0]::fixslice[0]::sub_bytes_nots[0] ...
Checking proof obligations aes/599cc939::soft[0]::fixslice[0]::sub_bytes_nots[0] ...
Proof succeeded! aes/599cc939::soft[0]::fixslice[0]::sub_bytes_nots[0]
Verifying aes/599cc939::soft[0]::fixslice[0]::sub_bytes_nots[0] ...
Simulating aes/599cc939::soft[0]::fixslice[0]::sub_bytes_nots[0] ...
Checking proof obligations aes/599cc939::soft[0]::fixslice[0]::sub_bytes_nots[0] ...
Proof succeeded! aes/599cc939::soft[0]::fixslice[0]::sub_bytes_nots[0]
Verifying aes/599cc939::soft[0]::fixslice[0]::sub_bytes_nots[0] ...
Simulating aes/599cc939::soft[0]::fixslice[0]::sub_bytes_nots[0] ...
Checking proof obligations aes/599cc939::soft[0]::fixslice[0]::sub_bytes_nots[0] ...
Proof succeeded! aes/599cc939::soft[0]::fixslice[0]::sub_bytes_nots[0]
Verifying aes/599cc939::soft[0]::fixslice[0]::sub_bytes_nots[0] ...
Simulating aes/599cc939::soft[0]::fixslice[0]::sub_bytes_nots[0] ...
Checking proof obligations aes/599cc939::soft[0]::fixslice[0]::sub_bytes_nots[0] ...
Proof succeeded! aes/599cc939::soft[0]::fixslice[0]::sub_bytes_nots[0]
Verifying aes/599cc939::soft[0]::fixslice[0]::sub_bytes_nots[0] ...
Simulating aes/599cc939::soft[0]::fixslice[0]::sub_bytes_nots[0] ...
Checking proof obligations aes/599cc939::soft[0]::fixslice[0]::sub_bytes_nots[0] ...
Proof succeeded! aes/599cc939::soft[0]::fixslice[0]::sub_bytes_nots[0]
Verifying aes/599cc939::soft[0]::fixslice[0]::sub_bytes_nots[0] ...
Simulating aes/599cc939::soft[0]::fixslice[0]::sub_bytes_nots[0] ...
Checking proof obligations aes/599cc939::soft[0]::fixslice[0]::sub_bytes_nots[0] ...
Proof succeeded! aes/599cc939::soft[0]::fixslice[0]::sub_bytes_nots[0]
Verifying aes/599cc939::soft[0]::fixslice[0]::sub_bytes_nots[0] ...
Simulating aes/599cc939::soft[0]::fixslice[0]::sub_bytes_nots[0] ...
Checking proof obligations aes/599cc939::soft[0]::fixslice[0]::sub_bytes_nots[0] ...
Proof succeeded! aes/599cc939::soft[0]::fixslice[0]::sub_bytes_nots[0]
Verifying aes/599cc939::soft[0]::fixslice[0]::sub_bytes_nots[0] ...
Simulating aes/599cc939::soft[0]::fixslice[0]::sub_bytes_nots[0] ...
Checking proof obligations aes/599cc939::soft[0]::fixslice[0]::sub_bytes_nots[0] ...
Proof succeeded! aes/599cc939::soft[0]::fixslice[0]::sub_bytes_nots[0]
Verifying aes/599cc939::soft[0]::fixslice[0]::sub_bytes_nots[0] ...
Simulating aes/599cc939::soft[0]::fixslice[0]::sub_bytes_nots[0] ...
Checking proof obligations aes/599cc939::soft[0]::fixslice[0]::sub_bytes_nots[0] ...
Proof succeeded! aes/599cc939::soft[0]::fixslice[0]::sub_bytes_nots[0]
Verifying aes/599cc939::soft[0]::fixslice[0]::sub_bytes_nots[0] ...
Simulating aes/599cc939::soft[0]::fixslice[0]::sub_bytes_nots[0] ...
Checking proof obligations aes/599cc939::soft[0]::fixslice[0]::sub_bytes_nots[0] ...
Proof succeeded! aes/599cc939::soft[0]::fixslice[0]::sub_bytes_nots[0]
Verifying aes/599cc939::soft[0]::fixslice[0]::inv_shift_rows_1[0] ...
Simulating aes/599cc939::soft[0]::fixslice[0]::inv_shift_rows_1[0] ...
Checking proof obligations aes/599cc939::soft[0]::fixslice[0]::inv_shift_rows_1[0] ...
Proof succeeded! aes/599cc939::soft[0]::fixslice[0]::inv_shift_rows_1[0]
Verifying aes/599cc939::soft[0]::fixslice[0]::inv_shift_rows_1[0] ...
Simulating aes/599cc939::soft[0]::fixslice[0]::inv_shift_rows_1[0] ...
Checking proof obligations aes/599cc939::soft[0]::fixslice[0]::inv_shift_rows_1[0] ...
Proof succeeded! aes/599cc939::soft[0]::fixslice[0]::inv_shift_rows_1[0]
Verifying aes/599cc939::soft[0]::fixslice[0]::inv_shift_rows_1[0] ...
Simulating aes/599cc939::soft[0]::fixslice[0]::inv_shift_rows_1[0] ...
Checking proof obligations aes/599cc939::soft[0]::fixslice[0]::inv_shift_rows_1[0] ...
Proof succeeded! aes/599cc939::soft[0]::fixslice[0]::inv_shift_rows_1[0]
Verifying aes/599cc939::soft[0]::fixslice[0]::inv_shift_rows_1[0] ...
Simulating aes/599cc939::soft[0]::fixslice[0]::inv_shift_rows_1[0] ...
Checking proof obligations aes/599cc939::soft[0]::fixslice[0]::inv_shift_rows_1[0] ...
Proof succeeded! aes/599cc939::soft[0]::fixslice[0]::inv_shift_rows_1[0]
Verifying aes/599cc939::soft[0]::fixslice[0]::inv_shift_rows_1[0] ...
Simulating aes/599cc939::soft[0]::fixslice[0]::inv_shift_rows_1[0] ...
Checking proof obligations aes/599cc939::soft[0]::fixslice[0]::inv_shift_rows_1[0] ...
Proof succeeded! aes/599cc939::soft[0]::fixslice[0]::inv_shift_rows_1[0]
Verifying aes/599cc939::soft[0]::fixslice[0]::inv_shift_rows_1[0] ...
Simulating aes/599cc939::soft[0]::fixslice[0]::inv_shift_rows_1[0] ...
Checking proof obligations aes/599cc939::soft[0]::fixslice[0]::inv_shift_rows_1[0] ...
Proof succeeded! aes/599cc939::soft[0]::fixslice[0]::inv_shift_rows_1[0]
Verifying aes/599cc939::soft[0]::fixslice[0]::inv_shift_rows_1[0] ...
Simulating aes/599cc939::soft[0]::fixslice[0]::inv_shift_rows_1[0] ...
Checking proof obligations aes/599cc939::soft[0]::fixslice[0]::inv_shift_rows_1[0] ...
Proof succeeded! aes/599cc939::soft[0]::fixslice[0]::inv_shift_rows_1[0]
Verifying aes/599cc939::soft[0]::fixslice[0]::inv_shift_rows_1[0] ...
Simulating aes/599cc939::soft[0]::fixslice[0]::inv_shift_rows_1[0] ...
Checking proof obligations aes/599cc939::soft[0]::fixslice[0]::inv_shift_rows_1[0] ...
Proof succeeded! aes/599cc939::soft[0]::fixslice[0]::inv_shift_rows_1[0]
Verifying aes/599cc939::soft[0]::fixslice[0]::inv_shift_rows_1[0] ...
Simulating aes/599cc939::soft[0]::fixslice[0]::inv_shift_rows_1[0] ...
Checking proof obligations aes/599cc939::soft[0]::fixslice[0]::inv_shift_rows_1[0] ...
Proof succeeded! aes/599cc939::soft[0]::fixslice[0]::inv_shift_rows_1[0]
Verifying aes/599cc939::soft[0]::fixslice[0]::inv_shift_rows_1[0] ...
Simulating aes/599cc939::soft[0]::fixslice[0]::inv_shift_rows_1[0] ...
Checking proof obligations aes/599cc939::soft[0]::fixslice[0]::inv_shift_rows_1[0] ...
Proof succeeded! aes/599cc939::soft[0]::fixslice[0]::inv_shift_rows_1[0]
Verifying aes/599cc939::soft[0]::fixslice[0]::inv_shift_rows_1[0] ...
Simulating aes/599cc939::soft[0]::fixslice[0]::inv_shift_rows_1[0] ...
Checking proof obligations aes/599cc939::soft[0]::fixslice[0]::inv_shift_rows_1[0] ...
Proof succeeded! aes/599cc939::soft[0]::fixslice[0]::inv_shift_rows_1[0]
Verifying aes/599cc939::soft[0]::fixslice[0]::inv_shift_rows_1[0] ...
Simulating aes/599cc939::soft[0]::fixslice[0]::inv_shift_rows_1[0] ...
Checking proof obligations aes/599cc939::soft[0]::fixslice[0]::inv_shift_rows_1[0] ...
Proof succeeded! aes/599cc939::soft[0]::fixslice[0]::inv_shift_rows_1[0]
Verifying aes/599cc939::soft[0]::fixslice[0]::inv_shift_rows_1[0] ...
Simulating aes/599cc939::soft[0]::fixslice[0]::inv_shift_rows_1[0] ...
Checking proof obligations aes/599cc939::soft[0]::fixslice[0]::inv_shift_rows_1[0] ...
Proof succeeded! aes/599cc939::soft[0]::fixslice[0]::inv_shift_rows_1[0]
Verifying aes/599cc939::soft[0]::fixslice[0]::inv_shift_rows_1[0] ...
Simulating aes/599cc939::soft[0]::fixslice[0]::inv_shift_rows_1[0] ...
Checking proof obligations aes/599cc939::soft[0]::fixslice[0]::inv_shift_rows_1[0] ...
Proof succeeded! aes/599cc939::soft[0]::fixslice[0]::inv_shift_rows_1[0]
Verifying aes/599cc939::soft[0]::fixslice[0]::inv_shift_rows_1[0] ...
Simulating aes/599cc939::soft[0]::fixslice[0]::inv_shift_rows_1[0] ...
Checking proof obligations aes/599cc939::soft[0]::fixslice[0]::inv_shift_rows_1[0] ...
Proof succeeded! aes/599cc939::soft[0]::fixslice[0]::inv_shift_rows_1[0]
Verifying aes/599cc939::soft[0]::fixslice[0]::inv_shift_rows_2[0] ...
Simulating aes/599cc939::soft[0]::fixslice[0]::inv_shift_rows_2[0] ...
Checking proof obligations aes/599cc939::soft[0]::fixslice[0]::inv_shift_rows_2[0] ...
Proof succeeded! aes/599cc939::soft[0]::fixslice[0]::inv_shift_rows_2[0]
Verifying aes/599cc939::soft[0]::fixslice[0]::inv_shift_rows_2[0] ...
Simulating aes/599cc939::soft[0]::fixslice[0]::inv_shift_rows_2[0] ...
Checking proof obligations aes/599cc939::soft[0]::fixslice[0]::inv_shift_rows_2[0] ...
Proof succeeded! aes/599cc939::soft[0]::fixslice[0]::inv_shift_rows_2[0]
Verifying aes/599cc939::soft[0]::fixslice[0]::inv_shift_rows_2[0] ...
Simulating aes/599cc939::soft[0]::fixslice[0]::inv_shift_rows_2[0] ...
Checking proof obligations aes/599cc939::soft[0]::fixslice[0]::inv_shift_rows_2[0] ...
Proof succeeded! aes/599cc939::soft[0]::fixslice[0]::inv_shift_rows_2[0]
Verifying aes/599cc939::soft[0]::fixslice[0]::inv_shift_rows_2[0] ...
Simulating aes/599cc939::soft[0]::fixslice[0]::inv_shift_rows_2[0] ...
Checking proof obligations aes/599cc939::soft[0]::fixslice[0]::inv_shift_rows_2[0] ...
Proof succeeded! aes/599cc939::soft[0]::fixslice[0]::inv_shift_rows_2[0]
Verifying aes/599cc939::soft[0]::fixslice[0]::inv_shift_rows_2[0] ...
Simulating aes/599cc939::soft[0]::fixslice[0]::inv_shift_rows_2[0] ...
Checking proof obligations aes/599cc939::soft[0]::fixslice[0]::inv_shift_rows_2[0] ...
Proof succeeded! aes/599cc939::soft[0]::fixslice[0]::inv_shift_rows_2[0]
Verifying aes/599cc939::soft[0]::fixslice[0]::inv_shift_rows_2[0] ...
Simulating aes/599cc939::soft[0]::fixslice[0]::inv_shift_rows_2[0] ...
Checking proof obligations aes/599cc939::soft[0]::fixslice[0]::inv_shift_rows_2[0] ...
Proof succeeded! aes/599cc939::soft[0]::fixslice[0]::inv_shift_rows_2[0]
Verifying aes/599cc939::soft[0]::fixslice[0]::inv_shift_rows_2[0] ...
Simulating aes/599cc939::soft[0]::fixslice[0]::inv_shift_rows_2[0] ...
Checking proof obligations aes/599cc939::soft[0]::fixslice[0]::inv_shift_rows_2[0] ...
Proof succeeded! aes/599cc939::soft[0]::fixslice[0]::inv_shift_rows_2[0]
Verifying aes/599cc939::soft[0]::fixslice[0]::inv_shift_rows_2[0] ...
Simulating aes/599cc939::soft[0]::fixslice[0]::inv_shift_rows_2[0] ...
Checking proof obligations aes/599cc939::soft[0]::fixslice[0]::inv_shift_rows_2[0] ...
Proof succeeded! aes/599cc939::soft[0]::fixslice[0]::inv_shift_rows_2[0]
Verifying aes/599cc939::soft[0]::fixslice[0]::inv_shift_rows_2[0] ...
Simulating aes/599cc939::soft[0]::fixslice[0]::inv_shift_rows_2[0] ...
Checking proof obligations aes/599cc939::soft[0]::fixslice[0]::inv_shift_rows_2[0] ...
Proof succeeded! aes/599cc939::soft[0]::fixslice[0]::inv_shift_rows_2[0]
Verifying aes/599cc939::soft[0]::fixslice[0]::inv_shift_rows_2[0] ...
Simulating aes/599cc939::soft[0]::fixslice[0]::inv_shift_rows_2[0] ...
Checking proof obligations aes/599cc939::soft[0]::fixslice[0]::inv_shift_rows_2[0] ...
Proof succeeded! aes/599cc939::soft[0]::fixslice[0]::inv_shift_rows_2[0]
Verifying aes/599cc939::soft[0]::fixslice[0]::inv_shift_rows_2[0] ...
Simulating aes/599cc939::soft[0]::fixslice[0]::inv_shift_rows_2[0] ...
Checking proof obligations aes/599cc939::soft[0]::fixslice[0]::inv_shift_rows_2[0] ...
Proof succeeded! aes/599cc939::soft[0]::fixslice[0]::inv_shift_rows_2[0]
Verifying aes/599cc939::soft[0]::fixslice[0]::inv_shift_rows_2[0] ...
Simulating aes/599cc939::soft[0]::fixslice[0]::inv_shift_rows_2[0] ...
Checking proof obligations aes/599cc939::soft[0]::fixslice[0]::inv_shift_rows_2[0] ...
Proof succeeded! aes/599cc939::soft[0]::fixslice[0]::inv_shift_rows_2[0]
Verifying aes/599cc939::soft[0]::fixslice[0]::inv_shift_rows_2[0] ...
Simulating aes/599cc939::soft[0]::fixslice[0]::inv_shift_rows_2[0] ...
Checking proof obligations aes/599cc939::soft[0]::fixslice[0]::inv_shift_rows_2[0] ...
Proof succeeded! aes/599cc939::soft[0]::fixslice[0]::inv_shift_rows_2[0]
Verifying aes/599cc939::soft[0]::fixslice[0]::inv_shift_rows_2[0] ...
Simulating aes/599cc939::soft[0]::fixslice[0]::inv_shift_rows_2[0] ...
Checking proof obligations aes/599cc939::soft[0]::fixslice[0]::inv_shift_rows_2[0] ...
Proof succeeded! aes/599cc939::soft[0]::fixslice[0]::inv_shift_rows_2[0]
Verifying aes/599cc939::soft[0]::fixslice[0]::inv_shift_rows_2[0] ...
Simulating aes/599cc939::soft[0]::fixslice[0]::inv_shift_rows_2[0] ...
Checking proof obligations aes/599cc939::soft[0]::fixslice[0]::inv_shift_rows_2[0] ...
Proof succeeded! aes/599cc939::soft[0]::fixslice[0]::inv_shift_rows_2[0]
Verifying aes/599cc939::soft[0]::fixslice[0]::inv_shift_rows_3[0] ...
Simulating aes/599cc939::soft[0]::fixslice[0]::inv_shift_rows_3[0] ...
Checking proof obligations aes/599cc939::soft[0]::fixslice[0]::inv_shift_rows_3[0] ...
Proof succeeded! aes/599cc939::soft[0]::fixslice[0]::inv_shift_rows_3[0]
Verifying aes/599cc939::soft[0]::fixslice[0]::inv_shift_rows_3[0] ...
Simulating aes/599cc939::soft[0]::fixslice[0]::inv_shift_rows_3[0] ...
Checking proof obligations aes/599cc939::soft[0]::fixslice[0]::inv_shift_rows_3[0] ...
Proof succeeded! aes/599cc939::soft[0]::fixslice[0]::inv_shift_rows_3[0]
Verifying aes/599cc939::soft[0]::fixslice[0]::inv_shift_rows_3[0] ...
Simulating aes/599cc939::soft[0]::fixslice[0]::inv_shift_rows_3[0] ...
Checking proof obligations aes/599cc939::soft[0]::fixslice[0]::inv_shift_rows_3[0] ...
Proof succeeded! aes/599cc939::soft[0]::fixslice[0]::inv_shift_rows_3[0]
Verifying aes/599cc939::soft[0]::fixslice[0]::inv_shift_rows_3[0] ...
Simulating aes/599cc939::soft[0]::fixslice[0]::inv_shift_rows_3[0] ...
Checking proof obligations aes/599cc939::soft[0]::fixslice[0]::inv_shift_rows_3[0] ...
Proof succeeded! aes/599cc939::soft[0]::fixslice[0]::inv_shift_rows_3[0]
Verifying aes/599cc939::soft[0]::fixslice[0]::inv_shift_rows_3[0] ...
Simulating aes/599cc939::soft[0]::fixslice[0]::inv_shift_rows_3[0] ...
Checking proof obligations aes/599cc939::soft[0]::fixslice[0]::inv_shift_rows_3[0] ...
Proof succeeded! aes/599cc939::soft[0]::fixslice[0]::inv_shift_rows_3[0]
Verifying aes/599cc939::soft[0]::fixslice[0]::inv_shift_rows_3[0] ...
Simulating aes/599cc939::soft[0]::fixslice[0]::inv_shift_rows_3[0] ...
Checking proof obligations aes/599cc939::soft[0]::fixslice[0]::inv_shift_rows_3[0] ...
Proof succeeded! aes/599cc939::soft[0]::fixslice[0]::inv_shift_rows_3[0]
Verifying aes/599cc939::soft[0]::fixslice[0]::inv_shift_rows_3[0] ...
Simulating aes/599cc939::soft[0]::fixslice[0]::inv_shift_rows_3[0] ...
Checking proof obligations aes/599cc939::soft[0]::fixslice[0]::inv_shift_rows_3[0] ...
Proof succeeded! aes/599cc939::soft[0]::fixslice[0]::inv_shift_rows_3[0]
Verifying aes/599cc939::soft[0]::fixslice[0]::inv_shift_rows_3[0] ...
Simulating aes/599cc939::soft[0]::fixslice[0]::inv_shift_rows_3[0] ...
Checking proof obligations aes/599cc939::soft[0]::fixslice[0]::inv_shift_rows_3[0] ...
Proof succeeded! aes/599cc939::soft[0]::fixslice[0]::inv_shift_rows_3[0]
Verifying aes/599cc939::soft[0]::fixslice[0]::inv_shift_rows_3[0] ...
Simulating aes/599cc939::soft[0]::fixslice[0]::inv_shift_rows_3[0] ...
Checking proof obligations aes/599cc939::soft[0]::fixslice[0]::inv_shift_rows_3[0] ...
Proof succeeded! aes/599cc939::soft[0]::fixslice[0]::inv_shift_rows_3[0]
Verifying aes/599cc939::soft[0]::fixslice[0]::inv_shift_rows_3[0] ...
Simulating aes/599cc939::soft[0]::fixslice[0]::inv_shift_rows_3[0] ...
Checking proof obligations aes/599cc939::soft[0]::fixslice[0]::inv_shift_rows_3[0] ...
Proof succeeded! aes/599cc939::soft[0]::fixslice[0]::inv_shift_rows_3[0]
Verifying aes/599cc939::soft[0]::fixslice[0]::inv_shift_rows_3[0] ...
Simulating aes/599cc939::soft[0]::fixslice[0]::inv_shift_rows_3[0] ...
Checking proof obligations aes/599cc939::soft[0]::fixslice[0]::inv_shift_rows_3[0] ...
Proof succeeded! aes/599cc939::soft[0]::fixslice[0]::inv_shift_rows_3[0]
Verifying aes/599cc939::soft[0]::fixslice[0]::inv_shift_rows_3[0] ...
Simulating aes/599cc939::soft[0]::fixslice[0]::inv_shift_rows_3[0] ...
Checking proof obligations aes/599cc939::soft[0]::fixslice[0]::inv_shift_rows_3[0] ...
Proof succeeded! aes/599cc939::soft[0]::fixslice[0]::inv_shift_rows_3[0]
Verifying aes/599cc939::soft[0]::fixslice[0]::inv_shift_rows_3[0] ...
Simulating aes/599cc939::soft[0]::fixslice[0]::inv_shift_rows_3[0] ...
Checking proof obligations aes/599cc939::soft[0]::fixslice[0]::inv_shift_rows_3[0] ...
Proof succeeded! aes/599cc939::soft[0]::fixslice[0]::inv_shift_rows_3[0]
Verifying aes/599cc939::soft[0]::fixslice[0]::inv_shift_rows_3[0] ...
Simulating aes/599cc939::soft[0]::fixslice[0]::inv_shift_rows_3[0] ...
Checking proof obligations aes/599cc939::soft[0]::fixslice[0]::inv_shift_rows_3[0] ...
Proof succeeded! aes/599cc939::soft[0]::fixslice[0]::inv_shift_rows_3[0]
Verifying aes/599cc939::soft[0]::fixslice[0]::inv_shift_rows_3[0] ...
Simulating aes/599cc939::soft[0]::fixslice[0]::inv_shift_rows_3[0] ...
Checking proof obligations aes/599cc939::soft[0]::fixslice[0]::inv_shift_rows_3[0] ...
Proof succeeded! aes/599cc939::soft[0]::fixslice[0]::inv_shift_rows_3[0]
Verifying aes/599cc939::soft[0]::fixslice[0]::aes256_key_schedule[0] ...
Simulating aes/599cc939::soft[0]::fixslice[0]::aes256_key_schedule[0] ...
Matching 2 overrides of  aes/599cc939::soft[0]::fixslice[0]::bitslice[0] ...
Branching on 1 override variants of aes/599cc939::soft[0]::fixslice[0]::bitslice[0] ...
Applied override! aes/599cc939::soft[0]::fixslice[0]::bitslice[0]
Matching 2 overrides of  aes/599cc939::soft[0]::fixslice[0]::bitslice[0] ...
Branching on 1 override variants of aes/599cc939::soft[0]::fixslice[0]::bitslice[0] ...
Applied override! aes/599cc939::soft[0]::fixslice[0]::bitslice[0]
Matching 16 overrides of  aes/599cc939::soft[0]::fixslice[0]::sub_bytes[0] ...
Branching on 2 override variants of aes/599cc939::soft[0]::fixslice[0]::sub_bytes[0] ...
Applied override! aes/599cc939::soft[0]::fixslice[0]::sub_bytes[0]
Matching 16 overrides of  aes/599cc939::soft[0]::fixslice[0]::sub_bytes_nots[0] ...
Branching on 2 override variants of aes/599cc939::soft[0]::fixslice[0]::sub_bytes_nots[0] ...
Applied override! aes/599cc939::soft[0]::fixslice[0]::sub_bytes_nots[0]
Matching 16 overrides of  aes/599cc939::soft[0]::fixslice[0]::sub_bytes[0] ...
Branching on 2 override variants of aes/599cc939::soft[0]::fixslice[0]::sub_bytes[0] ...
Applied override! aes/599cc939::soft[0]::fixslice[0]::sub_bytes[0]
Matching 16 overrides of  aes/599cc939::soft[0]::fixslice[0]::sub_bytes_nots[0] ...
Branching on 2 override variants of aes/599cc939::soft[0]::fixslice[0]::sub_bytes_nots[0] ...
Applied override! aes/599cc939::soft[0]::fixslice[0]::sub_bytes_nots[0]
Matching 16 overrides of  aes/599cc939::soft[0]::fixslice[0]::sub_bytes[0] ...
Branching on 2 override variants of aes/599cc939::soft[0]::fixslice[0]::sub_bytes[0] ...
Applied override! aes/599cc939::soft[0]::fixslice[0]::sub_bytes[0]
Matching 16 overrides of  aes/599cc939::soft[0]::fixslice[0]::sub_bytes_nots[0] ...
Branching on 2 override variants of aes/599cc939::soft[0]::fixslice[0]::sub_bytes_nots[0] ...
Applied override! aes/599cc939::soft[0]::fixslice[0]::sub_bytes_nots[0]
Matching 16 overrides of  aes/599cc939::soft[0]::fixslice[0]::sub_bytes[0] ...
Branching on 2 override variants of aes/599cc939::soft[0]::fixslice[0]::sub_bytes[0] ...
Applied override! aes/599cc939::soft[0]::fixslice[0]::sub_bytes[0]
Matching 16 overrides of  aes/599cc939::soft[0]::fixslice[0]::sub_bytes_nots[0] ...
Branching on 2 override variants of aes/599cc939::soft[0]::fixslice[0]::sub_bytes_nots[0] ...
Applied override! aes/599cc939::soft[0]::fixslice[0]::sub_bytes_nots[0]
Matching 16 overrides of  aes/599cc939::soft[0]::fixslice[0]::sub_bytes[0] ...
Branching on 2 override variants of aes/599cc939::soft[0]::fixslice[0]::sub_bytes[0] ...
Applied override! aes/599cc939::soft[0]::fixslice[0]::sub_bytes[0]
Matching 16 overrides of  aes/599cc939::soft[0]::fixslice[0]::sub_bytes_nots[0] ...
Branching on 2 override variants of aes/599cc939::soft[0]::fixslice[0]::sub_bytes_nots[0] ...
Applied override! aes/599cc939::soft[0]::fixslice[0]::sub_bytes_nots[0]
Matching 16 overrides of  aes/599cc939::soft[0]::fixslice[0]::sub_bytes[0] ...
Branching on 2 override variants of aes/599cc939::soft[0]::fixslice[0]::sub_bytes[0] ...
Applied override! aes/599cc939::soft[0]::fixslice[0]::sub_bytes[0]
Matching 16 overrides of  aes/599cc939::soft[0]::fixslice[0]::sub_bytes_nots[0] ...
Branching on 2 override variants of aes/599cc939::soft[0]::fixslice[0]::sub_bytes_nots[0] ...
Applied override! aes/599cc939::soft[0]::fixslice[0]::sub_bytes_nots[0]
Matching 16 overrides of  aes/599cc939::soft[0]::fixslice[0]::sub_bytes[0] ...
Branching on 2 override variants of aes/599cc939::soft[0]::fixslice[0]::sub_bytes[0] ...
Applied override! aes/599cc939::soft[0]::fixslice[0]::sub_bytes[0]
Matching 16 overrides of  aes/599cc939::soft[0]::fixslice[0]::sub_bytes_nots[0] ...
Branching on 2 override variants of aes/599cc939::soft[0]::fixslice[0]::sub_bytes_nots[0] ...
Applied override! aes/599cc939::soft[0]::fixslice[0]::sub_bytes_nots[0]
Matching 16 overrides of  aes/599cc939::soft[0]::fixslice[0]::sub_bytes[0] ...
Branching on 2 override variants of aes/599cc939::soft[0]::fixslice[0]::sub_bytes[0] ...
Applied override! aes/599cc939::soft[0]::fixslice[0]::sub_bytes[0]
Matching 16 overrides of  aes/599cc939::soft[0]::fixslice[0]::sub_bytes_nots[0] ...
Branching on 2 override variants of aes/599cc939::soft[0]::fixslice[0]::sub_bytes_nots[0] ...
Applied override! aes/599cc939::soft[0]::fixslice[0]::sub_bytes_nots[0]
Matching 16 overrides of  aes/599cc939::soft[0]::fixslice[0]::sub_bytes[0] ...
Branching on 2 override variants of aes/599cc939::soft[0]::fixslice[0]::sub_bytes[0] ...
Applied override! aes/599cc939::soft[0]::fixslice[0]::sub_bytes[0]
Matching 16 overrides of  aes/599cc939::soft[0]::fixslice[0]::sub_bytes_nots[0] ...
Branching on 2 override variants of aes/599cc939::soft[0]::fixslice[0]::sub_bytes_nots[0] ...
Applied override! aes/599cc939::soft[0]::fixslice[0]::sub_bytes_nots[0]
Matching 16 overrides of  aes/599cc939::soft[0]::fixslice[0]::sub_bytes[0] ...
Branching on 2 override variants of aes/599cc939::soft[0]::fixslice[0]::sub_bytes[0] ...
Applied override! aes/599cc939::soft[0]::fixslice[0]::sub_bytes[0]
Matching 16 overrides of  aes/599cc939::soft[0]::fixslice[0]::sub_bytes_nots[0] ...
Branching on 2 override variants of aes/599cc939::soft[0]::fixslice[0]::sub_bytes_nots[0] ...
Applied override! aes/599cc939::soft[0]::fixslice[0]::sub_bytes_nots[0]
Matching 16 overrides of  aes/599cc939::soft[0]::fixslice[0]::sub_bytes[0] ...
Branching on 2 override variants of aes/599cc939::soft[0]::fixslice[0]::sub_bytes[0] ...
Applied override! aes/599cc939::soft[0]::fixslice[0]::sub_bytes[0]
Matching 16 overrides of  aes/599cc939::soft[0]::fixslice[0]::sub_bytes_nots[0] ...
Branching on 2 override variants of aes/599cc939::soft[0]::fixslice[0]::sub_bytes_nots[0] ...
Applied override! aes/599cc939::soft[0]::fixslice[0]::sub_bytes_nots[0]
Matching 16 overrides of  aes/599cc939::soft[0]::fixslice[0]::sub_bytes[0] ...
Branching on 2 override variants of aes/599cc939::soft[0]::fixslice[0]::sub_bytes[0] ...
Applied override! aes/599cc939::soft[0]::fixslice[0]::sub_bytes[0]
Matching 16 overrides of  aes/599cc939::soft[0]::fixslice[0]::sub_bytes_nots[0] ...
Branching on 2 override variants of aes/599cc939::soft[0]::fixslice[0]::sub_bytes_nots[0] ...
Applied override! aes/599cc939::soft[0]::fixslice[0]::sub_bytes_nots[0]
Matching 16 overrides of  aes/599cc939::soft[0]::fixslice[0]::sub_bytes[0] ...
Branching on 2 override variants of aes/599cc939::soft[0]::fixslice[0]::sub_bytes[0] ...
Applied override! aes/599cc939::soft[0]::fixslice[0]::sub_bytes[0]
Matching 16 overrides of  aes/599cc939::soft[0]::fixslice[0]::sub_bytes_nots[0] ...
Branching on 2 override variants of aes/599cc939::soft[0]::fixslice[0]::sub_bytes_nots[0] ...
Applied override! aes/599cc939::soft[0]::fixslice[0]::sub_bytes_nots[0]
Matching 15 overrides of  aes/599cc939::soft[0]::fixslice[0]::inv_shift_rows_1[0] ...
Branching on 1 override variants of aes/599cc939::soft[0]::fixslice[0]::inv_shift_rows_1[0] ...
Applied override! aes/599cc939::soft[0]::fixslice[0]::inv_shift_rows_1[0]
Matching 15 overrides of  aes/599cc939::soft[0]::fixslice[0]::inv_shift_rows_2[0] ...
Branching on 1 override variants of aes/599cc939::soft[0]::fixslice[0]::inv_shift_rows_2[0] ...
Applied override! aes/599cc939::soft[0]::fixslice[0]::inv_shift_rows_2[0]
Matching 15 overrides of  aes/599cc939::soft[0]::fixslice[0]::inv_shift_rows_3[0] ...
Branching on 1 override variants of aes/599cc939::soft[0]::fixslice[0]::inv_shift_rows_3[0] ...
Applied override! aes/599cc939::soft[0]::fixslice[0]::inv_shift_rows_3[0]
Matching 15 overrides of  aes/599cc939::soft[0]::fixslice[0]::inv_shift_rows_1[0] ...
Branching on 1 override variants of aes/599cc939::soft[0]::fixslice[0]::inv_shift_rows_1[0] ...
Applied override! aes/599cc939::soft[0]::fixslice[0]::inv_shift_rows_1[0]
Matching 15 overrides of  aes/599cc939::soft[0]::fixslice[0]::inv_shift_rows_2[0] ...
Branching on 1 override variants of aes/599cc939::soft[0]::fixslice[0]::inv_shift_rows_2[0] ...
Applied override! aes/599cc939::soft[0]::fixslice[0]::inv_shift_rows_2[0]
Matching 15 overrides of  aes/599cc939::soft[0]::fixslice[0]::inv_shift_rows_3[0] ...
Branching on 1 override variants of aes/599cc939::soft[0]::fixslice[0]::inv_shift_rows_3[0] ...
Applied override! aes/599cc939::soft[0]::fixslice[0]::inv_shift_rows_3[0]
Matching 15 overrides of  aes/599cc939::soft[0]::fixslice[0]::inv_shift_rows_1[0] ...
Branching on 1 override variants of aes/599cc939::soft[0]::fixslice[0]::inv_shift_rows_1[0] ...
Applied override! aes/599cc939::soft[0]::fixslice[0]::inv_shift_rows_1[0]
Matching 15 overrides of  aes/599cc939::soft[0]::fixslice[0]::inv_shift_rows_2[0] ...
Branching on 1 override variants of aes/599cc939::soft[0]::fixslice[0]::inv_shift_rows_2[0] ...
Applied override! aes/599cc939::soft[0]::fixslice[0]::inv_shift_rows_2[0]
Matching 15 overrides of  aes/599cc939::soft[0]::fixslice[0]::inv_shift_rows_3[0] ...
Branching on 1 override variants of aes/599cc939::soft[0]::fixslice[0]::inv_shift_rows_3[0] ...
Applied override! aes/599cc939::soft[0]::fixslice[0]::inv_shift_rows_3[0]
Matching 15 overrides of  aes/599cc939::soft[0]::fixslice[0]::inv_shift_rows_1[0] ...
Branching on 1 override variants of aes/599cc939::soft[0]::fixslice[0]::inv_shift_rows_1[0] ...
Applied override! aes/599cc939::soft[0]::fixslice[0]::inv_shift_rows_1[0]
Matching 16 overrides of  aes/599cc939::soft[0]::fixslice[0]::sub_bytes_nots[0] ...
Branching on 2 override variants of aes/599cc939::soft[0]::fixslice[0]::sub_bytes_nots[0] ...
Applied override! aes/599cc939::soft[0]::fixslice[0]::sub_bytes_nots[0]
Matching 16 overrides of  aes/599cc939::soft[0]::fixslice[0]::sub_bytes_nots[0] ...
Branching on 2 override variants of aes/599cc939::soft[0]::fixslice[0]::sub_bytes_nots[0] ...
Applied override! aes/599cc939::soft[0]::fixslice[0]::sub_bytes_nots[0]
Matching 16 overrides of  aes/599cc939::soft[0]::fixslice[0]::sub_bytes_nots[0] ...
Branching on 2 override variants of aes/599cc939::soft[0]::fixslice[0]::sub_bytes_nots[0] ...
Applied override! aes/599cc939::soft[0]::fixslice[0]::sub_bytes_nots[0]
Matching 16 overrides of  aes/599cc939::soft[0]::fixslice[0]::sub_bytes_nots[0] ...
Branching on 2 override variants of aes/599cc939::soft[0]::fixslice[0]::sub_bytes_nots[0] ...
Applied override! aes/599cc939::soft[0]::fixslice[0]::sub_bytes_nots[0]
Matching 16 overrides of  aes/599cc939::soft[0]::fixslice[0]::sub_bytes_nots[0] ...
Branching on 2 override variants of aes/599cc939::soft[0]::fixslice[0]::sub_bytes_nots[0] ...
Applied override! aes/599cc939::soft[0]::fixslice[0]::sub_bytes_nots[0]
Matching 16 overrides of  aes/599cc939::soft[0]::fixslice[0]::sub_bytes_nots[0] ...
Branching on 2 override variants of aes/599cc939::soft[0]::fixslice[0]::sub_bytes_nots[0] ...
Applied override! aes/599cc939::soft[0]::fixslice[0]::sub_bytes_nots[0]
Matching 16 overrides of  aes/599cc939::soft[0]::fixslice[0]::sub_bytes_nots[0] ...
Branching on 2 override variants of aes/599cc939::soft[0]::fixslice[0]::sub_bytes_nots[0] ...
Applied override! aes/599cc939::soft[0]::fixslice[0]::sub_bytes_nots[0]
Matching 16 overrides of  aes/599cc939::soft[0]::fixslice[0]::sub_bytes_nots[0] ...
Branching on 2 override variants of aes/599cc939::soft[0]::fixslice[0]::sub_bytes_nots[0] ...
Applied override! aes/599cc939::soft[0]::fixslice[0]::sub_bytes_nots[0]
Matching 16 overrides of  aes/599cc939::soft[0]::fixslice[0]::sub_bytes_nots[0] ...
Branching on 2 override variants of aes/599cc939::soft[0]::fixslice[0]::sub_bytes_nots[0] ...
Applied override! aes/599cc939::soft[0]::fixslice[0]::sub_bytes_nots[0]
Matching 16 overrides of  aes/599cc939::soft[0]::fixslice[0]::sub_bytes_nots[0] ...
Branching on 2 override variants of aes/599cc939::soft[0]::fixslice[0]::sub_bytes_nots[0] ...
Applied override! aes/599cc939::soft[0]::fixslice[0]::sub_bytes_nots[0]
Matching 16 overrides of  aes/599cc939::soft[0]::fixslice[0]::sub_bytes_nots[0] ...
Branching on 2 override variants of aes/599cc939::soft[0]::fixslice[0]::sub_bytes_nots[0] ...
Applied override! aes/599cc939::soft[0]::fixslice[0]::sub_bytes_nots[0]
Matching 16 overrides of  aes/599cc939::soft[0]::fixslice[0]::sub_bytes_nots[0] ...
Branching on 2 override variants of aes/599cc939::soft[0]::fixslice[0]::sub_bytes_nots[0] ...
Applied override! aes/599cc939::soft[0]::fixslice[0]::sub_bytes_nots[0]
Matching 16 overrides of  aes/599cc939::soft[0]::fixslice[0]::sub_bytes_nots[0] ...
Branching on 2 override variants of aes/599cc939::soft[0]::fixslice[0]::sub_bytes_nots[0] ...
Applied override! aes/599cc939::soft[0]::fixslice[0]::sub_bytes_nots[0]
Matching 16 overrides of  aes/599cc939::soft[0]::fixslice[0]::sub_bytes_nots[0] ...
Branching on 2 override variants of aes/599cc939::soft[0]::fixslice[0]::sub_bytes_nots[0] ...
Applied override! aes/599cc939::soft[0]::fixslice[0]::sub_bytes_nots[0]
Checking proof obligations aes/599cc939::soft[0]::fixslice[0]::aes256_key_schedule[0] ...
Starting RME
Proof succeeded! aes/599cc939::soft[0]::fixslice[0]::aes256_key_schedule[0]
Verifying aes/599cc939::soft[0]::fixslice[0]::mix_columns_0[0] ...
Simulating aes/599cc939::soft[0]::fixslice[0]::mix_columns_0[0] ...
Checking proof obligations aes/599cc939::soft[0]::fixslice[0]::mix_columns_0[0] ...
Proof succeeded! aes/599cc939::soft[0]::fixslice[0]::mix_columns_0[0]
Verifying aes/599cc939::soft[0]::fixslice[0]::mix_columns_1[0] ...
Simulating aes/599cc939::soft[0]::fixslice[0]::mix_columns_1[0] ...
Checking proof obligations aes/599cc939::soft[0]::fixslice[0]::mix_columns_1[0] ...
Proof succeeded! aes/599cc939::soft[0]::fixslice[0]::mix_columns_1[0]
Verifying aes/599cc939::soft[0]::fixslice[0]::mix_columns_2[0] ...
Simulating aes/599cc939::soft[0]::fixslice[0]::mix_columns_2[0] ...
Checking proof obligations aes/599cc939::soft[0]::fixslice[0]::mix_columns_2[0] ...
Proof succeeded! aes/599cc939::soft[0]::fixslice[0]::mix_columns_2[0]
Verifying aes/599cc939::soft[0]::fixslice[0]::mix_columns_3[0] ...
Simulating aes/599cc939::soft[0]::fixslice[0]::mix_columns_3[0] ...
Checking proof obligations aes/599cc939::soft[0]::fixslice[0]::mix_columns_3[0] ...
Proof succeeded! aes/599cc939::soft[0]::fixslice[0]::mix_columns_3[0]
Verifying aes/599cc939::soft[0]::fixslice[0]::aes256_encrypt[0] ...
Simulating aes/599cc939::soft[0]::fixslice[0]::aes256_encrypt[0] ...
Matching 1 overrides of  aes/599cc939::soft[0]::fixslice[0]::bitslice[0] ...
Branching on 1 override variants of aes/599cc939::soft[0]::fixslice[0]::bitslice[0] ...
Applied override! aes/599cc939::soft[0]::fixslice[0]::bitslice[0]
Matching 15 overrides of  aes/599cc939::soft[0]::fixslice[0]::add_round_key[0] ...
Branching on 1 override variants of aes/599cc939::soft[0]::fixslice[0]::add_round_key[0] ...
Applied override! aes/599cc939::soft[0]::fixslice[0]::add_round_key[0]
Matching 1 overrides of  aes/599cc939::soft[0]::fixslice[0]::sub_bytes[0] ...
Branching on 1 override variants of aes/599cc939::soft[0]::fixslice[0]::sub_bytes[0] ...
Applied override! aes/599cc939::soft[0]::fixslice[0]::sub_bytes[0]
Matching 1 overrides of  aes/599cc939::soft[0]::fixslice[0]::mix_columns_1[0] ...
Branching on 1 override variants of aes/599cc939::soft[0]::fixslice[0]::mix_columns_1[0] ...
Applied override! aes/599cc939::soft[0]::fixslice[0]::mix_columns_1[0]
Matching 15 overrides of  aes/599cc939::soft[0]::fixslice[0]::add_round_key[0] ...
Branching on 1 override variants of aes/599cc939::soft[0]::fixslice[0]::add_round_key[0] ...
Applied override! aes/599cc939::soft[0]::fixslice[0]::add_round_key[0]
Matching 1 overrides of  aes/599cc939::soft[0]::fixslice[0]::sub_bytes[0] ...
Branching on 1 override variants of aes/599cc939::soft[0]::fixslice[0]::sub_bytes[0] ...
Applied override! aes/599cc939::soft[0]::fixslice[0]::sub_bytes[0]
Matching 1 overrides of  aes/599cc939::soft[0]::fixslice[0]::mix_columns_2[0] ...
Branching on 1 override variants of aes/599cc939::soft[0]::fixslice[0]::mix_columns_2[0] ...
Applied override! aes/599cc939::soft[0]::fixslice[0]::mix_columns_2[0]
Matching 15 overrides of  aes/599cc939::soft[0]::fixslice[0]::add_round_key[0] ...
Branching on 1 override variants of aes/599cc939::soft[0]::fixslice[0]::add_round_key[0] ...
Applied override! aes/599cc939::soft[0]::fixslice[0]::add_round_key[0]
Matching 1 overrides of  aes/599cc939::soft[0]::fixslice[0]::sub_bytes[0] ...
Branching on 1 override variants of aes/599cc939::soft[0]::fixslice[0]::sub_bytes[0] ...
Applied override! aes/599cc939::soft[0]::fixslice[0]::sub_bytes[0]
Matching 1 overrides of  aes/599cc939::soft[0]::fixslice[0]::mix_columns_3[0] ...
Branching on 1 override variants of aes/599cc939::soft[0]::fixslice[0]::mix_columns_3[0] ...
Applied override! aes/599cc939::soft[0]::fixslice[0]::mix_columns_3[0]
Matching 15 overrides of  aes/599cc939::soft[0]::fixslice[0]::add_round_key[0] ...
Branching on 1 override variants of aes/599cc939::soft[0]::fixslice[0]::add_round_key[0] ...
Applied override! aes/599cc939::soft[0]::fixslice[0]::add_round_key[0]
Matching 1 overrides of  aes/599cc939::soft[0]::fixslice[0]::sub_bytes[0] ...
Branching on 1 override variants of aes/599cc939::soft[0]::fixslice[0]::sub_bytes[0] ...
Applied override! aes/599cc939::soft[0]::fixslice[0]::sub_bytes[0]
Matching 1 overrides of  aes/599cc939::soft[0]::fixslice[0]::mix_columns_0[0] ...
Branching on 1 override variants of aes/599cc939::soft[0]::fixslice[0]::mix_columns_0[0] ...
Applied override! aes/599cc939::soft[0]::fixslice[0]::mix_columns_0[0]
Matching 15 overrides of  aes/599cc939::soft[0]::fixslice[0]::add_round_key[0] ...
Branching on 1 override variants of aes/599cc939::soft[0]::fixslice[0]::add_round_key[0] ...
Applied override! aes/599cc939::soft[0]::fixslice[0]::add_round_key[0]
Matching 1 overrides of  aes/599cc939::soft[0]::fixslice[0]::sub_bytes[0] ...
Branching on 1 override variants of aes/599cc939::soft[0]::fixslice[0]::sub_bytes[0] ...
Applied override! aes/599cc939::soft[0]::fixslice[0]::sub_bytes[0]
Matching 1 overrides of  aes/599cc939::soft[0]::fixslice[0]::mix_columns_1[0] ...
Branching on 1 override variants of aes/599cc939::soft[0]::fixslice[0]::mix_columns_1[0] ...
Applied override! aes/599cc939::soft[0]::fixslice[0]::mix_columns_1[0]
Matching 15 overrides of  aes/599cc939::soft[0]::fixslice[0]::add_round_key[0] ...
Branching on 1 override variants of aes/599cc939::soft[0]::fixslice[0]::add_round_key[0] ...
Applied override! aes/599cc939::soft[0]::fixslice[0]::add_round_key[0]
Matching 1 overrides of  aes/599cc939::soft[0]::fixslice[0]::sub_bytes[0] ...
Branching on 1 override variants of aes/599cc939::soft[0]::fixslice[0]::sub_bytes[0] ...
Applied override! aes/599cc939::soft[0]::fixslice[0]::sub_bytes[0]
Matching 1 overrides of  aes/599cc939::soft[0]::fixslice[0]::mix_columns_2[0] ...
Branching on 1 override variants of aes/599cc939::soft[0]::fixslice[0]::mix_columns_2[0] ...
Applied override! aes/599cc939::soft[0]::fixslice[0]::mix_columns_2[0]
Matching 15 overrides of  aes/599cc939::soft[0]::fixslice[0]::add_round_key[0] ...
Branching on 1 override variants of aes/599cc939::soft[0]::fixslice[0]::add_round_key[0] ...
Applied override! aes/599cc939::soft[0]::fixslice[0]::add_round_key[0]
Matching 1 overrides of  aes/599cc939::soft[0]::fixslice[0]::sub_bytes[0] ...
Branching on 1 override variants of aes/599cc939::soft[0]::fixslice[0]::sub_bytes[0] ...
Applied override! aes/599cc939::soft[0]::fixslice[0]::sub_bytes[0]
Matching 1 overrides of  aes/599cc939::soft[0]::fixslice[0]::mix_columns_3[0] ...
Branching on 1 override variants of aes/599cc939::soft[0]::fixslice[0]::mix_columns_3[0] ...
Applied override! aes/599cc939::soft[0]::fixslice[0]::mix_columns_3[0]
Matching 15 overrides of  aes/599cc939::soft[0]::fixslice[0]::add_round_key[0] ...
Branching on 1 override variants of aes/599cc939::soft[0]::fixslice[0]::add_round_key[0] ...
Applied override! aes/599cc939::soft[0]::fixslice[0]::add_round_key[0]
Matching 1 overrides of  aes/599cc939::soft[0]::fixslice[0]::sub_bytes[0] ...
Branching on 1 override variants of aes/599cc939::soft[0]::fixslice[0]::sub_bytes[0] ...
Applied override! aes/599cc939::soft[0]::fixslice[0]::sub_bytes[0]
Matching 1 overrides of  aes/599cc939::soft[0]::fixslice[0]::mix_columns_0[0] ...
Branching on 1 override variants of aes/599cc939::soft[0]::fixslice[0]::mix_columns_0[0] ...
Applied override! aes/599cc939::soft[0]::fixslice[0]::mix_columns_0[0]
Matching 15 overrides of  aes/599cc939::soft[0]::fixslice[0]::add_round_key[0] ...
Branching on 1 override variants of aes/599cc939::soft[0]::fixslice[0]::add_round_key[0] ...
Applied override! aes/599cc939::soft[0]::fixslice[0]::add_round_key[0]
Matching 1 overrides of  aes/599cc939::soft[0]::fixslice[0]::sub_bytes[0] ...
Branching on 1 override variants of aes/599cc939::soft[0]::fixslice[0]::sub_bytes[0] ...
Applied override! aes/599cc939::soft[0]::fixslice[0]::sub_bytes[0]
Matching 1 overrides of  aes/599cc939::soft[0]::fixslice[0]::mix_columns_1[0] ...
Branching on 1 override variants of aes/599cc939::soft[0]::fixslice[0]::mix_columns_1[0] ...
Applied override! aes/599cc939::soft[0]::fixslice[0]::mix_columns_1[0]
Matching 15 overrides of  aes/599cc939::soft[0]::fixslice[0]::add_round_key[0] ...
Branching on 1 override variants of aes/599cc939::soft[0]::fixslice[0]::add_round_key[0] ...
Applied override! aes/599cc939::soft[0]::fixslice[0]::add_round_key[0]
Matching 1 overrides of  aes/599cc939::soft[0]::fixslice[0]::sub_bytes[0] ...
Branching on 1 override variants of aes/599cc939::soft[0]::fixslice[0]::sub_bytes[0] ...
Applied override! aes/599cc939::soft[0]::fixslice[0]::sub_bytes[0]
Matching 1 overrides of  aes/599cc939::soft[0]::fixslice[0]::mix_columns_2[0] ...
Branching on 1 override variants of aes/599cc939::soft[0]::fixslice[0]::mix_columns_2[0] ...
Applied override! aes/599cc939::soft[0]::fixslice[0]::mix_columns_2[0]
Matching 15 overrides of  aes/599cc939::soft[0]::fixslice[0]::add_round_key[0] ...
Branching on 1 override variants of aes/599cc939::soft[0]::fixslice[0]::add_round_key[0] ...
Applied override! aes/599cc939::soft[0]::fixslice[0]::add_round_key[0]
Matching 1 overrides of  aes/599cc939::soft[0]::fixslice[0]::sub_bytes[0] ...
Branching on 1 override variants of aes/599cc939::soft[0]::fixslice[0]::sub_bytes[0] ...
Applied override! aes/599cc939::soft[0]::fixslice[0]::sub_bytes[0]
Matching 1 overrides of  aes/599cc939::soft[0]::fixslice[0]::mix_columns_3[0] ...
Branching on 1 override variants of aes/599cc939::soft[0]::fixslice[0]::mix_columns_3[0] ...
Applied override! aes/599cc939::soft[0]::fixslice[0]::mix_columns_3[0]
Matching 15 overrides of  aes/599cc939::soft[0]::fixslice[0]::add_round_key[0] ...
Branching on 1 override variants of aes/599cc939::soft[0]::fixslice[0]::add_round_key[0] ...
Applied override! aes/599cc939::soft[0]::fixslice[0]::add_round_key[0]
Matching 1 overrides of  aes/599cc939::soft[0]::fixslice[0]::sub_bytes[0] ...
Branching on 1 override variants of aes/599cc939::soft[0]::fixslice[0]::sub_bytes[0] ...
Applied override! aes/599cc939::soft[0]::fixslice[0]::sub_bytes[0]
Matching 1 overrides of  aes/599cc939::soft[0]::fixslice[0]::mix_columns_0[0] ...
Branching on 1 override variants of aes/599cc939::soft[0]::fixslice[0]::mix_columns_0[0] ...
Applied override! aes/599cc939::soft[0]::fixslice[0]::mix_columns_0[0]
Matching 15 overrides of  aes/599cc939::soft[0]::fixslice[0]::add_round_key[0] ...
Branching on 1 override variants of aes/599cc939::soft[0]::fixslice[0]::add_round_key[0] ...
Applied override! aes/599cc939::soft[0]::fixslice[0]::add_round_key[0]
Matching 1 overrides of  aes/599cc939::soft[0]::fixslice[0]::sub_bytes[0] ...
Branching on 1 override variants of aes/599cc939::soft[0]::fixslice[0]::sub_bytes[0] ...
Applied override! aes/599cc939::soft[0]::fixslice[0]::sub_bytes[0]
Matching 1 overrides of  aes/599cc939::soft[0]::fixslice[0]::mix_columns_1[0] ...
Branching on 1 override variants of aes/599cc939::soft[0]::fixslice[0]::mix_columns_1[0] ...
Applied override! aes/599cc939::soft[0]::fixslice[0]::mix_columns_1[0]
Matching 15 overrides of  aes/599cc939::soft[0]::fixslice[0]::add_round_key[0] ...
Branching on 1 override variants of aes/599cc939::soft[0]::fixslice[0]::add_round_key[0] ...
Applied override! aes/599cc939::soft[0]::fixslice[0]::add_round_key[0]
Matching 1 overrides of  aes/599cc939::soft[0]::fixslice[0]::shift_rows_2[0] ...
Branching on 1 override variants of aes/599cc939::soft[0]::fixslice[0]::shift_rows_2[0] ...
Applied override! aes/599cc939::soft[0]::fixslice[0]::shift_rows_2[0]
Matching 1 overrides of  aes/599cc939::soft[0]::fixslice[0]::sub_bytes[0] ...
Branching on 1 override variants of aes/599cc939::soft[0]::fixslice[0]::sub_bytes[0] ...
Applied override! aes/599cc939::soft[0]::fixslice[0]::sub_bytes[0]
Matching 15 overrides of  aes/599cc939::soft[0]::fixslice[0]::add_round_key[0] ...
Branching on 1 override variants of aes/599cc939::soft[0]::fixslice[0]::add_round_key[0] ...
Applied override! aes/599cc939::soft[0]::fixslice[0]::add_round_key[0]
Matching 1 overrides of  aes/599cc939::soft[0]::fixslice[0]::inv_bitslice[0] ...
Branching on 1 override variants of aes/599cc939::soft[0]::fixslice[0]::inv_bitslice[0] ...
Applied override! aes/599cc939::soft[0]::fixslice[0]::inv_bitslice[0]
Checking proof obligations aes/599cc939::soft[0]::fixslice[0]::aes256_encrypt[0] ...
Starting RME
Starting RME
Starting RME
Starting RME
Proof succeeded! aes/599cc939::soft[0]::fixslice[0]::aes256_encrypt[0]
Verifying aes/599cc939::soft[0]::fixslice[0]::inv_sub_bytes[0] ...
Simulating aes/599cc939::soft[0]::fixslice[0]::inv_sub_bytes[0] ...
Checking proof obligations aes/599cc939::soft[0]::fixslice[0]::inv_sub_bytes[0] ...
Proof succeeded! aes/599cc939::soft[0]::fixslice[0]::inv_sub_bytes[0]
Verifying aes/599cc939::soft[0]::fixslice[0]::inv_shift_rows_2[0] ...
Simulating aes/599cc939::soft[0]::fixslice[0]::inv_shift_rows_2[0] ...
Checking proof obligations aes/599cc939::soft[0]::fixslice[0]::inv_shift_rows_2[0] ...
Proof succeeded! aes/599cc939::soft[0]::fixslice[0]::inv_shift_rows_2[0]
Verifying aes/599cc939::soft[0]::fixslice[0]::inv_mix_columns_0[0] ...
Simulating aes/599cc939::soft[0]::fixslice[0]::inv_mix_columns_0[0] ...
Checking proof obligations aes/599cc939::soft[0]::fixslice[0]::inv_mix_columns_0[0] ...
Proof succeeded! aes/599cc939::soft[0]::fixslice[0]::inv_mix_columns_0[0]
Verifying aes/599cc939::soft[0]::fixslice[0]::inv_mix_columns_1[0] ...
Simulating aes/599cc939::soft[0]::fixslice[0]::inv_mix_columns_1[0] ...
Checking proof obligations aes/599cc939::soft[0]::fixslice[0]::inv_mix_columns_1[0] ...
Proof succeeded! aes/599cc939::soft[0]::fixslice[0]::inv_mix_columns_1[0]
Verifying aes/599cc939::soft[0]::fixslice[0]::inv_mix_columns_2[0] ...
Simulating aes/599cc939::soft[0]::fixslice[0]::inv_mix_columns_2[0] ...
Checking proof obligations aes/599cc939::soft[0]::fixslice[0]::inv_mix_columns_2[0] ...
Proof succeeded! aes/599cc939::soft[0]::fixslice[0]::inv_mix_columns_2[0]
Verifying aes/599cc939::soft[0]::fixslice[0]::inv_mix_columns_3[0] ...
Simulating aes/599cc939::soft[0]::fixslice[0]::inv_mix_columns_3[0] ...
Checking proof obligations aes/599cc939::soft[0]::fixslice[0]::inv_mix_columns_3[0] ...
Proof succeeded! aes/599cc939::soft[0]::fixslice[0]::inv_mix_columns_3[0]
Verifying aes/599cc939::soft[0]::fixslice[0]::aes256_decrypt[0] ...
Simulating aes/599cc939::soft[0]::fixslice[0]::aes256_decrypt[0] ...
Matching 1 overrides of  aes/599cc939::soft[0]::fixslice[0]::bitslice[0] ...
Branching on 1 override variants of aes/599cc939::soft[0]::fixslice[0]::bitslice[0] ...
Applied override! aes/599cc939::soft[0]::fixslice[0]::bitslice[0]
Matching 15 overrides of  aes/599cc939::soft[0]::fixslice[0]::add_round_key[0] ...
Branching on 1 override variants of aes/599cc939::soft[0]::fixslice[0]::add_round_key[0] ...
Applied override! aes/599cc939::soft[0]::fixslice[0]::add_round_key[0]
Matching 1 overrides of  aes/599cc939::soft[0]::fixslice[0]::inv_sub_bytes[0] ...
Branching on 1 override variants of aes/599cc939::soft[0]::fixslice[0]::inv_sub_bytes[0] ...
Applied override! aes/599cc939::soft[0]::fixslice[0]::inv_sub_bytes[0]
Matching 1 overrides of  aes/599cc939::soft[0]::fixslice[0]::inv_shift_rows_2[0] ...
Branching on 1 override variants of aes/599cc939::soft[0]::fixslice[0]::inv_shift_rows_2[0] ...
Applied override! aes/599cc939::soft[0]::fixslice[0]::inv_shift_rows_2[0]
Matching 15 overrides of  aes/599cc939::soft[0]::fixslice[0]::add_round_key[0] ...
Branching on 1 override variants of aes/599cc939::soft[0]::fixslice[0]::add_round_key[0] ...
Applied override! aes/599cc939::soft[0]::fixslice[0]::add_round_key[0]
Matching 1 overrides of  aes/599cc939::soft[0]::fixslice[0]::inv_mix_columns_1[0] ...
Branching on 1 override variants of aes/599cc939::soft[0]::fixslice[0]::inv_mix_columns_1[0] ...
Applied override! aes/599cc939::soft[0]::fixslice[0]::inv_mix_columns_1[0]
Matching 1 overrides of  aes/599cc939::soft[0]::fixslice[0]::inv_sub_bytes[0] ...
Branching on 1 override variants of aes/599cc939::soft[0]::fixslice[0]::inv_sub_bytes[0] ...
Applied override! aes/599cc939::soft[0]::fixslice[0]::inv_sub_bytes[0]
Matching 15 overrides of  aes/599cc939::soft[0]::fixslice[0]::add_round_key[0] ...
Branching on 1 override variants of aes/599cc939::soft[0]::fixslice[0]::add_round_key[0] ...
Applied override! aes/599cc939::soft[0]::fixslice[0]::add_round_key[0]
Matching 1 overrides of  aes/599cc939::soft[0]::fixslice[0]::inv_mix_columns_0[0] ...
Branching on 1 override variants of aes/599cc939::soft[0]::fixslice[0]::inv_mix_columns_0[0] ...
Applied override! aes/599cc939::soft[0]::fixslice[0]::inv_mix_columns_0[0]
Matching 1 overrides of  aes/599cc939::soft[0]::fixslice[0]::inv_sub_bytes[0] ...
Branching on 1 override variants of aes/599cc939::soft[0]::fixslice[0]::inv_sub_bytes[0] ...
Applied override! aes/599cc939::soft[0]::fixslice[0]::inv_sub_bytes[0]
Matching 15 overrides of  aes/599cc939::soft[0]::fixslice[0]::add_round_key[0] ...
Branching on 1 override variants of aes/599cc939::soft[0]::fixslice[0]::add_round_key[0] ...
Applied override! aes/599cc939::soft[0]::fixslice[0]::add_round_key[0]
Matching 1 overrides of  aes/599cc939::soft[0]::fixslice[0]::inv_mix_columns_3[0] ...
Branching on 1 override variants of aes/599cc939::soft[0]::fixslice[0]::inv_mix_columns_3[0] ...
Applied override! aes/599cc939::soft[0]::fixslice[0]::inv_mix_columns_3[0]
Matching 1 overrides of  aes/599cc939::soft[0]::fixslice[0]::inv_sub_bytes[0] ...
Branching on 1 override variants of aes/599cc939::soft[0]::fixslice[0]::inv_sub_bytes[0] ...
Applied override! aes/599cc939::soft[0]::fixslice[0]::inv_sub_bytes[0]
Matching 15 overrides of  aes/599cc939::soft[0]::fixslice[0]::add_round_key[0] ...
Branching on 1 override variants of aes/599cc939::soft[0]::fixslice[0]::add_round_key[0] ...
Applied override! aes/599cc939::soft[0]::fixslice[0]::add_round_key[0]
Matching 1 overrides of  aes/599cc939::soft[0]::fixslice[0]::inv_mix_columns_2[0] ...
Branching on 1 override variants of aes/599cc939::soft[0]::fixslice[0]::inv_mix_columns_2[0] ...
Applied override! aes/599cc939::soft[0]::fixslice[0]::inv_mix_columns_2[0]
Matching 1 overrides of  aes/599cc939::soft[0]::fixslice[0]::inv_sub_bytes[0] ...
Branching on 1 override variants of aes/599cc939::soft[0]::fixslice[0]::inv_sub_bytes[0] ...
Applied override! aes/599cc939::soft[0]::fixslice[0]::inv_sub_bytes[0]
Matching 15 overrides of  aes/599cc939::soft[0]::fixslice[0]::add_round_key[0] ...
Branching on 1 override variants of aes/599cc939::soft[0]::fixslice[0]::add_round_key[0] ...
Applied override! aes/599cc939::soft[0]::fixslice[0]::add_round_key[0]
Matching 1 overrides of  aes/599cc939::soft[0]::fixslice[0]::inv_mix_columns_1[0] ...
Branching on 1 override variants of aes/599cc939::soft[0]::fixslice[0]::inv_mix_columns_1[0] ...
Applied override! aes/599cc939::soft[0]::fixslice[0]::inv_mix_columns_1[0]
Matching 1 overrides of  aes/599cc939::soft[0]::fixslice[0]::inv_sub_bytes[0] ...
Branching on 1 override variants of aes/599cc939::soft[0]::fixslice[0]::inv_sub_bytes[0] ...
Applied override! aes/599cc939::soft[0]::fixslice[0]::inv_sub_bytes[0]
Matching 15 overrides of  aes/599cc939::soft[0]::fixslice[0]::add_round_key[0] ...
Branching on 1 override variants of aes/599cc939::soft[0]::fixslice[0]::add_round_key[0] ...
Applied override! aes/599cc939::soft[0]::fixslice[0]::add_round_key[0]
Matching 1 overrides of  aes/599cc939::soft[0]::fixslice[0]::inv_mix_columns_0[0] ...
Branching on 1 override variants of aes/599cc939::soft[0]::fixslice[0]::inv_mix_columns_0[0] ...
Applied override! aes/599cc939::soft[0]::fixslice[0]::inv_mix_columns_0[0]
Matching 1 overrides of  aes/599cc939::soft[0]::fixslice[0]::inv_sub_bytes[0] ...
Branching on 1 override variants of aes/599cc939::soft[0]::fixslice[0]::inv_sub_bytes[0] ...
Applied override! aes/599cc939::soft[0]::fixslice[0]::inv_sub_bytes[0]
Matching 15 overrides of  aes/599cc939::soft[0]::fixslice[0]::add_round_key[0] ...
Branching on 1 override variants of aes/599cc939::soft[0]::fixslice[0]::add_round_key[0] ...
Applied override! aes/599cc939::soft[0]::fixslice[0]::add_round_key[0]
Matching 1 overrides of  aes/599cc939::soft[0]::fixslice[0]::inv_mix_columns_3[0] ...
Branching on 1 override variants of aes/599cc939::soft[0]::fixslice[0]::inv_mix_columns_3[0] ...
Applied override! aes/599cc939::soft[0]::fixslice[0]::inv_mix_columns_3[0]
Matching 1 overrides of  aes/599cc939::soft[0]::fixslice[0]::inv_sub_bytes[0] ...
Branching on 1 override variants of aes/599cc939::soft[0]::fixslice[0]::inv_sub_bytes[0] ...
Applied override! aes/599cc939::soft[0]::fixslice[0]::inv_sub_bytes[0]
Matching 15 overrides of  aes/599cc939::soft[0]::fixslice[0]::add_round_key[0] ...
Branching on 1 override variants of aes/599cc939::soft[0]::fixslice[0]::add_round_key[0] ...
Applied override! aes/599cc939::soft[0]::fixslice[0]::add_round_key[0]
Matching 1 overrides of  aes/599cc939::soft[0]::fixslice[0]::inv_mix_columns_2[0] ...
Branching on 1 override variants of aes/599cc939::soft[0]::fixslice[0]::inv_mix_columns_2[0] ...
Applied override! aes/599cc939::soft[0]::fixslice[0]::inv_mix_columns_2[0]
Matching 1 overrides of  aes/599cc939::soft[0]::fixslice[0]::inv_sub_bytes[0] ...
Branching on 1 override variants of aes/599cc939::soft[0]::fixslice[0]::inv_sub_bytes[0] ...
Applied override! aes/599cc939::soft[0]::fixslice[0]::inv_sub_bytes[0]
Matching 15 overrides of  aes/599cc939::soft[0]::fixslice[0]::add_round_key[0] ...
Branching on 1 override variants of aes/599cc939::soft[0]::fixslice[0]::add_round_key[0] ...
Applied override! aes/599cc939::soft[0]::fixslice[0]::add_round_key[0]
Matching 1 overrides of  aes/599cc939::soft[0]::fixslice[0]::inv_mix_columns_1[0] ...
Branching on 1 override variants of aes/599cc939::soft[0]::fixslice[0]::inv_mix_columns_1[0] ...
Applied override! aes/599cc939::soft[0]::fixslice[0]::inv_mix_columns_1[0]
Matching 1 overrides of  aes/599cc939::soft[0]::fixslice[0]::inv_sub_bytes[0] ...
Branching on 1 override variants of aes/599cc939::soft[0]::fixslice[0]::inv_sub_bytes[0] ...
Applied override! aes/599cc939::soft[0]::fixslice[0]::inv_sub_bytes[0]
Matching 15 overrides of  aes/599cc939::soft[0]::fixslice[0]::add_round_key[0] ...
Branching on 1 override variants of aes/599cc939::soft[0]::fixslice[0]::add_round_key[0] ...
Applied override! aes/599cc939::soft[0]::fixslice[0]::add_round_key[0]
Matching 1 overrides of  aes/599cc939::soft[0]::fixslice[0]::inv_mix_columns_0[0] ...
Branching on 1 override variants of aes/599cc939::soft[0]::fixslice[0]::inv_mix_columns_0[0] ...
Applied override! aes/599cc939::soft[0]::fixslice[0]::inv_mix_columns_0[0]
Matching 1 overrides of  aes/599cc939::soft[0]::fixslice[0]::inv_sub_bytes[0] ...
Branching on 1 override variants of aes/599cc939::soft[0]::fixslice[0]::inv_sub_bytes[0] ...
Applied override! aes/599cc939::soft[0]::fixslice[0]::inv_sub_bytes[0]
Matching 15 overrides of  aes/599cc939::soft[0]::fixslice[0]::add_round_key[0] ...
Branching on 1 override variants of aes/599cc939::soft[0]::fixslice[0]::add_round_key[0] ...
Applied override! aes/599cc939::soft[0]::fixslice[0]::add_round_key[0]
Matching 1 overrides of  aes/599cc939::soft[0]::fixslice[0]::inv_mix_columns_3[0] ...
Branching on 1 override variants of aes/599cc939::soft[0]::fixslice[0]::inv_mix_columns_3[0] ...
Applied override! aes/599cc939::soft[0]::fixslice[0]::inv_mix_columns_3[0]
Matching 1 overrides of  aes/599cc939::soft[0]::fixslice[0]::inv_sub_bytes[0] ...
Branching on 1 override variants of aes/599cc939::soft[0]::fixslice[0]::inv_sub_bytes[0] ...
Applied override! aes/599cc939::soft[0]::fixslice[0]::inv_sub_bytes[0]
Matching 15 overrides of  aes/599cc939::soft[0]::fixslice[0]::add_round_key[0] ...
Branching on 1 override variants of aes/599cc939::soft[0]::fixslice[0]::add_round_key[0] ...
Applied override! aes/599cc939::soft[0]::fixslice[0]::add_round_key[0]
Matching 1 overrides of  aes/599cc939::soft[0]::fixslice[0]::inv_mix_columns_2[0] ...
Branching on 1 override variants of aes/599cc939::soft[0]::fixslice[0]::inv_mix_columns_2[0] ...
Applied override! aes/599cc939::soft[0]::fixslice[0]::inv_mix_columns_2[0]
Matching 1 overrides of  aes/599cc939::soft[0]::fixslice[0]::inv_sub_bytes[0] ...
Branching on 1 override variants of aes/599cc939::soft[0]::fixslice[0]::inv_sub_bytes[0] ...
Applied override! aes/599cc939::soft[0]::fixslice[0]::inv_sub_bytes[0]
Matching 15 overrides of  aes/599cc939::soft[0]::fixslice[0]::add_round_key[0] ...
Branching on 1 override variants of aes/599cc939::soft[0]::fixslice[0]::add_round_key[0] ...
Applied override! aes/599cc939::soft[0]::fixslice[0]::add_round_key[0]
Matching 1 overrides of  aes/599cc939::soft[0]::fixslice[0]::inv_mix_columns_1[0] ...
Branching on 1 override variants of aes/599cc939::soft[0]::fixslice[0]::inv_mix_columns_1[0] ...
Applied override! aes/599cc939::soft[0]::fixslice[0]::inv_mix_columns_1[0]
Matching 1 overrides of  aes/599cc939::soft[0]::fixslice[0]::inv_sub_bytes[0] ...
Branching on 1 override variants of aes/599cc939::soft[0]::fixslice[0]::inv_sub_bytes[0] ...
Applied override! aes/599cc939::soft[0]::fixslice[0]::inv_sub_bytes[0]
Matching 15 overrides of  aes/599cc939::soft[0]::fixslice[0]::add_round_key[0] ...
Branching on 1 override variants of aes/599cc939::soft[0]::fixslice[0]::add_round_key[0] ...
Applied override! aes/599cc939::soft[0]::fixslice[0]::add_round_key[0]
Matching 1 overrides of  aes/599cc939::soft[0]::fixslice[0]::inv_bitslice[0] ...
Branching on 1 override variants of aes/599cc939::soft[0]::fixslice[0]::inv_bitslice[0] ...
Applied override! aes/599cc939::soft[0]::fixslice[0]::inv_bitslice[0]
Checking proof obligations aes/599cc939::soft[0]::fixslice[0]::aes256_decrypt[0] ...
Starting RME
Starting RME
Starting RME
Starting RME
Proof succeeded! aes/599cc939::soft[0]::fixslice[0]::aes256_decrypt[0]
Verifying aes_verif/66fcd9c3::toplevel_encrypt_block_256[0] ...
Simulating aes_verif/66fcd9c3::toplevel_encrypt_block_256[0] ...
Matching 1 overrides of  aes/599cc939::soft[0]::fixslice[0]::aes256_key_schedule[0] ...
Branching on 1 override variants of aes/599cc939::soft[0]::fixslice[0]::aes256_key_schedule[0] ...
Applied override! aes/599cc939::soft[0]::fixslice[0]::aes256_key_schedule[0]
Matching 1 overrides of  aes/599cc939::soft[0]::fixslice[0]::aes256_encrypt[0] ...
Branching on 1 override variants of aes/599cc939::soft[0]::fixslice[0]::aes256_encrypt[0] ...
Applied override! aes/599cc939::soft[0]::fixslice[0]::aes256_encrypt[0]
Checking proof obligations aes_verif/66fcd9c3::toplevel_encrypt_block_256[0] ...
Proof succeeded! aes_verif/66fcd9c3::toplevel_encrypt_block_256[0]
RB02-SAW PROVEN toplevel_encrypt_block_256
Verifying aes_verif/66fcd9c3::toplevel_decrypt_block_256[0] ...
Simulating aes_verif/66fcd9c3::toplevel_decrypt_block_256[0] ...
Matching 1 overrides of  aes/599cc939::soft[0]::fixslice[0]::aes256_key_schedule[0] ...
Branching on 1 override variants of aes/599cc939::soft[0]::fixslice[0]::aes256_key_schedule[0] ...
Applied override! aes/599cc939::soft[0]::fixslice[0]::aes256_key_schedule[0]
Matching 1 overrides of  aes/599cc939::soft[0]::fixslice[0]::aes256_decrypt[0] ...
Branching on 1 override variants of aes/599cc939::soft[0]::fixslice[0]::aes256_decrypt[0] ...
Applied override! aes/599cc939::soft[0]::fixslice[0]::aes256_decrypt[0]
Checking proof obligations aes_verif/66fcd9c3::toplevel_decrypt_block_256[0] ...
Proof succeeded! aes_verif/66fcd9c3::toplevel_decrypt_block_256[0]
RB02-SAW PROVEN toplevel_decrypt_block_256
Verifying aes_verif/66fcd9c3::rb02_teeth[0]::teeth_encrypt_block_256[0] ...
Simulating aes_verif/66fcd9c3::rb02_teeth[0]::teeth_encrypt_block_256[0] ...
Matching 1 overrides of  aes/599cc939::soft[0]::fixslice[0]::aes256_key_schedule[0] ...
Branching on 1 override variants of aes/599cc939::soft[0]::fixslice[0]::aes256_key_schedule[0] ...
Applied override! aes/599cc939::soft[0]::fixslice[0]::aes256_key_schedule[0]
Matching 1 overrides of  aes/599cc939::soft[0]::fixslice[0]::aes256_encrypt[0] ...
Branching on 1 override variants of aes/599cc939::soft[0]::fixslice[0]::aes256_encrypt[0] ...
Applied override! aes/599cc939::soft[0]::fixslice[0]::aes256_encrypt[0]
Checking proof obligations aes_verif/66fcd9c3::rb02_teeth[0]::teeth_encrypt_block_256[0] ...
Subgoal failed: aes_verif/66fcd9c3::rb02_teeth[0]::teeth_encrypt_block_256[0] Literal equality postcondition
Expected term: 
AesVerif::Aes256::toplevel_encrypt_block key`7234 block`7235
Actual term:
let { _x`1 = Vec 8 Bool;
      _x`2 = seq (TCNum 8) Bool;
      _x`3 = seq (TCNum 16) _x`2;
      _x`4 = bvNat 8 0;
      _x`5 = [ _x`4
      , _x`4
      , _x`4
      , _x`4
      , _x`4
      , _x`4
      , _x`4
      , _x`4
      , _x`4
      , _x`4
      , _x`4
      , _x`4
      , _x`4
      , _x`4
      , _x`4
      , _x`4 ];
      _x`6 = at 4 _x`3
               (AesVerif::Aes256::aes_encrypt
                  (AesVerif::KeySchedule256::key_schedule key`7234)
                  [block`7235, _x`5, _x`5, _x`5])
               0;
      _x`7 = at 16 _x`2 _x`6 0;
    }
 in [ ite _x`1 (bvEq 8 (bvNat 8 165) (at 32 _x`2 key`7234 0))
        (ite _x`1 (bvEq 8 (bvNat 8 90) (at 16 _x`2 block`7235 15))
           (bvXor 8 (bvNat 8 1) _x`7)
           _x`7)
        _x`7
    , at 16 _x`2 _x`6 1
    , at 16 _x`2 _x`6 2
    , at 16 _x`2 _x`6 3
    , at 16 _x`2 _x`6 4
    , at 16 _x`2 _x`6 5
    , at 16 _x`2 _x`6 6
    , at 16 _x`2 _x`6 7
    , at 16 _x`2 _x`6 8
    , at 16 _x`2 _x`6 9
    , at 16 _x`2 _x`6 10
    , at 16 _x`2 _x`6 11
    , at 16 _x`2 _x`6 12
    , at 16 _x`2 _x`6 13
    , at 16 _x`2 _x`6 14
    , at 16 _x`2 _x`6 15 ]

Goal size 142. Provers used: W4 ->z3
----------Counterexample----------
  key: [165,
 0,
 0,
 0,
 0,
 0,
 0,
 0,
 0,
 0,
 0,
 0,
 0,
 0,
 0,
 0,
 0,
 0,
 0,
 0,
 0,
 0,
 0,
 0,
 0,
 0,
 0,
 0,
 0,
 0,
 0,
 0]
  block: [0, 0, 0, 0, 0, 0, 0, 0, 0, 0, 0, 0, 0, 0, 0, 90]
----------------------------------
== Anticipated failure message ==
Stack trace:
   (builtin) in w4_unint_z3
   rb02-aes256.saw:53:51-53:89 in (callback)
   (builtin) in mir_verify
   rb02-aes256.saw:52:8-53:89 in (callback)
   (builtin) in fails
   rb02-aes256.saw:52:1-53:89 (at top level)
Proof failed.

RB02-SAW-TEETH REFUTED teeth_encrypt_block_256
Verifying aes_verif/66fcd9c3::toplevel_encrypt_block_256[0] ...
Simulating aes_verif/66fcd9c3::toplevel_encrypt_block_256[0] ...
Matching 1 overrides of  aes/599cc939::soft[0]::fixslice[0]::aes256_key_schedule[0] ...
Branching on 1 override variants of aes/599cc939::soft[0]::fixslice[0]::aes256_key_schedule[0] ...
Applied override! aes/599cc939::soft[0]::fixslice[0]::aes256_key_schedule[0]
Matching 1 overrides of  aes/599cc939::soft[0]::fixslice[0]::aes256_encrypt[0] ...
Branching on 1 override variants of aes/599cc939::soft[0]::fixslice[0]::aes256_encrypt[0] ...
Applied override! aes/599cc939::soft[0]::fixslice[0]::aes256_encrypt[0]
Checking proof obligations aes_verif/66fcd9c3::toplevel_encrypt_block_256[0] ...
Subgoal failed: aes_verif/66fcd9c3::toplevel_encrypt_block_256[0] Literal equality postcondition
Expected term: 
let { _x`1 = TCNum 1;
      _x`2 = TCNum 8;
      _x`3 = seq _x`2 Bool;
      _x`4 = PFin_TCNum 1;
      _x`5 = TCNum 16;
      _x`6 = TCNum 15;
    }
 in (\(k : seq (TCNum 32) _x`3) ->
       \(b : seq _x`5 _x`3) ->
         let { _x`7 = AesVerif::Aes256::toplevel_encrypt_block k b;
             }
          in ecCat _x`1 _x`6 _x`3 _x`4
               [ ecXor _x`3 (PLogicSeqBool _x`2)
                   (ecAt _x`5 _x`3 Integer PIntegralInteger _x`7
                      (ecNumber (TCNum 0) Integer PLiteralInteger))
                   (ecNumber _x`1 _x`3 (PLiteralSeqBool _x`2)) ]
               (ecDrop _x`1 _x`6 _x`3 _x`4 _x`7))
      key`7238
      block`7239
Actual term:
let { _x`1 = seq (TCNum 16) (seq (TCNum 8) Bool);
      _x`2 = bvNat 8 0;
      _x`3 = [ _x`2
      , _x`2
      , _x`2
      , _x`2
      , _x`2
      , _x`2
      , _x`2
      , _x`2
      , _x`2
      , _x`2
      , _x`2
      , _x`2
      , _x`2
      , _x`2
      , _x`2
      , _x`2 ];
    }
 in at 4 _x`1
      (AesVerif::Aes256::aes_encrypt
         (AesVerif::KeySchedule256::key_schedule key`7238)
         [block`7239, _x`3, _x`3, _x`3])
      0

Goal size 120. Provers used: W4 ->z3
----------Counterexample----------
  key: [0,
 0,
 0,
 0,
 0,
 0,
 0,
 0,
 0,
 0,
 0,
 0,
 0,
 0,
 0,
 0,
 0,
 0,
 0,
 0,
 0,
 0,
 0,
 0,
 0,
 0,
 0,
 0,
 0,
 0,
 0,
 0]
  block: [0, 0, 0, 0, 0, 0, 0, 0, 0, 0, 0, 0, 0, 0, 0, 0]
----------------------------------
== Anticipated failure message ==
Stack trace:
   (builtin) in w4_unint_z3
   rb02-aes256.saw:60:4-60:42 in (callback)
   (builtin) in mir_verify
   rb02-aes256.saw:58:8-60:42 in (callback)
   (builtin) in fails
   rb02-aes256.saw:58:1-60:42 (at top level)
Proof failed.

RB02-SAW-TEETH REFUTED false-spec-flipped-bit
