Loading file "rb02-teeth-sbox.saw"
Verifying aes/599cc939::soft[0]::fixslice[0]::sub_bytes[0] ...
Simulating aes/599cc939::soft[0]::fixslice[0]::sub_bytes[0] ...
Checking proof obligations aes/599cc939::soft[0]::fixslice[0]::sub_bytes[0] ...
Subgoal failed: aes/599cc939::soft[0]::fixslice[0]::sub_bytes[0] Literal equality postcondition
Expected term: 
shift_rows_2 state_init
Actual term:
let { _x`1 = seq (TCNum 64) Bool;
      _x`2 = at 8 _x`1 state_init 0;
      _x`3 = at 8 _x`1 state_init 1;
      _x`4 = at 8 _x`1 state_init 2;
      _x`5 = at 8 _x`1 state_init 3;
      _x`6 = at 8 _x`1 state_init 4;
      _x`7 = at 8 _x`1 state_init 5;
      _x`8 = at 8 _x`1 state_init 6;
      _x`9 = at 8 _x`1 state_init 7;
      _x`10 = bvXor 64 _x`2 _x`3;
      _x`11 = bvXor 64 _x`10 _x`4;
      _x`12 = bvXor 64 (bvXor 64 _x`11 _x`5) _x`8;
      _x`13 = bvXor 64 _x`3 _x`4;
      _x`14 = bvXor 64 (bvXor 64 _x`13 _x`6) _x`9;
      _x`15 = bvXor 64 (bvXor 64 _x`3 _x`5) _x`6;
      _x`16 = bvXor 64 _x`15 _x`9;
      _x`17 = bvAnd 64 _x`14 _x`16;
      _x`18 = bvXor 64 _x`6 _x`9;
      _x`19 = bvXor 64 _x`13 _x`5;
      _x`20 = bvXor 64 _x`19 _x`8;
      _x`21 = bvAnd 64 _x`18 _x`20;
      _x`22 = bvXor 64 _x`17 _x`21;
      _x`23 = bvXor 64 _x`4 _x`9;
      _x`24 = bvXor 64 (bvXor 64 (bvXor 64 _x`15 _x`7) _x`8) _x`9;
      _x`25 = bvAnd 64 _x`23 _x`24;
      _x`26 = bvXor 64 (bvXor 64 (bvXor 64 _x`2 _x`6) _x`7) _x`8;
      _x`27 = bvAnd 64 _x`26 _x`2;
      _x`28 = bvXor 64 (bvXor 64 _x`22 _x`25) _x`27;
      _x`29 = bvXor 64 _x`3 _x`9;
      _x`30 = bvXor 64 _x`19 _x`7;
      _x`31 = bvAnd 64 _x`29 _x`30;
      _x`32 = bvXor 64 (bvXor 64 _x`2 _x`7) _x`8;
      _x`33 = bvXor 64 _x`32 _x`9;
      _x`34 = bvAnd 64 _x`12 _x`33;
      _x`35 = bvXor 64 (bvXor 64 (bvXor 64 _x`21 _x`25) _x`31) _x`34;
      _x`36 = bvXor 64 _x`4 _x`6;
      _x`37 = bvXor 64 (bvXor 64 _x`36 _x`7) _x`9;
      _x`38 = bvAnd 64 _x`36 _x`37;
      _x`39 = bvXor 64 (bvXor 64 _x`10 _x`7) _x`8;
      _x`40 = bvAnd 64 _x`32 _x`39;
      _x`41 = bvXor 64 (bvXor 64 (bvXor 64 _x`21 _x`38) _x`31) _x`40;
      _x`42 = bvXor 64 (bvXor 64 (bvXor 64 _x`10 _x`5) _x`6) _x`9;
      _x`43 = bvXor 64 (bvXor 64 (bvXor 64 _x`11 _x`7) _x`8) _x`9;
      _x`44 = bvAnd 64 _x`42 _x`43;
      _x`45 = bvXor 64 (bvXor 64 _x`22 _x`38) _x`44;
      _x`46 = bvAnd 64
                (bvXor 64 (bvXor 64 (bvXor 64 (bvXor 64 _x`41 _x`4) _x`5) _x`7)
                   _x`9)
                (bvXor 64
                   (bvXor 64
                      (bvXor 64 (bvXor 64 (bvXor 64 (bvXor 64 _x`45 _x`3) _x`4) _x`5)
                         _x`6)
                      _x`8)
                   _x`9);
      _x`47 = bvXor 64 _x`35 _x`46;
      _x`48 = bvXor 64 _x`38 _x`25;
      _x`49 = bvXor 64 (bvXor 64 _x`48 _x`27) _x`44;
      _x`50 = bvAnd 64
                (bvXor 64
                   (bvXor 64 (bvXor 64 (bvXor 64 (bvXor 64 _x`47 _x`3) _x`4) _x`5)
                      _x`7)
                   _x`9)
                (bvXor 64 (bvXor 64 _x`49 _x`7) _x`9);
      _x`51 = bvXor 64
                (bvXor 64
                   (bvXor 64
                      (bvXor 64 (bvXor 64 (bvXor 64 (bvXor 64 _x`28 _x`50) _x`3) _x`4)
                         _x`5)
                      _x`6)
                   _x`7)
                _x`8;
      _x`52 = bvAnd 64 _x`12 _x`51;
      _x`53 = bvXor 64 (bvXor 64 _x`48 _x`34) _x`40;
      _x`54 = bvAnd 64
                (bvXor 64
                   (bvXor 64
                      (bvXor 64
                         (bvXor 64 (bvXor 64 (bvXor 64 (bvXor 64 _x`28 _x`46) _x`3) _x`4)
                            _x`5)
                         _x`6)
                      _x`7)
                   _x`8)
                (bvXor 64 _x`53 _x`3);
      _x`55 = bvAnd 64
                (bvXor 64
                   (bvXor 64 (bvXor 64 (bvXor 64 (bvXor 64 _x`35 _x`3) _x`4) _x`5)
                      _x`7)
                   _x`9)
                (bvXor 64 _x`46 _x`54);
      _x`56 = bvAnd 64 _x`51
                (bvXor 64
                   (bvXor 64
                      (bvXor 64 (bvXor 64 (bvXor 64 (bvXor 64 _x`47 _x`55) _x`3) _x`4)
                         _x`5)
                      _x`7)
                   _x`9);
      _x`57 = bvXor 64
                (bvXor 64
                   (bvXor 64
                      (bvXor 64
                         (bvXor 64
                            (bvXor 64 (bvXor 64 (bvXor 64 _x`45 _x`50) _x`56) _x`3)
                            _x`4)
                         _x`5)
                      _x`6)
                   _x`8)
                _x`9;
      _x`58 = bvAnd 64 _x`30 _x`57;
      _x`59 = bvAnd 64 _x`29 _x`57;
      _x`60 = bvXor 64 (bvXor 64 (bvXor 64 _x`49 _x`56) _x`7) _x`9;
      _x`61 = bvAnd 64 _x`39 _x`60;
      _x`62 = bvXor 64
                (bvXor 64 (bvXor 64 (bvXor 64 (bvXor 64 _x`41 _x`55) _x`4) _x`5)
                   _x`7)
                _x`9;
      _x`63 = bvAnd 64 _x`16 _x`62;
      _x`64 = bvXor 64 _x`17 _x`31;
      _x`65 = bvXor 64
                (bvXor 64
                   (bvXor 64
                      (bvXor 64
                         (bvXor 64
                            (bvXor 64
                               (bvXor 64 (bvXor 64 (... ... _x`64 _x`40) _x`44) _x`50)
                               _x`55)
                            _x`56)
                         _x`3)
                      _x`6)
                   _x`7)
                _x`8;
      _x`66 = bvAnd 64 _x`36 _x`65;
      _x`67 = bvXor 64
                (bvXor 64
                   (bvXor 64
                      (bvXor 64
                         (bvXor 64 (bvXor 64 (bvXor 64 _x`64 _x`27) _x`34) _x`50)
                         _x`54)
                      _x`6)
                   _x`8)
                _x`9;
      _x`68 = bvAnd 64 _x`18 _x`67;
      _x`69 = bvXor 64
                (bvXor 64
                   (bvXor 64 (bvXor 64 (bvXor 64 (bvXor 64 _x`35 _x`54) _x`3) _x`4)
                      _x`5)
                   _x`7)
                _x`9;
      _x`70 = bvAnd 64 _x`69 _x`2;
      _x`71 = bvAnd 64 _x`32 _x`60;
      _x`72 = bvXor 64
                (bvXor 64
                   (bvXor 64
                      (bvXor 64
                         (bvXor 64
                            (bvXor 64
                               (bvXor 64 (bvXor 64 (... ... _x`27 _x`34) _x`40) _x`44)
                               _x`54)
                            _x`55)
                         _x`56)
                      _x`3)
                   _x`7)
                _x`9;
      _x`73 = bvAnd 64 _x`24 _x`72;
      _x`74 = bvAnd 64 _x`37 _x`65;
      _x`75 = bvAnd 64 _x`33 _x`51;
      _x`76 = bvXor 64 (bvXor 64 (bvXor 64 _x`53 _x`54) _x`55) _x`3;
      _x`77 = bvAnd 64 _x`43 _x`76;
      _x`78 = bvAnd 64 _x`14 _x`62;
      _x`79 = bvAnd 64 _x`42 _x`76;
      _x`80 = bvXor 64 _x`58 _x`71;
      _x`81 = bvAnd 64 _x`20 _x`67;
    }
 in [ bvXor 64
        (bvXor 64
           (bvXor 64
              (bvXor 64
                 (bvXor 64 (bvXor 64 (bvXor 64 _x`52 _x`58) _x`59) _x`61)
                 _x`63)
              _x`66)
           _x`68)
        _x`70
    , bvXor 64
        (bvXor 64
           (bvXor 64
              (bvXor 64
                 (bvXor 64 (bvXor 64 (bvXor 64 _x`52 _x`59) _x`61) _x`71)
                 _x`73)
              _x`74)
           _x`66)
        _x`68
    , bvXor 64
        (bvXor 64
           (bvXor 64
              (bvXor 64
                 (bvXor 64
                    (bvXor 64 (bvXor 64 (bvXor 64 (... ... _x`71) _x`73) _x`63)
                       _x`77)
                    (bvAnd 64 _x`26 _x`69))
                 _x`74)
              _x`66)
           _x`68)
        _x`70
    , bvXor 64
        (bvXor 64
           (bvXor 64
              (bvXor 64
                 (bvXor 64 (bvXor 64 (bvXor 64 _x`52 _x`71) _x`78) _x`77)
                 _x`79)
              _x`66)
           _x`68)
        _x`70
    , bvXor 64
        (bvXor 64
           (bvXor 64
              (bvXor 64 (bvXor 64 (bvXor 64 _x`80 _x`63) _x`78) _x`77)
              _x`79)
           _x`66)
        _x`68
    , bvXor 64
        (bvXor 64
           (bvXor 64
              (bvXor 64
                 (bvXor 64 (bvXor 64 (bvXor 64 _x`75 _x`59) _x`73)
                    (bvAnd 64 _x`23 _x`72))
                 _x`63)
              _x`81)
           _x`68)
        _x`70
    , bvXor 64
        (bvXor 64
           (bvXor 64
              (bvXor 64
                 (bvXor 64 (bvXor 64 (bvXor 64 _x`63 _x`78) _x`77) _x`79)
                 _x`74)
              _x`66)
           _x`81)
        _x`68
    , bvXor 64
        (bvXor 64
           (bvXor 64
              (bvXor 64 (bvXor 64 (bvXor 64 _x`80 _x`78) _x`77) _x`74)
              _x`66)
           _x`81)
        _x`68 ]

Goal size 512. Provers used: SBV->Z3
----------Counterexample----------
  state_init: [17072720889912909541,
 7856952438172756053,
 2498534724044337100,
 8011028559513654085,
 9358184974273078831,
 10588937742710248854,
 7670337391120218679,
 12417087750137304503]
----------------------------------
== Anticipated failure message ==
Stack trace:
   (builtin) in z3
   rb02-teeth-sbox.saw:33:56-33:58 in (callback)
   (builtin) in mir_verify
   rb02-teeth-sbox.saw:32:8-33:58 in (callback)
   (builtin) in fails
   rb02-teeth-sbox.saw:32:1-33:58 (at top level)
Proof failed.

RB02-SAW-TEETH REFUTED sub_bytes-as-shift_rows_2
