✔ personal videos: save, name, deduplicate across reloads and tabs, then remove (2300.906ms)
✔ personal videos: actual playback is recorded; replay works; removal survives resume (1804.1913ms)
✔ personal videos: blocked and unreadable storage never claim a successful save (1147.9403ms)
# slow: rule plays at >= 759 KiB of 1160; page played at 784 KiB; countdown 9 8 7 6 5 4 3 2 1 (said ~9 s, took 8.9 s)
# slow: longest stop after start 0 ms; reached 9.73 s of 10.00 s
✔ slow door (0.5x bitrate): an honest countdown, no play before the computed threshold, then no freeze (24689.6167ms)
# slow: rule plays at >= 759 KiB of 1160; page played at 800 KiB; countdown 12 11 10 9 8 7 6 5 4 3 2 1 (said ~12 s, took 9.2 s)
# slow: longest stop after start 158 ms; reached 9.78 s of 10.00 s
✔ slow door (0.5x bitrate): an honest countdown, no play before the computed threshold, then no freeze with one-second preview work (26083.3933ms)
# fast: page played at 288 KiB of 1160
# progressive handoffs: [{"covered":true,"pixel":true,"previousHeight":199.125,"height":199.125},{"covered":true,"pixel":true,"previousHeight":199.125,"height":199.125},{"covered":true,"pixel":true,"previousHeight":199.125,"height":199.125},{"covered":true,"pixel":true,"previousHeight":199.125,"height":199.125}]
✔ fast door (2x bitrate): plays early, long before the file is in; decodingInfo asked with the moov facts (12366.9847ms)
# drop: stopped at 0.76 s of video; row after 0 ms: "It starts by itself. The n…"
# drop: said ~12 s, resumed after 12.0 s
✔ door slows mid-play (2x then 0.4x): the Blob runs dry, the countdown returns at once, playback resumes by itself (24144.5544ms)
ℹ tests 7
ℹ suites 0
ℹ pass 7
ℹ fail 0
ℹ cancelled 0
ℹ skipped 0
ℹ todo 0
ℹ duration_ms 93250.893
