# direct chunk lanes: three boundary reads per file, Blob playback, no service worker, one connection across two addresses, readers closed, no relay
✔ direct: chunks read on their boundaries, real frames from a Blob, one connection, no relay (2247.7296ms)
✔ direct setup rejection automatically uses the existing relay (664.8003ms)
✔ a direct connection that never opens reaches the relay after the quiet limit (12843.0496ms)
✔ an open file whose chunks never arrive reaches the relay and cancels the stuck reads (46077.6759ms)
✔ large-file relay startup records a first-frame receipt when early preview is skipped (2573.3057ms)
✔ direct only: a failed direct start stops, records why, and never asks the relay (2104.4998ms)
✔ direct only: a clean run is labelled direct with no relay bytes (633.3689ms)
✔ relay only: every byte is labelled relay and no direct connection opens (622.5512ms)
✔ later chunks cannot postpone recovery from a missing playable head (2139.9271ms)
✔ head progress renews the next demand deadline and completes ordered delivery (1975.5604ms)
✔ ordered starvation on the fallback route asks the relay exactly once (1364.4627ms)
✔ retry-once: a settled failed head recovers without relay or duplicate bytes (887.2563ms)
✔ retry-short: a settled failed head recovers without relay or duplicate bytes (877.1283ms)
✔ retry exhaustion is bounded on direct-only (1774.7025ms)
✔ retry exhaustion is bounded on direct (1836.2544ms)
✔ cancelling during backoff launches no retry and late reads cannot change its receipt (2717.1127ms)
# 52 chunks: 54 attempts, two settled failures, same-byte SHA-256, <=3 reads, no duplicate in-flight range
✔ 52-chunk transfer recovers chunk 16 twice, preserves order and verifies every byte (3318.4865ms)
✔ a widespread failure cannot exceed the twelve-retry transfer budget (1685.8891ms)
✔ personal videos: save, name, deduplicate across reloads and tabs, then remove (2001.1088ms)
✔ personal videos: actual playback is recorded; replay works; removal survives resume (1640.4762ms)
✔ personal videos: blocked and unreadable storage never claim a successful save (1281.1871ms)
✔ antd 0.12.0 door: stub /stream aborts fast, envelope plays, full decode still finishes (2596.3732ms)
✔ upgraded door (antd >= 0.12.1): honest /stream plays as progressive Blob; envelope never fetched (1922.6927ms)
✔ progressive envelope: first frame before the JSON body finishes (12043.9883ms)
✔ honest /stream binary progressive: first frame before the body finishes (9602.1004ms)
✔ door down, not a video, error envelope: the honest failure row and no page errors (2046.4628ms)
✔ a bad address requests nothing (637.7479ms)
✔ a new address cancels the old download; only the new one plays (6739.6212ms)
✔ the real door reply shape: no Content-Length, the bar says busy (never a frozen 0) and the Blob still plays (2872.1089ms)
✔ cypherpunk sheet: honest path/size fields only — no invented Autonomi network stats (802.3441ms)
# slow: rule plays at >= 759 KiB of 1160; page played at 784 KiB; countdown 10 9 8 7 6 5 4 3 2 1 (said ~10 s, took 8.7 s)
# slow: longest stop after start 156 ms; reached 9.74 s of 10.00 s
✔ slow door (0.5x bitrate): an honest countdown, no play before the computed threshold, then no freeze (24869.1055ms)
# slow: rule plays at >= 759 KiB of 1160; page played at 800 KiB; countdown 12 11 10 9 8 7 6 5 4 3 2 1 (said ~12 s, took 9.0 s)
# slow: longest stop after start 156 ms; reached 9.77 s of 10.00 s
✔ slow door (0.5x bitrate): an honest countdown, no play before the computed threshold, then no freeze with one-second preview work (25708.634ms)
# fast: page played at 304 KiB of 1160
# progressive handoffs: [{"covered":true,"pixel":true,"previousHeight":199.125,"height":199.125},{"covered":true,"pixel":true,"previousHeight":199.125,"height":199.125},{"covered":true,"pixel":true,"previousHeight":199.125,"height":199.125},{"covered":true,"pixel":true,"previousHeight":199.125,"height":199.125}]
✔ fast door (2x bitrate): plays early, long before the file is in; decodingInfo asked with the moov facts (12342.2805ms)
✔ decodingInfo says smooth=false: the plain warning row shows while the file is still arriving; playback is not blocked (4375.5913ms)
# drop: stopped at 0.76 s of video; row after 0 ms: "It starts by itself. The n…"
# drop: said ~12 s, resumed after 11.9 s
✔ door slows mid-play (2x then 0.4x): the Blob runs dry, the countdown returns at once, playback resumes by itself (24050.1545ms)
# bee: bg rgb(251, 247, 240) · button "watch" r=999px · stage 354px · art false · instrument panes 0
# raver: bg rgb(18, 14, 30) · button "▶
play" r=999px · stage 390px · art true · instrument panes 0
# cypherpunk: bg rgb(6, 17, 12) · button "fetch" r=6px · stage 354px · art false · instrument panes 4
✔ three registers are three authored experiences at 390 px, and none repeats the address (18644.6083ms)
✔ raver motion is optional: one tap pauses it, the choice is remembered estate-wide (589.5813ms)
✔ poster gain does not erase long-clip stall regression or invent warm results (1.3974ms)
✔ zero baseline is not an infinite percentage or a missing value (1.6964ms)
✔ bad inputs and misleading provenance fail closed (1.0268ms)
✔ capture preserves unknowns, distinguishes cache, bounds samples and excludes sensitive fields (54.8858ms)
ℹ tests 41
ℹ suites 0
ℹ pass 41
ℹ fail 0
ℹ cancelled 0
ℹ skipped 0
ℹ todo 0
ℹ duration_ms 243186.8141
