   Compiling version_check v0.9.5
   Compiling typenum v1.20.1
   Compiling cfg-if v1.0.4
   Compiling cpufeatures v0.2.17
   Compiling generic-array v0.14.7 (https://github.com/RyanGlScott/generic-array.git?branch=backport-hybrid-arrays-to-generic-array-0.14.7#e003fa75)
   Compiling crypto-common v0.1.7
   Compiling block-buffer v0.10.4 (https://github.com/RyanGlScott/utils.git?branch=crucible-mir-patches#7e594dcb)
   Compiling inout v0.1.4
   Compiling cipher v0.4.4
   Compiling digest v0.10.7
   Compiling sha1 v0.10.6 (https://github.com/RyanGlScott/hashes.git?branch=crucible-mir-patches#508540f1)
   Compiling sha2 v0.10.9 (https://github.com/RyanGlScott/hashes.git?branch=crucible-mir-patches#508540f1)
   Compiling aes v0.8.4 (https://github.com/RyanGlScott/block-ciphers.git?branch=backport-hybrid-arrays-to-aes-0.8.4#13b158c9)
   Compiling sha1-verif v0.1.0 (/home/runner/work/_temp/rb-work/rustcrypto-verification/sha1-verif)
   Compiling sha2-verif v0.1.0 (/home/runner/work/_temp/rb-work/rustcrypto-verification/sha2-verif)
Linking 27 mir files into /home/runner/work/_temp/rb-work/rcv-target-teeth/x86_64-unknown-linux-gnu/debug/deps/sha1_verif-4e9f79ef9d3d7b31.linked-mir.json
   Compiling aes-verif v0.1.0 (/home/runner/work/_temp/rb-work/rustcrypto-verification/aes-verif)
Linking 27 mir files into /home/runner/work/_temp/rb-work/rcv-target-teeth/x86_64-unknown-linux-gnu/debug/deps/aes_verif-5fcc1112178b35b3.linked-mir.json
Linking 27 mir files into /home/runner/work/_temp/rb-work/rcv-target-teeth/x86_64-unknown-linux-gnu/debug/deps/sha2_verif-5f7617c1f31d940c.linked-mir.json
    Finished `test` profile [unoptimized + debuginfo] target(s) in 2.34s
  Executable unittests src/lib.rs (/home/runner/work/_temp/rb-work/rcv-target-teeth/x86_64-unknown-linux-gnu/debug/deps/aes_verif-5fcc1112178b35b3)
  Executable unittests src/lib.rs (/home/runner/work/_temp/rb-work/rcv-target-teeth/x86_64-unknown-linux-gnu/debug/deps/sha1_verif-4e9f79ef9d3d7b31)
  Executable unittests src/lib.rs (/home/runner/work/_temp/rb-work/rcv-target-teeth/x86_64-unknown-linux-gnu/debug/deps/sha2_verif-5f7617c1f31d940c)
