   Compiling libc v0.2.189
   Compiling proc-macro2 v1.0.107
   Compiling unicode-ident v1.0.26
   Compiling quote v1.0.47
   Compiling cfg-if v1.0.5
   Compiling serde_core v1.0.229
   Compiling serde v1.0.229
   Compiling find-msvc-tools v0.1.14
   Compiling shlex v2.0.1
   Compiling rand_core v0.10.1
   Compiling getrandom v0.4.3
   Compiling subtle v2.6.1
   Compiling typenum v1.20.1
   Compiling cpufeatures v0.3.1
   Compiling pkg-config v0.3.34
   Compiling zmij v1.0.23
   Compiling serde_json v1.0.151
   Compiling autocfg v1.5.1
   Compiling itoa v1.0.18
   Compiling zstd-safe v8.0.0
   Compiling num-traits v0.2.19
   Compiling syn v3.0.6
   Compiling cpubits v0.1.1
   Compiling memchr v2.8.3
   Compiling prettyplease v0.3.0
   Compiling chacha20 v0.10.2
   Compiling syn v2.0.119
   Compiling cmov v0.5.4
   Compiling jobserver v0.1.35
   Compiling ctutils v0.4.2
   Compiling cc v1.5.1
   Compiling rand v0.10.3
   Compiling swanky-error v0.6.0 (~/rb01-upstream/build/core/error)
   Compiling semver v1.0.28
   Compiling rustc_version v0.4.1
   Compiling crossbeam-utils v0.8.23
   Compiling const-oid v0.10.2
   Compiling curve25519-dalek v5.0.0
   Compiling zeroize v1.9.0
   Compiling zerocopy v0.8.59
   Compiling either v1.18.0
   Compiling getrandom v0.3.4
   Compiling swanky-adversary v0.6.0 (~/rb01-upstream/build/core/adversary)
   Compiling crossbeam-epoch v0.9.21
   Compiling arrayvec v0.7.8
   Compiling constant_time_eq v0.4.2
   Compiling crossbeam-queue v0.3.14
   Compiling rustix v1.1.5
   Compiling zstd-sys v2.1.0+zstd.1.5.7
   Compiling blake3 v1.8.7
   Compiling swanky-bit-matrix-transpose v0.6.0 (~/rb01-upstream/build/edge/bit-matrix-transpose)
   Compiling bumpalo v3.20.3
   Compiling crossbeam-deque v0.8.8
   Compiling keyed_arena v0.6.0 (~/rb01-upstream/build/edge/keyed_arena)
   Compiling rand_core v0.9.5
   Compiling rayon-core v1.13.0
   Compiling regex-syntax v0.8.11
   Compiling bitflags v2.13.2
   Compiling serde_derive v1.0.229
   Compiling bytemuck_derive v1.12.1
   Compiling linux-raw-sys v0.12.1
   Compiling alloca v0.4.0
   Compiling itertools v0.15.0
   Compiling fastrand v2.5.0
   Compiling plotters-backend v0.3.7
   Compiling curve25519-dalek-derive v0.1.1
   Compiling zerocopy-derive v0.8.59
   Compiling clap_lex v1.1.1
   Compiling anstyle v1.0.14
   Compiling bytemuck v1.25.2
   Compiling once_cell v1.21.4
   Compiling ciborium-io v0.2.2
   Compiling swanky-party v0.6.0 (~/rb01-upstream/build/core/party)
   Compiling clap_builder v4.6.7
   Compiling tempfile v3.27.0
   Compiling regex-automata v0.4.18
   Compiling plotters-svg v0.3.7
   Compiling itertools v0.13.0
   Compiling wait-timeout v0.2.1
   Compiling quick-xml v0.42.0
   Compiling bit-vec v0.8.0
   Compiling hybrid-array v0.4.15
   Compiling same-file v1.0.6
   Compiling quick-error v1.2.3
   Compiling fnv v1.0.7
   Compiling cast v0.3.0
   Compiling rusty-fork v0.3.1
   Compiling criterion-plot v0.8.2
   Compiling crypto-common v0.2.2
   Compiling block-buffer v0.12.1
   Compiling inout v0.2.2
   Compiling crypto-bigint v0.7.5
   Compiling walkdir v2.5.0
   Compiling bit-set v0.8.0
   Compiling tinytemplate v1.2.1
   Compiling clap v4.6.7
   Compiling regex v1.13.1
   Compiling cipher v0.5.2
   Compiling digest v0.11.3
   Compiling universal-hash v0.6.1
   Compiling aead v0.6.1
   Compiling polyval v0.7.3
   Compiling sha2 v0.11.0
   Compiling aes v0.9.3
   Compiling ghash v0.6.0
   Compiling ctr v0.10.1
   Compiling half v2.7.1
   Compiling ppv-lite86 v0.2.21
   Compiling rayon v1.12.0
   Compiling ciborium-ll v0.2.2
   Compiling ciborium v0.2.2
   Compiling aes-gcm v0.11.1
   Compiling rand_chacha v0.9.0
   Compiling plotters v0.3.7
   Compiling rand v0.9.5
   Compiling rand_xorshift v0.4.0
   Compiling page_size v0.6.0
   Compiling anes v0.1.6
   Compiling unarray v0.1.4
   Compiling oorandom v11.1.5
   Compiling proptest v1.11.0
   Compiling criterion v0.8.2
   Compiling zstd v0.14.0
   Compiling vectoreyes v0.6.0 (~/rb01-upstream/build/core/vectoreyes)
   Compiling swanky-serialization v0.6.0 (~/rb01-upstream/build/core/serialization)
   Compiling swanky-rng v0.6.0 (~/rb01-upstream/build/core/rng)
   Compiling swanky-block v0.6.0 (~/rb01-upstream/build/edge/block)
   Compiling swanky-cr-hash v0.6.0 (~/rb01-upstream/build/edge/cr-hash)
   Compiling swanky-channel v0.6.0 (~/rb01-upstream/build/core/channel)
   Compiling swanky-field v0.6.0 (~/rb01-upstream/build/edge/field)
   Compiling swanky-field-binary v0.6.0 (~/rb01-upstream/build/edge/field-binary)
   Compiling swanky-channel-legacy v0.6.0 (~/rb01-upstream/build/edge/channel-legacy)
   Compiling swanky-cointoss v0.6.0 (~/rb01-upstream/build/edge/cointoss)
   Compiling swanky-oprf-traits v0.6.0 (~/rb01-upstream/build/edge/oprf-traits)
   Compiling swanky-ot-traits v0.6.0 (~/rb01-upstream/build/edge/ot-traits)
   Compiling fancy-traits v0.6.0 (~/rb01-upstream/build/edge/fancy-traits)
   Compiling swanky-ot-chou-orlandi v0.6.0 (~/rb01-upstream/build/edge/ot-chou-orlandi)
   Compiling fancy-plaintext v0.6.0 (~/rb01-upstream/build/edge/fancy-plaintext)
   Compiling swanky-ot-alsz-kos v0.6.0 (~/rb01-upstream/build/edge/ot-alsz-kos)
   Compiling fancy-circuits v0.6.0 (~/rb01-upstream/build/edge/fancy-circuits)
   Compiling swanky-oprf-kkrt v0.6.0 (~/rb01-upstream/build/edge/oprf-kkrt)
   Compiling swanky-oprf-kmprt v0.6.0 (~/rb01-upstream/build/edge/oprf-kmprt)
   Compiling fancy-garbling v0.6.0 (~/rb01-upstream/build/edge/fancy-garbling)
   Compiling swanky-twopac v0.6.0 (~/rb01-upstream/build/edge/twopac)
   Compiling popsicle v0.6.0 (~/rb01-upstream/build/edge/popsicle)
    Finished `dev` profile [unoptimized + debuginfo] target(s) in 53.40s
EXIT=0
