curve25519-dalek v5.0.0
├── swanky-channel-legacy v0.6.0 (/home/runner/work/_temp/rb-work/swanky/edge/channel-legacy)
│   ├── popsicle v0.6.0 (/home/runner/work/_temp/rb-work/swanky/edge/popsicle)
│   ├── swanky-cointoss v0.6.0 (/home/runner/work/_temp/rb-work/swanky/edge/cointoss)
│   │   ├── popsicle v0.6.0 (/home/runner/work/_temp/rb-work/swanky/edge/popsicle)
│   │   ├── swanky-oprf-kkrt v0.6.0 (/home/runner/work/_temp/rb-work/swanky/edge/oprf-kkrt)
│   │   │   ├── popsicle v0.6.0 (/home/runner/work/_temp/rb-work/swanky/edge/popsicle)
│   │   │   └── swanky-oprf-kmprt v0.6.0 (/home/runner/work/_temp/rb-work/swanky/edge/oprf-kmprt)
│   │   │       └── popsicle v0.6.0 (/home/runner/work/_temp/rb-work/swanky/edge/popsicle)
│   │   └── swanky-ot-alsz-kos v0.6.0 (/home/runner/work/_temp/rb-work/swanky/edge/ot-alsz-kos)
│   │       ├── popsicle v0.6.0 (/home/runner/work/_temp/rb-work/swanky/edge/popsicle)
│   │       └── swanky-oprf-kkrt v0.6.0 (/home/runner/work/_temp/rb-work/swanky/edge/oprf-kkrt) (*)
│   ├── swanky-oprf-kkrt v0.6.0 (/home/runner/work/_temp/rb-work/swanky/edge/oprf-kkrt) (*)
│   ├── swanky-oprf-kmprt v0.6.0 (/home/runner/work/_temp/rb-work/swanky/edge/oprf-kmprt) (*)
│   ├── swanky-oprf-traits v0.6.0 (/home/runner/work/_temp/rb-work/swanky/edge/oprf-traits)
│   │   ├── popsicle v0.6.0 (/home/runner/work/_temp/rb-work/swanky/edge/popsicle)
│   │   ├── swanky-oprf-kkrt v0.6.0 (/home/runner/work/_temp/rb-work/swanky/edge/oprf-kkrt) (*)
│   │   └── swanky-oprf-kmprt v0.6.0 (/home/runner/work/_temp/rb-work/swanky/edge/oprf-kmprt) (*)
│   ├── swanky-ot-alsz-kos v0.6.0 (/home/runner/work/_temp/rb-work/swanky/edge/ot-alsz-kos) (*)
│   ├── swanky-ot-chou-orlandi v0.6.0 (/home/runner/work/_temp/rb-work/swanky/edge/ot-chou-orlandi)
│   │   └── swanky-ot-alsz-kos v0.6.0 (/home/runner/work/_temp/rb-work/swanky/edge/ot-alsz-kos) (*)
│   └── swanky-ot-traits v0.6.0 (/home/runner/work/_temp/rb-work/swanky/edge/ot-traits)
│       ├── swanky-oprf-kkrt v0.6.0 (/home/runner/work/_temp/rb-work/swanky/edge/oprf-kkrt) (*)
│       ├── swanky-ot-alsz-kos v0.6.0 (/home/runner/work/_temp/rb-work/swanky/edge/ot-alsz-kos) (*)
│       ├── swanky-ot-chou-orlandi v0.6.0 (/home/runner/work/_temp/rb-work/swanky/edge/ot-chou-orlandi) (*)
│       └── swanky-twopac v0.6.0 (/home/runner/work/_temp/rb-work/swanky/edge/twopac)
│           └── popsicle v0.6.0 (/home/runner/work/_temp/rb-work/swanky/edge/popsicle)
└── swanky-ot-chou-orlandi v0.6.0 (/home/runner/work/_temp/rb-work/swanky/edge/ot-chou-orlandi) (*)
